Component: ARM Compiler 5.06 update 6 (build 750) Tool: armlink [4d35ed]

==============================================================================

Section Cross References

    main.o(.text) refers to delay.o(.text) for delay_init
    main.o(.text) refers to misc.o(.text) for NVIC_PriorityGroupConfig
    main.o(.text) refers to malloc.o(.text) for my_mem_init
    main.o(.text) refers to usart.o(.text) for uart_init
    main.o(.text) refers to led.o(.text) for LED_Init
    main.o(.text) refers to spi.o(.text) for SPI2_Init
    main.o(.text) refers to rc522.o(.text) for MFRC522_Initializtion
    main.o(.text) refers to rfid_api.o(.text) for RC522_Read_Mess
    system_stm32f10x.o(.text) refers to system_stm32f10x.o(.data) for .data
    led.o(.text) refers to stm32f10x_rcc.o(.text) for RCC_APB2PeriphClockCmd
    led.o(.text) refers to stm32f10x_gpio.o(.text) for GPIO_Init
    key.o(.text) refers to stm32f10x_rcc.o(.text) for RCC_APB2PeriphClockCmd
    key.o(.text) refers to stm32f10x_gpio.o(.text) for GPIO_Init
    key.o(.text) refers to delay.o(.text) for delay_ms
    key.o(.text) refers to key.o(.data) for .data
    lcd.o(.text) refers to delay.o(.text) for delay_us
    lcd.o(.text) refers to lcd.o(.bss) for .bss
    lcd.o(.text) refers to dfltui.o(.text) for __aeabi_ui2d
    lcd.o(.text) refers to dmul.o(.text) for __aeabi_dmul
    lcd.o(.text) refers to dfixui.o(.text) for __aeabi_d2uiz
    lcd.o(.text) refers to lcd.o(.data) for .data
    lcd.o(.text) refers to stm32f10x_rcc.o(.text) for RCC_AHBPeriphClockCmd
    lcd.o(.text) refers to stm32f10x_gpio.o(.text) for GPIO_Init
    lcd.o(.text) refers to stm32f10x_fsmc.o(.text) for FSMC_NORSRAMInit
    lcd.o(.text) refers to printf5.o(i.__0printf$5) for __2printf
    lcd.o(.text) refers to lcd.o(.constdata) for .constdata
    spi.o(.text) refers to stm32f10x_spi.o(.text) for SPI_I2S_GetFlagStatus
    spi.o(.text) refers to stm32f10x_rcc.o(.text) for RCC_APB2PeriphClockCmd
    spi.o(.text) refers to stm32f10x_gpio.o(.text) for GPIO_Init
    w25qxx.o(.text) refers to spi.o(.text) for SPI2_ReadWriteByte
    w25qxx.o(.text) refers to stm32f10x_rcc.o(.text) for RCC_APB2PeriphClockCmd
    w25qxx.o(.text) refers to stm32f10x_gpio.o(.text) for GPIO_Init
    w25qxx.o(.text) refers to printf5.o(i.__0printf$5) for __2printf
    w25qxx.o(.text) refers to delay.o(.text) for delay_us
    w25qxx.o(.text) refers to w25qxx.o(.data) for .data
    w25qxx.o(.text) refers to w25qxx.o(.bss) for .bss
    rc522.o(.text) refers to spi.o(.text) for SPI_WriteByte
    rc522.o(.text) refers to delay.o(.text) for delay_ms
    rfid_api.o(.text) refers to rc522.o(.text) for PcdRequest
    rfid_api.o(.text) refers to lcd.o(.text) for LCD_ShowString
    rfid_api.o(.text) refers to stm32f10x_gpio.o(.text) for GPIO_ResetBits
    rfid_api.o(.text) refers to memseta.o(.text) for __aeabi_memclr
    rfid_api.o(.text) refers to memcpya.o(.text) for __aeabi_memcpy4
    rfid_api.o(.text) refers to delay.o(.text) for delay_ms
    rfid_api.o(.text) refers to rfid_api.o(.data) for .data
    rfid_api.o(.text) refers to rfid_api.o(.bss) for .bss
    rfid_api.o(.text) refers to rfid_api.o(.constdata) for .constdata
    malloc.o(.text) refers to malloc.o(.constdata) for .constdata
    malloc.o(.text) refers to malloc.o(.data) for .data
    malloc.o(.data) refers to malloc.o(.text) for my_mem_init
    malloc.o(.data) refers to malloc.o(.bss) for mem1base
    malloc.o(.data) refers to malloc.o(.ARM.__AT_0x68000000) for mem2base
    malloc.o(.data) refers to malloc.o(.bss) for mem1mapbase
    malloc.o(.data) refers to malloc.o(.ARM.__AT_0x680F0000) for mem2mapbase
    delay.o(.text) refers to misc.o(.text) for SysTick_CLKSourceConfig
    delay.o(.text) refers to system_stm32f10x.o(.data) for SystemCoreClock
    delay.o(.text) refers to delay.o(.data) for .data
    usart.o(.text) refers to stm32f10x_rcc.o(.text) for RCC_APB2PeriphClockCmd
    usart.o(.text) refers to stm32f10x_gpio.o(.text) for GPIO_Init
    usart.o(.text) refers to misc.o(.text) for NVIC_Init
    usart.o(.text) refers to stm32f10x_usart.o(.text) for USART_Init
    usart.o(.text) refers to usart.o(.data) for .data
    usart.o(.text) refers to usart.o(.bss) for .bss
    startup_stm32f10x_hd.o(RESET) refers to startup_stm32f10x_hd.o(STACK) for __initial_sp
    startup_stm32f10x_hd.o(RESET) refers to startup_stm32f10x_hd.o(.text) for Reset_Handler
    startup_stm32f10x_hd.o(RESET) refers to stm32f10x_it.o(.text) for NMI_Handler
    startup_stm32f10x_hd.o(RESET) refers to usart.o(.text) for USART1_IRQHandler
    startup_stm32f10x_hd.o(.text) refers to system_stm32f10x.o(.text) for SystemInit
    startup_stm32f10x_hd.o(.text) refers to entry.o(.ARM.Collect$$$$00000000) for __main
    stm32f10x_gpio.o(.text) refers to stm32f10x_rcc.o(.text) for RCC_APB2PeriphResetCmd
    stm32f10x_rcc.o(.text) refers to stm32f10x_rcc.o(.data) for .data
    stm32f10x_tim.o(.text) refers to stm32f10x_rcc.o(.text) for RCC_APB1PeriphResetCmd
    stm32f10x_usart.o(.text) refers to stm32f10x_rcc.o(.text) for RCC_APB2PeriphResetCmd
    stm32f10x_spi.o(.text) refers to stm32f10x_rcc.o(.text) for RCC_APB2PeriphResetCmd
    entry.o(.ARM.Collect$$$$00000000) refers (Special) to entry10a.o(.ARM.Collect$$$$0000000D) for __rt_final_cpp
    entry.o(.ARM.Collect$$$$00000000) refers (Special) to entry11a.o(.ARM.Collect$$$$0000000F) for __rt_final_exit
    entry.o(.ARM.Collect$$$$00000000) refers (Special) to entry7b.o(.ARM.Collect$$$$00000008) for _main_clock
    entry.o(.ARM.Collect$$$$00000000) refers (Special) to entry8b.o(.ARM.Collect$$$$0000000A) for _main_cpp_init
    entry.o(.ARM.Collect$$$$00000000) refers (Special) to entry9a.o(.ARM.Collect$$$$0000000B) for _main_init
    entry.o(.ARM.Collect$$$$00000000) refers (Special) to entry5.o(.ARM.Collect$$$$00000004) for _main_scatterload
    entry.o(.ARM.Collect$$$$00000000) refers (Special) to entry2.o(.ARM.Collect$$$$00000001) for _main_stk
    printfb.o(i.__0fprintf$bare) refers to printfb.o(i._printf_core) for _printf_core
    printfb.o(i.__0fprintf$bare) refers to usart.o(.text) for fputc
    printfb.o(i.__0printf$bare) refers to printfb.o(i._printf_core) for _printf_core
    printfb.o(i.__0printf$bare) refers to usart.o(.text) for fputc
    printfb.o(i.__0printf$bare) refers to usart.o(.data) for __stdout
    printfb.o(i.__0snprintf$bare) refers to printfb.o(i._printf_core) for _printf_core
    printfb.o(i.__0snprintf$bare) refers to printfb.o(i._snputc) for _snputc
    printfb.o(i.__0sprintf$bare) refers to printfb.o(i._printf_core) for _printf_core
    printfb.o(i.__0sprintf$bare) refers to printfb.o(i._sputc) for _sputc
    printfb.o(i.__0vfprintf$bare) refers to printfb.o(i._printf_core) for _printf_core
    printfb.o(i.__0vfprintf$bare) refers to usart.o(.text) for fputc
    printfb.o(i.__0vprintf$bare) refers to printfb.o(i._printf_core) for _printf_core
    printfb.o(i.__0vprintf$bare) refers to usart.o(.text) for fputc
    printfb.o(i.__0vprintf$bare) refers to usart.o(.data) for __stdout
    printfb.o(i.__0vsnprintf$bare) refers to printfb.o(i._printf_core) for _printf_core
    printfb.o(i.__0vsnprintf$bare) refers to printfb.o(i._snputc) for _snputc
    printfb.o(i.__0vsprintf$bare) refers to printfb.o(i._printf_core) for _printf_core
    printfb.o(i.__0vsprintf$bare) refers to printfb.o(i._sputc) for _sputc
    printf0.o(i.__0fprintf$0) refers to printf0.o(i._printf_core) for _printf_core
    printf0.o(i.__0fprintf$0) refers to usart.o(.text) for fputc
    printf0.o(i.__0printf$0) refers to printf0.o(i._printf_core) for _printf_core
    printf0.o(i.__0printf$0) refers to usart.o(.text) for fputc
    printf0.o(i.__0printf$0) refers to usart.o(.data) for __stdout
    printf0.o(i.__0snprintf$0) refers to printf0.o(i._printf_core) for _printf_core
    printf0.o(i.__0snprintf$0) refers to printf0.o(i._snputc) for _snputc
    printf0.o(i.__0sprintf$0) refers to printf0.o(i._printf_core) for _printf_core
    printf0.o(i.__0sprintf$0) refers to printf0.o(i._sputc) for _sputc
    printf0.o(i.__0vfprintf$0) refers to printf0.o(i._printf_core) for _printf_core
    printf0.o(i.__0vfprintf$0) refers to usart.o(.text) for fputc
    printf0.o(i.__0vprintf$0) refers to printf0.o(i._printf_core) for _printf_core
    printf0.o(i.__0vprintf$0) refers to usart.o(.text) for fputc
    printf0.o(i.__0vprintf$0) refers to usart.o(.data) for __stdout
    printf0.o(i.__0vsnprintf$0) refers to printf0.o(i._printf_core) for _printf_core
    printf0.o(i.__0vsnprintf$0) refers to printf0.o(i._snputc) for _snputc
    printf0.o(i.__0vsprintf$0) refers to printf0.o(i._printf_core) for _printf_core
    printf0.o(i.__0vsprintf$0) refers to printf0.o(i._sputc) for _sputc
    printf1.o(i.__0fprintf$1) refers to printf1.o(i._printf_core) for _printf_core
    printf1.o(i.__0fprintf$1) refers to usart.o(.text) for fputc
    printf1.o(i.__0printf$1) refers to printf1.o(i._printf_core) for _printf_core
    printf1.o(i.__0printf$1) refers to usart.o(.text) for fputc
    printf1.o(i.__0printf$1) refers to usart.o(.data) for __stdout
    printf1.o(i.__0snprintf$1) refers to printf1.o(i._printf_core) for _printf_core
    printf1.o(i.__0snprintf$1) refers to printf1.o(i._snputc) for _snputc
    printf1.o(i.__0sprintf$1) refers to printf1.o(i._printf_core) for _printf_core
    printf1.o(i.__0sprintf$1) refers to printf1.o(i._sputc) for _sputc
    printf1.o(i.__0vfprintf$1) refers to printf1.o(i._printf_core) for _printf_core
    printf1.o(i.__0vfprintf$1) refers to usart.o(.text) for fputc
    printf1.o(i.__0vprintf$1) refers to printf1.o(i._printf_core) for _printf_core
    printf1.o(i.__0vprintf$1) refers to usart.o(.text) for fputc
    printf1.o(i.__0vprintf$1) refers to usart.o(.data) for __stdout
    printf1.o(i.__0vsnprintf$1) refers to printf1.o(i._printf_core) for _printf_core
    printf1.o(i.__0vsnprintf$1) refers to printf1.o(i._snputc) for _snputc
    printf1.o(i.__0vsprintf$1) refers to printf1.o(i._printf_core) for _printf_core
    printf1.o(i.__0vsprintf$1) refers to printf1.o(i._sputc) for _sputc
    printf1.o(i._printf_core) refers to uidiv.o(.text) for __aeabi_uidivmod
    printf2.o(i.__0fprintf$2) refers to printf2.o(i._printf_core) for _printf_core
    printf2.o(i.__0fprintf$2) refers to usart.o(.text) for fputc
    printf2.o(i.__0printf$2) refers to printf2.o(i._printf_core) for _printf_core
    printf2.o(i.__0printf$2) refers to usart.o(.text) for fputc
    printf2.o(i.__0printf$2) refers to usart.o(.data) for __stdout
    printf2.o(i.__0snprintf$2) refers to printf2.o(i._printf_core) for _printf_core
    printf2.o(i.__0snprintf$2) refers to printf2.o(i._snputc) for _snputc
    printf2.o(i.__0sprintf$2) refers to printf2.o(i._printf_core) for _printf_core
    printf2.o(i.__0sprintf$2) refers to printf2.o(i._sputc) for _sputc
    printf2.o(i.__0vfprintf$2) refers to printf2.o(i._printf_core) for _printf_core
    printf2.o(i.__0vfprintf$2) refers to usart.o(.text) for fputc
    printf2.o(i.__0vprintf$2) refers to printf2.o(i._printf_core) for _printf_core
    printf2.o(i.__0vprintf$2) refers to usart.o(.text) for fputc
    printf2.o(i.__0vprintf$2) refers to usart.o(.data) for __stdout
    printf2.o(i.__0vsnprintf$2) refers to printf2.o(i._printf_core) for _printf_core
    printf2.o(i.__0vsnprintf$2) refers to printf2.o(i._snputc) for _snputc
    printf2.o(i.__0vsprintf$2) refers to printf2.o(i._printf_core) for _printf_core
    printf2.o(i.__0vsprintf$2) refers to printf2.o(i._sputc) for _sputc
    printf3.o(i.__0fprintf$3) refers to printf3.o(i._printf_core) for _printf_core
    printf3.o(i.__0fprintf$3) refers to usart.o(.text) for fputc
    printf3.o(i.__0printf$3) refers to printf3.o(i._printf_core) for _printf_core
    printf3.o(i.__0printf$3) refers to usart.o(.text) for fputc
    printf3.o(i.__0printf$3) refers to usart.o(.data) for __stdout
    printf3.o(i.__0snprintf$3) refers to printf3.o(i._printf_core) for _printf_core
    printf3.o(i.__0snprintf$3) refers to printf3.o(i._snputc) for _snputc
    printf3.o(i.__0sprintf$3) refers to printf3.o(i._printf_core) for _printf_core
    printf3.o(i.__0sprintf$3) refers to printf3.o(i._sputc) for _sputc
    printf3.o(i.__0vfprintf$3) refers to printf3.o(i._printf_core) for _printf_core
    printf3.o(i.__0vfprintf$3) refers to usart.o(.text) for fputc
    printf3.o(i.__0vprintf$3) refers to printf3.o(i._printf_core) for _printf_core
    printf3.o(i.__0vprintf$3) refers to usart.o(.text) for fputc
    printf3.o(i.__0vprintf$3) refers to usart.o(.data) for __stdout
    printf3.o(i.__0vsnprintf$3) refers to printf3.o(i._printf_core) for _printf_core
    printf3.o(i.__0vsnprintf$3) refers to printf3.o(i._snputc) for _snputc
    printf3.o(i.__0vsprintf$3) refers to printf3.o(i._printf_core) for _printf_core
    printf3.o(i.__0vsprintf$3) refers to printf3.o(i._sputc) for _sputc
    printf3.o(i._printf_core) refers to uidiv.o(.text) for __aeabi_uidivmod
    printf4.o(i.__0fprintf$4) refers to printf4.o(i._printf_core) for _printf_core
    printf4.o(i.__0fprintf$4) refers to usart.o(.text) for fputc
    printf4.o(i.__0printf$4) refers to printf4.o(i._printf_core) for _printf_core
    printf4.o(i.__0printf$4) refers to usart.o(.text) for fputc
    printf4.o(i.__0printf$4) refers to usart.o(.data) for __stdout
    printf4.o(i.__0snprintf$4) refers to printf4.o(i._printf_core) for _printf_core
    printf4.o(i.__0snprintf$4) refers to printf4.o(i._snputc) for _snputc
    printf4.o(i.__0sprintf$4) refers to printf4.o(i._printf_core) for _printf_core
    printf4.o(i.__0sprintf$4) refers to printf4.o(i._sputc) for _sputc
    printf4.o(i.__0vfprintf$4) refers to printf4.o(i._printf_core) for _printf_core
    printf4.o(i.__0vfprintf$4) refers to usart.o(.text) for fputc
    printf4.o(i.__0vprintf$4) refers to printf4.o(i._printf_core) for _printf_core
    printf4.o(i.__0vprintf$4) refers to usart.o(.text) for fputc
    printf4.o(i.__0vprintf$4) refers to usart.o(.data) for __stdout
    printf4.o(i.__0vsnprintf$4) refers to printf4.o(i._printf_core) for _printf_core
    printf4.o(i.__0vsnprintf$4) refers to printf4.o(i._snputc) for _snputc
    printf4.o(i.__0vsprintf$4) refers to printf4.o(i._printf_core) for _printf_core
    printf4.o(i.__0vsprintf$4) refers to printf4.o(i._sputc) for _sputc
    printf4.o(i._printf_core) refers to uldiv.o(.text) for __aeabi_uldivmod
    printf5.o(i.__0fprintf$5) refers to printf5.o(i._printf_core) for _printf_core
    printf5.o(i.__0fprintf$5) refers to usart.o(.text) for fputc
    printf5.o(i.__0printf$5) refers to printf5.o(i._printf_core) for _printf_core
    printf5.o(i.__0printf$5) refers to usart.o(.text) for fputc
    printf5.o(i.__0printf$5) refers to usart.o(.data) for __stdout
    printf5.o(i.__0snprintf$5) refers to printf5.o(i._printf_core) for _printf_core
    printf5.o(i.__0snprintf$5) refers to printf5.o(i._snputc) for _snputc
    printf5.o(i.__0sprintf$5) refers to printf5.o(i._printf_core) for _printf_core
    printf5.o(i.__0sprintf$5) refers to printf5.o(i._sputc) for _sputc
    printf5.o(i.__0vfprintf$5) refers to printf5.o(i._printf_core) for _printf_core
    printf5.o(i.__0vfprintf$5) refers to usart.o(.text) for fputc
    printf5.o(i.__0vprintf$5) refers to printf5.o(i._printf_core) for _printf_core
    printf5.o(i.__0vprintf$5) refers to usart.o(.text) for fputc
    printf5.o(i.__0vprintf$5) refers to usart.o(.data) for __stdout
    printf5.o(i.__0vsnprintf$5) refers to printf5.o(i._printf_core) for _printf_core
    printf5.o(i.__0vsnprintf$5) refers to printf5.o(i._snputc) for _snputc
    printf5.o(i.__0vsprintf$5) refers to printf5.o(i._printf_core) for _printf_core
    printf5.o(i.__0vsprintf$5) refers to printf5.o(i._sputc) for _sputc
    printf5.o(i._printf_core) refers to uldiv.o(.text) for __aeabi_uldivmod
    printf6.o(i.__0fprintf$6) refers to printf6.o(i._printf_core) for _printf_core
    printf6.o(i.__0fprintf$6) refers to usart.o(.text) for fputc
    printf6.o(i.__0printf$6) refers to printf6.o(i._printf_core) for _printf_core
    printf6.o(i.__0printf$6) refers to usart.o(.text) for fputc
    printf6.o(i.__0printf$6) refers to usart.o(.data) for __stdout
    printf6.o(i.__0snprintf$6) refers to printf6.o(i._printf_core) for _printf_core
    printf6.o(i.__0snprintf$6) refers to printf6.o(i._snputc) for _snputc
    printf6.o(i.__0sprintf$6) refers to printf6.o(i._printf_core) for _printf_core
    printf6.o(i.__0sprintf$6) refers to printf6.o(i._sputc) for _sputc
    printf6.o(i.__0vfprintf$6) refers to printf6.o(i._printf_core) for _printf_core
    printf6.o(i.__0vfprintf$6) refers to usart.o(.text) for fputc
    printf6.o(i.__0vprintf$6) refers to printf6.o(i._printf_core) for _printf_core
    printf6.o(i.__0vprintf$6) refers to usart.o(.text) for fputc
    printf6.o(i.__0vprintf$6) refers to usart.o(.data) for __stdout
    printf6.o(i.__0vsnprintf$6) refers to printf6.o(i._printf_core) for _printf_core
    printf6.o(i.__0vsnprintf$6) refers to printf6.o(i._snputc) for _snputc
    printf6.o(i.__0vsprintf$6) refers to printf6.o(i._printf_core) for _printf_core
    printf6.o(i.__0vsprintf$6) refers to printf6.o(i._sputc) for _sputc
    printf6.o(i._printf_core) refers to printf6.o(i._printf_pre_padding) for _printf_pre_padding
    printf6.o(i._printf_core) refers to uidiv.o(.text) for __aeabi_uidivmod
    printf6.o(i._printf_core) refers to printf6.o(i._printf_post_padding) for _printf_post_padding
    printf7.o(i.__0fprintf$7) refers to printf7.o(i._printf_core) for _printf_core
    printf7.o(i.__0fprintf$7) refers to usart.o(.text) for fputc
    printf7.o(i.__0printf$7) refers to printf7.o(i._printf_core) for _printf_core
    printf7.o(i.__0printf$7) refers to usart.o(.text) for fputc
    printf7.o(i.__0printf$7) refers to usart.o(.data) for __stdout
    printf7.o(i.__0snprintf$7) refers to printf7.o(i._printf_core) for _printf_core
    printf7.o(i.__0snprintf$7) refers to printf7.o(i._snputc) for _snputc
    printf7.o(i.__0sprintf$7) refers to printf7.o(i._printf_core) for _printf_core
    printf7.o(i.__0sprintf$7) refers to printf7.o(i._sputc) for _sputc
    printf7.o(i.__0vfprintf$7) refers to printf7.o(i._printf_core) for _printf_core
    printf7.o(i.__0vfprintf$7) refers to usart.o(.text) for fputc
    printf7.o(i.__0vprintf$7) refers to printf7.o(i._printf_core) for _printf_core
    printf7.o(i.__0vprintf$7) refers to usart.o(.text) for fputc
    printf7.o(i.__0vprintf$7) refers to usart.o(.data) for __stdout
    printf7.o(i.__0vsnprintf$7) refers to printf7.o(i._printf_core) for _printf_core
    printf7.o(i.__0vsnprintf$7) refers to printf7.o(i._snputc) for _snputc
    printf7.o(i.__0vsprintf$7) refers to printf7.o(i._printf_core) for _printf_core
    printf7.o(i.__0vsprintf$7) refers to printf7.o(i._sputc) for _sputc
    printf7.o(i._printf_core) refers to printf7.o(i._printf_pre_padding) for _printf_pre_padding
    printf7.o(i._printf_core) refers to uldiv.o(.text) for __aeabi_uldivmod
    printf7.o(i._printf_core) refers to printf7.o(i._printf_post_padding) for _printf_post_padding
    printf8.o(i.__0fprintf$8) refers to printf8.o(i._printf_core) for _printf_core
    printf8.o(i.__0fprintf$8) refers to usart.o(.text) for fputc
    printf8.o(i.__0printf$8) refers to printf8.o(i._printf_core) for _printf_core
    printf8.o(i.__0printf$8) refers to usart.o(.text) for fputc
    printf8.o(i.__0printf$8) refers to usart.o(.data) for __stdout
    printf8.o(i.__0snprintf$8) refers to printf8.o(i._printf_core) for _printf_core
    printf8.o(i.__0snprintf$8) refers to printf8.o(i._snputc) for _snputc
    printf8.o(i.__0sprintf$8) refers to printf8.o(i._printf_core) for _printf_core
    printf8.o(i.__0sprintf$8) refers to printf8.o(i._sputc) for _sputc
    printf8.o(i.__0vfprintf$8) refers to printf8.o(i._printf_core) for _printf_core
    printf8.o(i.__0vfprintf$8) refers to usart.o(.text) for fputc
    printf8.o(i.__0vprintf$8) refers to printf8.o(i._printf_core) for _printf_core
    printf8.o(i.__0vprintf$8) refers to usart.o(.text) for fputc
    printf8.o(i.__0vprintf$8) refers to usart.o(.data) for __stdout
    printf8.o(i.__0vsnprintf$8) refers to printf8.o(i._printf_core) for _printf_core
    printf8.o(i.__0vsnprintf$8) refers to printf8.o(i._snputc) for _snputc
    printf8.o(i.__0vsprintf$8) refers to printf8.o(i._printf_core) for _printf_core
    printf8.o(i.__0vsprintf$8) refers to printf8.o(i._sputc) for _sputc
    printf8.o(i._printf_core) refers to printf8.o(i._printf_pre_padding) for _printf_pre_padding
    printf8.o(i._printf_core) refers to uldiv.o(.text) for __aeabi_uldivmod
    printf8.o(i._printf_core) refers to printf8.o(i._printf_post_padding) for _printf_post_padding
    printfa.o(i.__0fprintf) refers (Special) to iusefp.o(.text) for __I$use$fp
    printfa.o(i.__0fprintf) refers to printfa.o(i._printf_core) for _printf_core
    printfa.o(i.__0fprintf) refers to usart.o(.text) for fputc
    printfa.o(i.__0printf) refers (Special) to iusefp.o(.text) for __I$use$fp
    printfa.o(i.__0printf) refers to printfa.o(i._printf_core) for _printf_core
    printfa.o(i.__0printf) refers to usart.o(.text) for fputc
    printfa.o(i.__0printf) refers to usart.o(.data) for __stdout
    printfa.o(i.__0snprintf) refers (Special) to iusefp.o(.text) for __I$use$fp
    printfa.o(i.__0snprintf) refers to printfa.o(i._printf_core) for _printf_core
    printfa.o(i.__0snprintf) refers to printfa.o(i._snputc) for _snputc
    printfa.o(i.__0sprintf) refers (Special) to iusefp.o(.text) for __I$use$fp
    printfa.o(i.__0sprintf) refers to printfa.o(i._printf_core) for _printf_core
    printfa.o(i.__0sprintf) refers to printfa.o(i._sputc) for _sputc
    printfa.o(i.__0vfprintf) refers (Special) to iusefp.o(.text) for __I$use$fp
    printfa.o(i.__0vfprintf) refers to printfa.o(i._printf_core) for _printf_core
    printfa.o(i.__0vfprintf) refers to usart.o(.text) for fputc
    printfa.o(i.__0vprintf) refers (Special) to iusefp.o(.text) for __I$use$fp
    printfa.o(i.__0vprintf) refers to printfa.o(i._printf_core) for _printf_core
    printfa.o(i.__0vprintf) refers to usart.o(.text) for fputc
    printfa.o(i.__0vprintf) refers to usart.o(.data) for __stdout
    printfa.o(i.__0vsnprintf) refers (Special) to iusefp.o(.text) for __I$use$fp
    printfa.o(i.__0vsnprintf) refers to printfa.o(i._printf_core) for _printf_core
    printfa.o(i.__0vsnprintf) refers to printfa.o(i._snputc) for _snputc
    printfa.o(i.__0vsprintf) refers (Special) to iusefp.o(.text) for __I$use$fp
    printfa.o(i.__0vsprintf) refers to printfa.o(i._printf_core) for _printf_core
    printfa.o(i.__0vsprintf) refers to printfa.o(i._sputc) for _sputc
    printfa.o(i._fp_digits) refers (Special) to iusefp.o(.text) for __I$use$fp
    printfa.o(i._fp_digits) refers to dmul.o(.text) for __aeabi_dmul
    printfa.o(i._fp_digits) refers to ddiv.o(.text) for __aeabi_ddiv
    printfa.o(i._fp_digits) refers to cdrcmple.o(.text) for __aeabi_cdrcmple
    printfa.o(i._fp_digits) refers to dadd.o(.text) for __aeabi_dadd
    printfa.o(i._fp_digits) refers to dfixul.o(.text) for __aeabi_d2ulz
    printfa.o(i._fp_digits) refers to uldiv.o(.text) for __aeabi_uldivmod
    printfa.o(i._printf_core) refers (Special) to iusefp.o(.text) for __I$use$fp
    printfa.o(i._printf_core) refers to printfa.o(i._printf_pre_padding) for _printf_pre_padding
    printfa.o(i._printf_core) refers to uldiv.o(.text) for __aeabi_uldivmod
    printfa.o(i._printf_core) refers to printfa.o(i._printf_post_padding) for _printf_post_padding
    printfa.o(i._printf_core) refers to printfa.o(i._fp_digits) for _fp_digits
    printfa.o(i._printf_core) refers to uidiv.o(.text) for __aeabi_uidivmod
    printfa.o(i._printf_post_padding) refers (Special) to iusefp.o(.text) for __I$use$fp
    printfa.o(i._printf_pre_padding) refers (Special) to iusefp.o(.text) for __I$use$fp
    printfa.o(i._snputc) refers (Special) to iusefp.o(.text) for __I$use$fp
    printfa.o(i._sputc) refers (Special) to iusefp.o(.text) for __I$use$fp
    dmul.o(.text) refers (Special) to iusefp.o(.text) for __I$use$fp
    dmul.o(.text) refers to depilogue.o(.text) for _double_epilogue
    dfltui.o(.text) refers (Special) to iusefp.o(.text) for __I$use$fp
    dfltui.o(.text) refers to depilogue.o(.text) for _double_epilogue
    dfixui.o(.text) refers (Special) to iusefp.o(.text) for __I$use$fp
    dfixui.o(.text) refers to llushr.o(.text) for __aeabi_llsr
    entry2.o(.ARM.Collect$$$$00000001) refers to entry2.o(.ARM.Collect$$$$00002712) for __lit__00000000
    entry2.o(.ARM.Collect$$$$00002712) refers to startup_stm32f10x_hd.o(STACK) for __initial_sp
    entry2.o(__vectab_stack_and_reset_area) refers to startup_stm32f10x_hd.o(STACK) for __initial_sp
    entry2.o(__vectab_stack_and_reset_area) refers to entry.o(.ARM.Collect$$$$00000000) for __main
    entry5.o(.ARM.Collect$$$$00000004) refers to init.o(.text) for __scatterload
    entry9a.o(.ARM.Collect$$$$0000000B) refers to main.o(.text) for main
    entry9b.o(.ARM.Collect$$$$0000000C) refers to main.o(.text) for main
    uldiv.o(.text) refers to llushr.o(.text) for __aeabi_llsr
    uldiv.o(.text) refers to llshl.o(.text) for __aeabi_llsl
    depilogue.o(.text) refers to llshl.o(.text) for __aeabi_llsl
    depilogue.o(.text) refers to llushr.o(.text) for __aeabi_llsr
    dadd.o(.text) refers to llshl.o(.text) for __aeabi_llsl
    dadd.o(.text) refers to llsshr.o(.text) for __aeabi_lasr
    dadd.o(.text) refers to depilogue.o(.text) for _double_epilogue
    ddiv.o(.text) refers to depilogue.o(.text) for _double_round
    dfixul.o(.text) refers to llushr.o(.text) for __aeabi_llsr
    dfixul.o(.text) refers to llshl.o(.text) for __aeabi_llsl
    init.o(.text) refers to entry5.o(.ARM.Collect$$$$00000004) for __main_after_scatterload


==============================================================================

Removing Unused input sections from the image.

    Removing key.o(.text), (256 bytes).
    Removing key.o(.data), (1 bytes).
    Removing w25qxx.o(.text), (836 bytes).
    Removing w25qxx.o(.bss), (4096 bytes).
    Removing w25qxx.o(.data), (2 bytes).
    Removing rc522.o(.data), (1 bytes).
    Removing rfid_api.o(.data), (1 bytes).
    Removing rfid_api.o(.data), (4 bytes).
    Removing rfid_api.o(.data), (6 bytes).
    Removing sys.o(.emb_text), (6 bytes).
    Removing sys.o(.text), (12 bytes).
    Removing core_cm3.o(.emb_text), (32 bytes).
    Removing startup_stm32f10x_hd.o(HEAP), (512 bytes).
    Removing stm32f10x_tim.o(.text), (2800 bytes).
    Removing dadd.o(.text), (334 bytes).
    Removing ddiv.o(.text), (222 bytes).
    Removing dfixul.o(.text), (48 bytes).
    Removing cdrcmple.o(.text), (48 bytes).

18 unused section(s) (total 9217 bytes) removed from the image.

==============================================================================

Image Symbol Table

    Local Symbols

    Symbol Name                              Value     Ov Type        Size  Object(Section)

    ../clib/microlib/division.c              0x00000000   Number         0  uldiv.o ABSOLUTE
    ../clib/microlib/division.c              0x00000000   Number         0  uidiv.o ABSOLUTE
    ../clib/microlib/init/entry.s            0x00000000   Number         0  entry9b.o ABSOLUTE
    ../clib/microlib/init/entry.s            0x00000000   Number         0  entry.o ABSOLUTE
    ../clib/microlib/init/entry.s            0x00000000   Number         0  entry9a.o ABSOLUTE
    ../clib/microlib/init/entry.s            0x00000000   Number         0  entry2.o ABSOLUTE
    ../clib/microlib/init/entry.s            0x00000000   Number         0  entry7a.o ABSOLUTE
    ../clib/microlib/init/entry.s            0x00000000   Number         0  entry8b.o ABSOLUTE
    ../clib/microlib/init/entry.s            0x00000000   Number         0  entry8a.o ABSOLUTE
    ../clib/microlib/init/entry.s            0x00000000   Number         0  entry5.o ABSOLUTE
    ../clib/microlib/init/entry.s            0x00000000   Number         0  entry7b.o ABSOLUTE
    ../clib/microlib/init/entry.s            0x00000000   Number         0  entry10a.o ABSOLUTE
    ../clib/microlib/init/entry.s            0x00000000   Number         0  entry11b.o ABSOLUTE
    ../clib/microlib/init/entry.s            0x00000000   Number         0  entry11a.o ABSOLUTE
    ../clib/microlib/init/entry.s            0x00000000   Number         0  entry10b.o ABSOLUTE
    ../clib/microlib/longlong.c              0x00000000   Number         0  llushr.o ABSOLUTE
    ../clib/microlib/longlong.c              0x00000000   Number         0  llsshr.o ABSOLUTE
    ../clib/microlib/longlong.c              0x00000000   Number         0  llshl.o ABSOLUTE
    ../clib/microlib/printf/printf.c         0x00000000   Number         0  printf6.o ABSOLUTE
    ../clib/microlib/printf/printf.c         0x00000000   Number         0  printf4.o ABSOLUTE
    ../clib/microlib/printf/printf.c         0x00000000   Number         0  printf5.o ABSOLUTE
    ../clib/microlib/printf/printf.c         0x00000000   Number         0  printfa.o ABSOLUTE
    ../clib/microlib/printf/printf.c         0x00000000   Number         0  printfb.o ABSOLUTE
    ../clib/microlib/printf/printf.c         0x00000000   Number         0  printf8.o ABSOLUTE
    ../clib/microlib/printf/printf.c         0x00000000   Number         0  printf7.o ABSOLUTE
    ../clib/microlib/printf/printf.c         0x00000000   Number         0  printf3.o ABSOLUTE
    ../clib/microlib/printf/printf.c         0x00000000   Number         0  printf1.o ABSOLUTE
    ../clib/microlib/printf/printf.c         0x00000000   Number         0  printf2.o ABSOLUTE
    ../clib/microlib/printf/printf.c         0x00000000   Number         0  printf0.o ABSOLUTE
    ../clib/microlib/printf/stubs.s          0x00000000   Number         0  stubs.o ABSOLUTE
    ../clib/microlib/string/memcpy.c         0x00000000   Number         0  memcpya.o ABSOLUTE
    ../clib/microlib/string/memcpy.c         0x00000000   Number         0  memcpyb.o ABSOLUTE
    ../clib/microlib/string/memset.c         0x00000000   Number         0  memseta.o ABSOLUTE
    ../clib/microlib/stubs.s                 0x00000000   Number         0  useno.o ABSOLUTE
    ../clib/microlib/stubs.s                 0x00000000   Number         0  iusefp.o ABSOLUTE
    ../fplib/microlib/fpadd.c                0x00000000   Number         0  dadd.o ABSOLUTE
    ../fplib/microlib/fpdiv.c                0x00000000   Number         0  ddiv.o ABSOLUTE
    ../fplib/microlib/fpepilogue.c           0x00000000   Number         0  depilogue.o ABSOLUTE
    ../fplib/microlib/fpfix.c                0x00000000   Number         0  dfixul.o ABSOLUTE
    ../fplib/microlib/fpfix.c                0x00000000   Number         0  dfixui.o ABSOLUTE
    ../fplib/microlib/fpflt.c                0x00000000   Number         0  dfltui.o ABSOLUTE
    ../fplib/microlib/fpmul.c                0x00000000   Number         0  dmul.o ABSOLUTE
    ..\CORE\core_cm3.c                       0x00000000   Number         0  core_cm3.o ABSOLUTE
    ..\CORE\startup_stm32f10x_hd.s           0x00000000   Number         0  startup_stm32f10x_hd.o ABSOLUTE
    ..\HARDWARE\KEY\key.c                    0x00000000   Number         0  key.o ABSOLUTE
    ..\HARDWARE\LCD\lcd.c                    0x00000000   Number         0  lcd.o ABSOLUTE
    ..\HARDWARE\LED\led.c                    0x00000000   Number         0  led.o ABSOLUTE
    ..\HARDWARE\MALLOC\malloc.c              0x00000000   Number         0  malloc.o ABSOLUTE
    ..\HARDWARE\RCC522\RC522.c               0x00000000   Number         0  rc522.o ABSOLUTE
    ..\HARDWARE\RCC522\RFID_API.c            0x00000000   Number         0  rfid_api.o ABSOLUTE
    ..\HARDWARE\SPI\spi.c                    0x00000000   Number         0  spi.o ABSOLUTE
    ..\HARDWARE\W25QXX\w25qxx.c              0x00000000   Number         0  w25qxx.o ABSOLUTE
    ..\STM32F10x_FWLib\src\misc.c            0x00000000   Number         0  misc.o ABSOLUTE
    ..\STM32F10x_FWLib\src\stm32f10x_fsmc.c  0x00000000   Number         0  stm32f10x_fsmc.o ABSOLUTE
    ..\STM32F10x_FWLib\src\stm32f10x_gpio.c  0x00000000   Number         0  stm32f10x_gpio.o ABSOLUTE
    ..\STM32F10x_FWLib\src\stm32f10x_rcc.c   0x00000000   Number         0  stm32f10x_rcc.o ABSOLUTE
    ..\STM32F10x_FWLib\src\stm32f10x_spi.c   0x00000000   Number         0  stm32f10x_spi.o ABSOLUTE
    ..\STM32F10x_FWLib\src\stm32f10x_tim.c   0x00000000   Number         0  stm32f10x_tim.o ABSOLUTE
    ..\STM32F10x_FWLib\src\stm32f10x_usart.c 0x00000000   Number         0  stm32f10x_usart.o ABSOLUTE
    ..\SYSTEM\delay\delay.c                  0x00000000   Number         0  delay.o ABSOLUTE
    ..\SYSTEM\sys\sys.c                      0x00000000   Number         0  sys.o ABSOLUTE
    ..\SYSTEM\usart\usart.c                  0x00000000   Number         0  usart.o ABSOLUTE
    ..\\CORE\\core_cm3.c                     0x00000000   Number         0  core_cm3.o ABSOLUTE
    ..\\SYSTEM\\sys\\sys.c                   0x00000000   Number         0  sys.o ABSOLUTE
    cdrcmple.s                               0x00000000   Number         0  cdrcmple.o ABSOLUTE
    dc.s                                     0x00000000   Number         0  dc.o ABSOLUTE
    handlers.s                               0x00000000   Number         0  handlers.o ABSOLUTE
    init.s                                   0x00000000   Number         0  init.o ABSOLUTE
    main.c                                   0x00000000   Number         0  main.o ABSOLUTE
    stm32f10x_it.c                           0x00000000   Number         0  stm32f10x_it.o ABSOLUTE
    system_stm32f10x.c                       0x00000000   Number         0  system_stm32f10x.o ABSOLUTE
    RESET                                    0x08000000   Section      304  startup_stm32f10x_hd.o(RESET)
    .ARM.Collect$$$$00000000                 0x08000130   Section        0  entry.o(.ARM.Collect$$$$00000000)
    .ARM.Collect$$$$00000001                 0x08000130   Section        4  entry2.o(.ARM.Collect$$$$00000001)
    .ARM.Collect$$$$00000004                 0x08000134   Section        4  entry5.o(.ARM.Collect$$$$00000004)
    .ARM.Collect$$$$00000008                 0x08000138   Section        0  entry7b.o(.ARM.Collect$$$$00000008)
    .ARM.Collect$$$$0000000A                 0x08000138   Section        0  entry8b.o(.ARM.Collect$$$$0000000A)
    .ARM.Collect$$$$0000000B                 0x08000138   Section        8  entry9a.o(.ARM.Collect$$$$0000000B)
    .ARM.Collect$$$$0000000D                 0x08000140   Section        0  entry10a.o(.ARM.Collect$$$$0000000D)
    .ARM.Collect$$$$0000000F                 0x08000140   Section        0  entry11a.o(.ARM.Collect$$$$0000000F)
    .ARM.Collect$$$$00002712                 0x08000140   Section        4  entry2.o(.ARM.Collect$$$$00002712)
    __lit__00000000                          0x08000140   Data           4  entry2.o(.ARM.Collect$$$$00002712)
    .text                                    0x08000144   Section        0  main.o(.text)
    .text                                    0x08000170   Section        0  stm32f10x_it.o(.text)
    .text                                    0x08000184   Section        0  system_stm32f10x.o(.text)
    SetSysClockTo72                          0x08000185   Thumb Code   160  system_stm32f10x.o(.text)
    .text                                    0x080002dc   Section        0  led.o(.text)
    .text                                    0x08000314   Section        0  lcd.o(.text)
    .text                                    0x08003f04   Section        0  spi.o(.text)
    .text                                    0x08004040   Section        0  rc522.o(.text)
    .text                                    0x0800465c   Section        0  rfid_api.o(.text)
    .text                                    0x080047bc   Section        0  malloc.o(.text)
    .text                                    0x08004978   Section        0  delay.o(.text)
    .text                                    0x08004a10   Section        0  usart.o(.text)
    .text                                    0x08004b24   Section       36  startup_stm32f10x_hd.o(.text)
    .text                                    0x08004b48   Section        0  misc.o(.text)
    .text                                    0x08004bf8   Section        0  stm32f10x_fsmc.o(.text)
    .text                                    0x08005074   Section        0  stm32f10x_gpio.o(.text)
    .text                                    0x080052d8   Section        0  stm32f10x_rcc.o(.text)
    .text                                    0x08005590   Section        0  stm32f10x_usart.o(.text)
    .text                                    0x080058b8   Section        0  stm32f10x_spi.o(.text)
    .text                                    0x08005b2c   Section        0  memcpya.o(.text)
    .text                                    0x08005b50   Section        0  memseta.o(.text)
    .text                                    0x08005b74   Section        0  dmul.o(.text)
    .text                                    0x08005c58   Section        0  dfltui.o(.text)
    .text                                    0x08005c72   Section        0  dfixui.o(.text)
    .text                                    0x08005ca4   Section        0  uldiv.o(.text)
    .text                                    0x08005d06   Section        0  llushr.o(.text)
    .text                                    0x08005d26   Section        0  depilogue.o(.text)
    .text                                    0x08005d26   Section        0  iusefp.o(.text)
    .text                                    0x08005de0   Section       36  init.o(.text)
    .text                                    0x08005e04   Section        0  llshl.o(.text)
    i.__0printf$5                            0x08005e24   Section        0  printf5.o(i.__0printf$5)
    i.__scatterload_copy                     0x08005e44   Section       14  handlers.o(i.__scatterload_copy)
    i.__scatterload_null                     0x08005e52   Section        2  handlers.o(i.__scatterload_null)
    i.__scatterload_zeroinit                 0x08005e54   Section       14  handlers.o(i.__scatterload_zeroinit)
    i._printf_core                           0x08005e64   Section        0  printf5.o(i._printf_core)
    _printf_core                             0x08005e65   Thumb Code   658  printf5.o(i._printf_core)
    .constdata                               0x08006124   Section     6080  lcd.o(.constdata)
    .constdata                               0x080078e4   Section       18  rfid_api.o(.constdata)
    .constdata                               0x080078f8   Section       24  malloc.o(.constdata)
    .data                                    0x20000000   Section       20  system_stm32f10x.o(.data)
    .data                                    0x20000014   Section        4  lcd.o(.data)
    .data                                    0x20000018   Section       24  rfid_api.o(.data)
    status                                   0x20000018   Data           1  rfid_api.o(.data)
    status                                   0x20000019   Data           1  rfid_api.o(.data)
    .data                                    0x20000030   Section       28  malloc.o(.data)
    .data                                    0x2000004c   Section        4  delay.o(.data)
    fac_us                                   0x2000004c   Data           1  delay.o(.data)
    fac_ms                                   0x2000004e   Data           2  delay.o(.data)
    .data                                    0x20000050   Section        2  usart.o(.data)
    .data                                    0x20000054   Section        4  usart.o(.data)
    .data                                    0x20000058   Section       20  stm32f10x_rcc.o(.data)
    ADCPrescTable                            0x20000058   Data           4  stm32f10x_rcc.o(.data)
    APBAHBPrescTable                         0x2000005c   Data          16  stm32f10x_rcc.o(.data)
    .bss                                     0x2000006c   Section       14  lcd.o(.bss)
    .bss                                     0x2000007a   Section       32  rfid_api.o(.bss)
    .bss                                     0x200000a0   Section    10240  malloc.o(.bss)
    .bss                                     0x200028a0   Section      640  malloc.o(.bss)
    .bss                                     0x20002b20   Section      200  usart.o(.bss)
    STACK                                    0x20002be8   Section     1024  startup_stm32f10x_hd.o(STACK)
    .ARM.__AT_0x68000000                     0x68000000   Section    983040  malloc.o(.ARM.__AT_0x68000000)
    .ARM.__AT_0x680F0000                     0x680f0000   Section    61440  malloc.o(.ARM.__AT_0x680F0000)

    Global Symbols

    Symbol Name                              Value     Ov Type        Size  Object(Section)

    BuildAttributes$$THM_ISAv4$P$D$K$B$S$PE$A:L22UL41UL21$X:L11$S22US41US21$IEEE1$IW$USESV6$~STKCKD$USESV7$~SHL$OSPACE$ROPI$EBA8$MICROLIB$REQ8$PRES8$EABIv2 0x00000000   Number         0  anon$$obj.o ABSOLUTE
    __ARM_use_no_argv                        0x00000000   Number         0  main.o ABSOLUTE
    __use_no_errno                           0x00000000   Number         0  useno.o ABSOLUTE
    __use_no_exception_handling              0x00000000   Number         0  useno.o ABSOLUTE
    __use_no_fp                              0x00000000   Number         0  useno.o ABSOLUTE
    __use_no_heap                            0x00000000   Number         0  useno.o ABSOLUTE
    __use_no_heap_region                     0x00000000   Number         0  useno.o ABSOLUTE
    __use_no_semihosting                     0x00000000   Number         0  useno.o ABSOLUTE
    __use_no_semihosting_swi                 0x00000000   Number         0  useno.o ABSOLUTE
    __use_no_signal_handling                 0x00000000   Number         0  useno.o ABSOLUTE
    _printf_a                                0x00000000   Number         0  stubs.o ABSOLUTE
    _printf_c                                0x00000000   Number         0  stubs.o ABSOLUTE
    _printf_charcount                        0x00000000   Number         0  stubs.o ABSOLUTE
    _printf_d                                0x00000000   Number         0  stubs.o ABSOLUTE
    _printf_e                                0x00000000   Number         0  stubs.o ABSOLUTE
    _printf_f                                0x00000000   Number         0  stubs.o ABSOLUTE
    _printf_flags                            0x00000000   Number         0  stubs.o ABSOLUTE
    _printf_fp_dec                           0x00000000   Number         0  stubs.o ABSOLUTE
    _printf_fp_hex                           0x00000000   Number         0  stubs.o ABSOLUTE
    _printf_g                                0x00000000   Number         0  stubs.o ABSOLUTE
    _printf_i                                0x00000000   Number         0  stubs.o ABSOLUTE
    _printf_int_dec                          0x00000000   Number         0  stubs.o ABSOLUTE
    _printf_l                                0x00000000   Number         0  stubs.o ABSOLUTE
    _printf_lc                               0x00000000   Number         0  stubs.o ABSOLUTE
    _printf_ll                               0x00000000   Number         0  stubs.o ABSOLUTE
    _printf_lld                              0x00000000   Number         0  stubs.o ABSOLUTE
    _printf_lli                              0x00000000   Number         0  stubs.o ABSOLUTE
    _printf_llo                              0x00000000   Number         0  stubs.o ABSOLUTE
    _printf_llu                              0x00000000   Number         0  stubs.o ABSOLUTE
    _printf_llx                              0x00000000   Number         0  stubs.o ABSOLUTE
    _printf_longlong_dec                     0x00000000   Number         0  stubs.o ABSOLUTE
    _printf_longlong_hex                     0x00000000   Number         0  stubs.o ABSOLUTE
    _printf_longlong_oct                     0x00000000   Number         0  stubs.o ABSOLUTE
    _printf_ls                               0x00000000   Number         0  stubs.o ABSOLUTE
    _printf_mbtowc                           0x00000000   Number         0  stubs.o ABSOLUTE
    _printf_n                                0x00000000   Number         0  stubs.o ABSOLUTE
    _printf_o                                0x00000000   Number         0  stubs.o ABSOLUTE
    _printf_p                                0x00000000   Number         0  stubs.o ABSOLUTE
    _printf_percent                          0x00000000   Number         0  stubs.o ABSOLUTE
    _printf_pre_padding                      0x00000000   Number         0  stubs.o ABSOLUTE
    _printf_return_value                     0x00000000   Number         0  stubs.o ABSOLUTE
    _printf_s                                0x00000000   Number         0  stubs.o ABSOLUTE
    _printf_sizespec                         0x00000000   Number         0  stubs.o ABSOLUTE
    _printf_str                              0x00000000   Number         0  stubs.o ABSOLUTE
    _printf_truncate_signed                  0x00000000   Number         0  stubs.o ABSOLUTE
    _printf_truncate_unsigned                0x00000000   Number         0  stubs.o ABSOLUTE
    _printf_u                                0x00000000   Number         0  stubs.o ABSOLUTE
    _printf_wc                               0x00000000   Number         0  stubs.o ABSOLUTE
    _printf_wctomb                           0x00000000   Number         0  stubs.o ABSOLUTE
    _printf_widthprec                        0x00000000   Number         0  stubs.o ABSOLUTE
    _printf_x                                0x00000000   Number         0  stubs.o ABSOLUTE
    __cpp_initialize__aeabi_                  - Undefined Weak Reference
    __cxa_finalize                            - Undefined Weak Reference
    __decompress                              - Undefined Weak Reference
    _clock_init                               - Undefined Weak Reference
    _microlib_exit                            - Undefined Weak Reference
    __Vectors_Size                           0x00000130   Number         0  startup_stm32f10x_hd.o ABSOLUTE
    __Vectors                                0x08000000   Data           4  startup_stm32f10x_hd.o(RESET)
    __Vectors_End                            0x08000130   Data           0  startup_stm32f10x_hd.o(RESET)
    __main                                   0x08000131   Thumb Code     0  entry.o(.ARM.Collect$$$$00000000)
    _main_stk                                0x08000131   Thumb Code     0  entry2.o(.ARM.Collect$$$$00000001)
    _main_scatterload                        0x08000135   Thumb Code     0  entry5.o(.ARM.Collect$$$$00000004)
    __main_after_scatterload                 0x08000139   Thumb Code     0  entry5.o(.ARM.Collect$$$$00000004)
    _main_clock                              0x08000139   Thumb Code     0  entry7b.o(.ARM.Collect$$$$00000008)
    _main_cpp_init                           0x08000139   Thumb Code     0  entry8b.o(.ARM.Collect$$$$0000000A)
    _main_init                               0x08000139   Thumb Code     0  entry9a.o(.ARM.Collect$$$$0000000B)
    __rt_final_cpp                           0x08000141   Thumb Code     0  entry10a.o(.ARM.Collect$$$$0000000D)
    __rt_final_exit                          0x08000141   Thumb Code     0  entry11a.o(.ARM.Collect$$$$0000000F)
    main                                     0x08000145   Thumb Code    44  main.o(.text)
    NMI_Handler                              0x08000171   Thumb Code     2  stm32f10x_it.o(.text)
    HardFault_Handler                        0x08000173   Thumb Code     2  stm32f10x_it.o(.text)
    MemManage_Handler                        0x08000175   Thumb Code     2  stm32f10x_it.o(.text)
    BusFault_Handler                         0x08000177   Thumb Code     2  stm32f10x_it.o(.text)
    UsageFault_Handler                       0x08000179   Thumb Code     2  stm32f10x_it.o(.text)
    SVC_Handler                              0x0800017b   Thumb Code     2  stm32f10x_it.o(.text)
    DebugMon_Handler                         0x0800017d   Thumb Code     2  stm32f10x_it.o(.text)
    PendSV_Handler                           0x0800017f   Thumb Code     2  stm32f10x_it.o(.text)
    SysTick_Handler                          0x08000181   Thumb Code     2  stm32f10x_it.o(.text)
    SystemInit                               0x08000225   Thumb Code    64  system_stm32f10x.o(.text)
    SystemCoreClockUpdate                    0x08000265   Thumb Code    86  system_stm32f10x.o(.text)
    LED_Init                                 0x080002dd   Thumb Code    50  led.o(.text)
    LCD_WR_REG                               0x08000315   Thumb Code     6  lcd.o(.text)
    LCD_WR_DATA                              0x0800031b   Thumb Code     8  lcd.o(.text)
    LCD_RD_DATA                              0x08000323   Thumb Code    18  lcd.o(.text)
    LCD_WriteReg                             0x08000335   Thumb Code    10  lcd.o(.text)
    LCD_ReadReg                              0x0800033f   Thumb Code    18  lcd.o(.text)
    LCD_WriteRAM_Prepare                     0x08000351   Thumb Code    10  lcd.o(.text)
    LCD_WriteRAM                             0x0800035b   Thumb Code     8  lcd.o(.text)
    LCD_BGR2RGB                              0x08000363   Thumb Code    18  lcd.o(.text)
    opt_delay                                0x08000375   Thumb Code     8  lcd.o(.text)
    LCD_SetCursor                            0x0800037d   Thumb Code   318  lcd.o(.text)
    LCD_ReadPoint                            0x080004bb   Thumb Code   260  lcd.o(.text)
    LCD_DisplayOn                            0x080005bf   Thumb Code    66  lcd.o(.text)
    LCD_DisplayOff                           0x08000601   Thumb Code    64  lcd.o(.text)
    LCD_Scan_Dir                             0x08000641   Thumb Code   422  lcd.o(.text)
    LCD_DrawPoint                            0x080007e7   Thumb Code    22  lcd.o(.text)
    LCD_Fast_DrawPoint                       0x080007fd   Thumb Code   276  lcd.o(.text)
    LCD_SSD_BackLightSet                     0x08000911   Thumb Code    50  lcd.o(.text)
    LCD_Display_Dir                          0x08000943   Thumb Code   302  lcd.o(.text)
    LCD_Set_Window                           0x08000a71   Thumb Code   390  lcd.o(.text)
    LCD_Clear                                0x08000bf7   Thumb Code   102  lcd.o(.text)
    LCD_Init                                 0x08000c5d   Thumb Code 11818  lcd.o(.text)
    LCD_Fill                                 0x08003a87   Thumb Code   132  lcd.o(.text)
    LCD_Color_Fill                           0x08003b0b   Thumb Code    84  lcd.o(.text)
    LCD_DrawLine                             0x08003b5f   Thumb Code   150  lcd.o(.text)
    LCD_DrawRectangle                        0x08003bf5   Thumb Code    54  lcd.o(.text)
    LCD_Draw_Circle                          0x08003c2b   Thumb Code   176  lcd.o(.text)
    LCD_ShowChar                             0x08003cdb   Thumb Code   182  lcd.o(.text)
    LCD_Pow                                  0x08003d91   Thumb Code    16  lcd.o(.text)
    LCD_ShowNum                              0x08003da1   Thumb Code   116  lcd.o(.text)
    LCD_ShowxNum                             0x08003e15   Thumb Code   158  lcd.o(.text)
    LCD_ShowString                           0x08003eb3   Thumb Code    82  lcd.o(.text)
    SPI2_ReadWriteByte                       0x08003f05   Thumb Code    76  spi.o(.text)
    SPI2_Init                                0x08003f51   Thumb Code   184  spi.o(.text)
    SPI2_SetSpeed                            0x08004009   Thumb Code    24  spi.o(.text)
    SPI_WriteByte                            0x08004021   Thumb Code    20  spi.o(.text)
    ReadRawRC                                0x08004041   Thumb Code    46  rc522.o(.text)
    WriteRawRC                               0x0800406f   Thumb Code    52  rc522.o(.text)
    ClearBitMask                             0x080040a3   Thumb Code    22  rc522.o(.text)
    SetBitMask                               0x080040b9   Thumb Code    22  rc522.o(.text)
    AntennaOn                                0x080040cf   Thumb Code    38  rc522.o(.text)
    MFRC522_Reset                            0x080040f5   Thumb Code   156  rc522.o(.text)
    MFRC522_Initializtion                    0x08004191   Thumb Code   134  rc522.o(.text)
    PcdComMF522                              0x08004217   Thumb Code   280  rc522.o(.text)
    CalulateCRC                              0x0800432f   Thumb Code   102  rc522.o(.text)
    PcdHalt                                  0x08004395   Thumb Code    48  rc522.o(.text)
    ReadID                                   0x080043c5   Thumb Code    72  rc522.o(.text)
    PcdRequest                               0x0800440d   Thumb Code   102  rc522.o(.text)
    PcdRead                                  0x08004473   Thumb Code    74  rc522.o(.text)
    PcdWrite                                 0x080044bd   Thumb Code   132  rc522.o(.text)
    PcdAuthState                             0x08004541   Thumb Code    80  rc522.o(.text)
    PcdSelect                                0x08004591   Thumb Code   100  rc522.o(.text)
    PcdAnticoll                              0x080045f5   Thumb Code   104  rc522.o(.text)
    RC522_search                             0x0800465d   Thumb Code    46  rfid_api.o(.text)
    RC522_Read_Mess                          0x0800468b   Thumb Code    94  rfid_api.o(.text)
    write_DoorKey                            0x080046e9   Thumb Code   130  rfid_api.o(.text)
    RC522_Add_User                           0x0800476b   Thumb Code    40  rfid_api.o(.text)
    mymemcpy                                 0x080047bd   Thumb Code    16  malloc.o(.text)
    mymemset                                 0x080047cd   Thumb Code    12  malloc.o(.text)
    my_mem_init                              0x080047d9   Thumb Code    50  malloc.o(.text)
    my_mem_perused                           0x0800480b   Thumb Code    48  malloc.o(.text)
    my_mem_malloc                            0x0800483b   Thumb Code   130  malloc.o(.text)
    my_mem_free                              0x080048bd   Thumb Code    80  malloc.o(.text)
    myfree                                   0x0800490d   Thumb Code    18  malloc.o(.text)
    mymalloc                                 0x0800491f   Thumb Code    28  malloc.o(.text)
    myrealloc                                0x0800493b   Thumb Code    54  malloc.o(.text)
    delay_init                               0x08004979   Thumb Code    46  delay.o(.text)
    delay_us                                 0x080049a7   Thumb Code    46  delay.o(.text)
    delay_ms                                 0x080049d5   Thumb Code    46  delay.o(.text)
    _sys_exit                                0x08004a11   Thumb Code     2  usart.o(.text)
    fputc                                    0x08004a13   Thumb Code    18  usart.o(.text)
    uart_init                                0x08004a25   Thumb Code   152  usart.o(.text)
    USART1_IRQHandler                        0x08004abd   Thumb Code    88  usart.o(.text)
    Reset_Handler                            0x08004b25   Thumb Code     8  startup_stm32f10x_hd.o(.text)
    ADC1_2_IRQHandler                        0x08004b3f   Thumb Code     0  startup_stm32f10x_hd.o(.text)
    ADC3_IRQHandler                          0x08004b3f   Thumb Code     0  startup_stm32f10x_hd.o(.text)
    CAN1_RX1_IRQHandler                      0x08004b3f   Thumb Code     0  startup_stm32f10x_hd.o(.text)
    CAN1_SCE_IRQHandler                      0x08004b3f   Thumb Code     0  startup_stm32f10x_hd.o(.text)
    DMA1_Channel1_IRQHandler                 0x08004b3f   Thumb Code     0  startup_stm32f10x_hd.o(.text)
    DMA1_Channel2_IRQHandler                 0x08004b3f   Thumb Code     0  startup_stm32f10x_hd.o(.text)
    DMA1_Channel3_IRQHandler                 0x08004b3f   Thumb Code     0  startup_stm32f10x_hd.o(.text)
    DMA1_Channel4_IRQHandler                 0x08004b3f   Thumb Code     0  startup_stm32f10x_hd.o(.text)
    DMA1_Channel5_IRQHandler                 0x08004b3f   Thumb Code     0  startup_stm32f10x_hd.o(.text)
    DMA1_Channel6_IRQHandler                 0x08004b3f   Thumb Code     0  startup_stm32f10x_hd.o(.text)
    DMA1_Channel7_IRQHandler                 0x08004b3f   Thumb Code     0  startup_stm32f10x_hd.o(.text)
    DMA2_Channel1_IRQHandler                 0x08004b3f   Thumb Code     0  startup_stm32f10x_hd.o(.text)
    DMA2_Channel2_IRQHandler                 0x08004b3f   Thumb Code     0  startup_stm32f10x_hd.o(.text)
    DMA2_Channel3_IRQHandler                 0x08004b3f   Thumb Code     0  startup_stm32f10x_hd.o(.text)
    DMA2_Channel4_5_IRQHandler               0x08004b3f   Thumb Code     0  startup_stm32f10x_hd.o(.text)
    EXTI0_IRQHandler                         0x08004b3f   Thumb Code     0  startup_stm32f10x_hd.o(.text)
    EXTI15_10_IRQHandler                     0x08004b3f   Thumb Code     0  startup_stm32f10x_hd.o(.text)
    EXTI1_IRQHandler                         0x08004b3f   Thumb Code     0  startup_stm32f10x_hd.o(.text)
    EXTI2_IRQHandler                         0x08004b3f   Thumb Code     0  startup_stm32f10x_hd.o(.text)
    EXTI3_IRQHandler                         0x08004b3f   Thumb Code     0  startup_stm32f10x_hd.o(.text)
    EXTI4_IRQHandler                         0x08004b3f   Thumb Code     0  startup_stm32f10x_hd.o(.text)
    EXTI9_5_IRQHandler                       0x08004b3f   Thumb Code     0  startup_stm32f10x_hd.o(.text)
    FLASH_IRQHandler                         0x08004b3f   Thumb Code     0  startup_stm32f10x_hd.o(.text)
    FSMC_IRQHandler                          0x08004b3f   Thumb Code     0  startup_stm32f10x_hd.o(.text)
    I2C1_ER_IRQHandler                       0x08004b3f   Thumb Code     0  startup_stm32f10x_hd.o(.text)
    I2C1_EV_IRQHandler                       0x08004b3f   Thumb Code     0  startup_stm32f10x_hd.o(.text)
    I2C2_ER_IRQHandler                       0x08004b3f   Thumb Code     0  startup_stm32f10x_hd.o(.text)
    I2C2_EV_IRQHandler                       0x08004b3f   Thumb Code     0  startup_stm32f10x_hd.o(.text)
    PVD_IRQHandler                           0x08004b3f   Thumb Code     0  startup_stm32f10x_hd.o(.text)
    RCC_IRQHandler                           0x08004b3f   Thumb Code     0  startup_stm32f10x_hd.o(.text)
    RTCAlarm_IRQHandler                      0x08004b3f   Thumb Code     0  startup_stm32f10x_hd.o(.text)
    RTC_IRQHandler                           0x08004b3f   Thumb Code     0  startup_stm32f10x_hd.o(.text)
    SDIO_IRQHandler                          0x08004b3f   Thumb Code     0  startup_stm32f10x_hd.o(.text)
    SPI1_IRQHandler                          0x08004b3f   Thumb Code     0  startup_stm32f10x_hd.o(.text)
    SPI2_IRQHandler                          0x08004b3f   Thumb Code     0  startup_stm32f10x_hd.o(.text)
    SPI3_IRQHandler                          0x08004b3f   Thumb Code     0  startup_stm32f10x_hd.o(.text)
    TAMPER_IRQHandler                        0x08004b3f   Thumb Code     0  startup_stm32f10x_hd.o(.text)
    TIM1_BRK_IRQHandler                      0x08004b3f   Thumb Code     0  startup_stm32f10x_hd.o(.text)
    TIM1_CC_IRQHandler                       0x08004b3f   Thumb Code     0  startup_stm32f10x_hd.o(.text)
    TIM1_TRG_COM_IRQHandler                  0x08004b3f   Thumb Code     0  startup_stm32f10x_hd.o(.text)
    TIM1_UP_IRQHandler                       0x08004b3f   Thumb Code     0  startup_stm32f10x_hd.o(.text)
    TIM2_IRQHandler                          0x08004b3f   Thumb Code     0  startup_stm32f10x_hd.o(.text)
    TIM3_IRQHandler                          0x08004b3f   Thumb Code     0  startup_stm32f10x_hd.o(.text)
    TIM4_IRQHandler                          0x08004b3f   Thumb Code     0  startup_stm32f10x_hd.o(.text)
    TIM5_IRQHandler                          0x08004b3f   Thumb Code     0  startup_stm32f10x_hd.o(.text)
    TIM6_IRQHandler                          0x08004b3f   Thumb Code     0  startup_stm32f10x_hd.o(.text)
    TIM7_IRQHandler                          0x08004b3f   Thumb Code     0  startup_stm32f10x_hd.o(.text)
    TIM8_BRK_IRQHandler                      0x08004b3f   Thumb Code     0  startup_stm32f10x_hd.o(.text)
    TIM8_CC_IRQHandler                       0x08004b3f   Thumb Code     0  startup_stm32f10x_hd.o(.text)
    TIM8_TRG_COM_IRQHandler                  0x08004b3f   Thumb Code     0  startup_stm32f10x_hd.o(.text)
    TIM8_UP_IRQHandler                       0x08004b3f   Thumb Code     0  startup_stm32f10x_hd.o(.text)
    UART4_IRQHandler                         0x08004b3f   Thumb Code     0  startup_stm32f10x_hd.o(.text)
    UART5_IRQHandler                         0x08004b3f   Thumb Code     0  startup_stm32f10x_hd.o(.text)
    USART2_IRQHandler                        0x08004b3f   Thumb Code     0  startup_stm32f10x_hd.o(.text)
    USART3_IRQHandler                        0x08004b3f   Thumb Code     0  startup_stm32f10x_hd.o(.text)
    USBWakeUp_IRQHandler                     0x08004b3f   Thumb Code     0  startup_stm32f10x_hd.o(.text)
    USB_HP_CAN1_TX_IRQHandler                0x08004b3f   Thumb Code     0  startup_stm32f10x_hd.o(.text)
    USB_LP_CAN1_RX0_IRQHandler               0x08004b3f   Thumb Code     0  startup_stm32f10x_hd.o(.text)
    WWDG_IRQHandler                          0x08004b3f   Thumb Code     0  startup_stm32f10x_hd.o(.text)
    NVIC_PriorityGroupConfig                 0x08004b49   Thumb Code    10  misc.o(.text)
    NVIC_Init                                0x08004b53   Thumb Code    94  misc.o(.text)
    NVIC_SetVectorTable                      0x08004bb1   Thumb Code    14  misc.o(.text)
    NVIC_SystemLPConfig                      0x08004bbf   Thumb Code    20  misc.o(.text)
    SysTick_CLKSourceConfig                  0x08004bd3   Thumb Code    24  misc.o(.text)
    FSMC_NORSRAMDeInit                       0x08004bf9   Thumb Code    38  stm32f10x_fsmc.o(.text)
    FSMC_NANDDeInit                          0x08004c1f   Thumb Code    40  stm32f10x_fsmc.o(.text)
    FSMC_PCCARDDeInit                        0x08004c47   Thumb Code    26  stm32f10x_fsmc.o(.text)
    FSMC_NORSRAMInit                         0x08004c61   Thumb Code   200  stm32f10x_fsmc.o(.text)
    FSMC_NANDInit                            0x08004d29   Thumb Code   104  stm32f10x_fsmc.o(.text)
    FSMC_PCCARDInit                          0x08004d91   Thumb Code   102  stm32f10x_fsmc.o(.text)
    FSMC_NORSRAMStructInit                   0x08004df7   Thumb Code    98  stm32f10x_fsmc.o(.text)
    FSMC_NANDStructInit                      0x08004e59   Thumb Code    54  stm32f10x_fsmc.o(.text)
    FSMC_PCCARDStructInit                    0x08004e8f   Thumb Code    60  stm32f10x_fsmc.o(.text)
    FSMC_NORSRAMCmd                          0x08004ecb   Thumb Code    26  stm32f10x_fsmc.o(.text)
    FSMC_NANDCmd                             0x08004ee5   Thumb Code    54  stm32f10x_fsmc.o(.text)
    FSMC_PCCARDCmd                           0x08004f1b   Thumb Code    28  stm32f10x_fsmc.o(.text)
    FSMC_NANDECCCmd                          0x08004f37   Thumb Code    54  stm32f10x_fsmc.o(.text)
    FSMC_GetECC                              0x08004f6d   Thumb Code    18  stm32f10x_fsmc.o(.text)
    FSMC_ITConfig                            0x08004f7f   Thumb Code    72  stm32f10x_fsmc.o(.text)
    FSMC_GetFlagStatus                       0x08004fc7   Thumb Code    40  stm32f10x_fsmc.o(.text)
    FSMC_ClearFlag                           0x08004fef   Thumb Code    38  stm32f10x_fsmc.o(.text)
    FSMC_GetITStatus                         0x08005015   Thumb Code    48  stm32f10x_fsmc.o(.text)
    FSMC_ClearITPendingBit                   0x08005045   Thumb Code    42  stm32f10x_fsmc.o(.text)
    GPIO_DeInit                              0x08005075   Thumb Code   152  stm32f10x_gpio.o(.text)
    GPIO_AFIODeInit                          0x0800510d   Thumb Code    22  stm32f10x_gpio.o(.text)
    GPIO_Init                                0x08005123   Thumb Code   156  stm32f10x_gpio.o(.text)
    GPIO_StructInit                          0x080051bf   Thumb Code    16  stm32f10x_gpio.o(.text)
    GPIO_ReadInputDataBit                    0x080051cf   Thumb Code    14  stm32f10x_gpio.o(.text)
    GPIO_ReadInputData                       0x080051dd   Thumb Code     6  stm32f10x_gpio.o(.text)
    GPIO_ReadOutputDataBit                   0x080051e3   Thumb Code    14  stm32f10x_gpio.o(.text)
    GPIO_ReadOutputData                      0x080051f1   Thumb Code     6  stm32f10x_gpio.o(.text)
    GPIO_SetBits                             0x080051f7   Thumb Code     4  stm32f10x_gpio.o(.text)
    GPIO_ResetBits                           0x080051fb   Thumb Code     4  stm32f10x_gpio.o(.text)
    GPIO_WriteBit                            0x080051ff   Thumb Code    10  stm32f10x_gpio.o(.text)
    GPIO_Write                               0x08005209   Thumb Code     4  stm32f10x_gpio.o(.text)
    GPIO_PinLockConfig                       0x0800520d   Thumb Code    16  stm32f10x_gpio.o(.text)
    GPIO_EventOutputConfig                   0x0800521d   Thumb Code    22  stm32f10x_gpio.o(.text)
    GPIO_EventOutputCmd                      0x08005233   Thumb Code     6  stm32f10x_gpio.o(.text)
    GPIO_PinRemapConfig                      0x08005239   Thumb Code    82  stm32f10x_gpio.o(.text)
    GPIO_EXTILineConfig                      0x0800528b   Thumb Code    34  stm32f10x_gpio.o(.text)
    GPIO_ETH_MediaInterfaceConfig            0x080052ad   Thumb Code     8  stm32f10x_gpio.o(.text)
    RCC_DeInit                               0x080052d9   Thumb Code    50  stm32f10x_rcc.o(.text)
    RCC_HSEConfig                            0x0800530b   Thumb Code    48  stm32f10x_rcc.o(.text)
    RCC_GetFlagStatus                        0x0800533b   Thumb Code    42  stm32f10x_rcc.o(.text)
    RCC_WaitForHSEStartUp                    0x08005365   Thumb Code    44  stm32f10x_rcc.o(.text)
    RCC_AdjustHSICalibrationValue            0x08005391   Thumb Code    16  stm32f10x_rcc.o(.text)
    RCC_HSICmd                               0x080053a1   Thumb Code     6  stm32f10x_rcc.o(.text)
    RCC_PLLConfig                            0x080053a7   Thumb Code    16  stm32f10x_rcc.o(.text)
    RCC_PLLCmd                               0x080053b7   Thumb Code     6  stm32f10x_rcc.o(.text)
    RCC_SYSCLKConfig                         0x080053bd   Thumb Code    14  stm32f10x_rcc.o(.text)
    RCC_GetSYSCLKSource                      0x080053cb   Thumb Code    10  stm32f10x_rcc.o(.text)
    RCC_HCLKConfig                           0x080053d5   Thumb Code    14  stm32f10x_rcc.o(.text)
    RCC_PCLK1Config                          0x080053e3   Thumb Code    14  stm32f10x_rcc.o(.text)
    RCC_PCLK2Config                          0x080053f1   Thumb Code    16  stm32f10x_rcc.o(.text)
    RCC_ITConfig                             0x08005401   Thumb Code    18  stm32f10x_rcc.o(.text)
    RCC_USBCLKConfig                         0x08005413   Thumb Code     8  stm32f10x_rcc.o(.text)
    RCC_ADCCLKConfig                         0x0800541b   Thumb Code    14  stm32f10x_rcc.o(.text)
    RCC_LSEConfig                            0x08005429   Thumb Code    28  stm32f10x_rcc.o(.text)
    RCC_LSICmd                               0x08005445   Thumb Code     6  stm32f10x_rcc.o(.text)
    RCC_RTCCLKConfig                         0x0800544b   Thumb Code    10  stm32f10x_rcc.o(.text)
    RCC_RTCCLKCmd                            0x08005455   Thumb Code     8  stm32f10x_rcc.o(.text)
    RCC_GetClocksFreq                        0x0800545d   Thumb Code   132  stm32f10x_rcc.o(.text)
    RCC_AHBPeriphClockCmd                    0x080054e1   Thumb Code    18  stm32f10x_rcc.o(.text)
    RCC_APB2PeriphClockCmd                   0x080054f3   Thumb Code    18  stm32f10x_rcc.o(.text)
    RCC_APB1PeriphClockCmd                   0x08005505   Thumb Code    18  stm32f10x_rcc.o(.text)
    RCC_APB2PeriphResetCmd                   0x08005517   Thumb Code    18  stm32f10x_rcc.o(.text)
    RCC_APB1PeriphResetCmd                   0x08005529   Thumb Code    18  stm32f10x_rcc.o(.text)
    RCC_BackupResetCmd                       0x0800553b   Thumb Code     8  stm32f10x_rcc.o(.text)
    RCC_ClockSecuritySystemCmd               0x08005543   Thumb Code     6  stm32f10x_rcc.o(.text)
    RCC_MCOConfig                            0x08005549   Thumb Code     6  stm32f10x_rcc.o(.text)
    RCC_ClearFlag                            0x0800554f   Thumb Code    12  stm32f10x_rcc.o(.text)
    RCC_GetITStatus                          0x0800555b   Thumb Code    16  stm32f10x_rcc.o(.text)
    RCC_ClearITPendingBit                    0x0800556b   Thumb Code     6  stm32f10x_rcc.o(.text)
    USART_DeInit                             0x08005591   Thumb Code    96  stm32f10x_usart.o(.text)
    USART_Init                               0x080055f1   Thumb Code   166  stm32f10x_usart.o(.text)
    USART_StructInit                         0x08005697   Thumb Code    22  stm32f10x_usart.o(.text)
    USART_ClockInit                          0x080056ad   Thumb Code    30  stm32f10x_usart.o(.text)
    USART_ClockStructInit                    0x080056cb   Thumb Code    12  stm32f10x_usart.o(.text)
    USART_Cmd                                0x080056d7   Thumb Code    20  stm32f10x_usart.o(.text)
    USART_ITConfig                           0x080056eb   Thumb Code    48  stm32f10x_usart.o(.text)
    USART_DMACmd                             0x0800571b   Thumb Code    16  stm32f10x_usart.o(.text)
    USART_SetAddress                         0x0800572b   Thumb Code    16  stm32f10x_usart.o(.text)
    USART_WakeUpConfig                       0x0800573b   Thumb Code    16  stm32f10x_usart.o(.text)
    USART_ReceiverWakeUpCmd                  0x0800574b   Thumb Code    20  stm32f10x_usart.o(.text)
    USART_LINBreakDetectLengthConfig         0x0800575f   Thumb Code    16  stm32f10x_usart.o(.text)
    USART_LINCmd                             0x0800576f   Thumb Code    20  stm32f10x_usart.o(.text)
    USART_SendData                           0x08005783   Thumb Code     8  stm32f10x_usart.o(.text)
    USART_ReceiveData                        0x0800578b   Thumb Code     8  stm32f10x_usart.o(.text)
    USART_SendBreak                          0x08005793   Thumb Code    10  stm32f10x_usart.o(.text)
    USART_SetGuardTime                       0x0800579d   Thumb Code    16  stm32f10x_usart.o(.text)
    USART_SetPrescaler                       0x080057ad   Thumb Code    16  stm32f10x_usart.o(.text)
    USART_SmartCardCmd                       0x080057bd   Thumb Code    20  stm32f10x_usart.o(.text)
    USART_SmartCardNACKCmd                   0x080057d1   Thumb Code    20  stm32f10x_usart.o(.text)
    USART_HalfDuplexCmd                      0x080057e5   Thumb Code    20  stm32f10x_usart.o(.text)
    USART_OverSampling8Cmd                   0x080057f9   Thumb Code    20  stm32f10x_usart.o(.text)
    USART_OneBitMethodCmd                    0x0800580d   Thumb Code    20  stm32f10x_usart.o(.text)
    USART_IrDAConfig                         0x08005821   Thumb Code    16  stm32f10x_usart.o(.text)
    USART_IrDACmd                            0x08005831   Thumb Code    20  stm32f10x_usart.o(.text)
    USART_GetFlagStatus                      0x08005845   Thumb Code    14  stm32f10x_usart.o(.text)
    USART_ClearFlag                          0x08005853   Thumb Code     6  stm32f10x_usart.o(.text)
    USART_GetITStatus                        0x08005859   Thumb Code    62  stm32f10x_usart.o(.text)
    USART_ClearITPendingBit                  0x08005897   Thumb Code    12  stm32f10x_usart.o(.text)
    SPI_I2S_DeInit                           0x080058b9   Thumb Code    72  stm32f10x_spi.o(.text)
    SPI_Init                                 0x08005901   Thumb Code    56  stm32f10x_spi.o(.text)
    I2S_Init                                 0x08005939   Thumb Code   150  stm32f10x_spi.o(.text)
    SPI_StructInit                           0x080059cf   Thumb Code    24  stm32f10x_spi.o(.text)
    I2S_StructInit                           0x080059e7   Thumb Code    18  stm32f10x_spi.o(.text)
    SPI_Cmd                                  0x080059f9   Thumb Code    20  stm32f10x_spi.o(.text)
    I2S_Cmd                                  0x08005a0d   Thumb Code    20  stm32f10x_spi.o(.text)
    SPI_I2S_ITConfig                         0x08005a21   Thumb Code    24  stm32f10x_spi.o(.text)
    SPI_I2S_DMACmd                           0x08005a39   Thumb Code    16  stm32f10x_spi.o(.text)
    SPI_I2S_SendData                         0x08005a49   Thumb Code     4  stm32f10x_spi.o(.text)
    SPI_I2S_ReceiveData                      0x08005a4d   Thumb Code     4  stm32f10x_spi.o(.text)
    SPI_NSSInternalSoftwareConfig            0x08005a51   Thumb Code    24  stm32f10x_spi.o(.text)
    SPI_SSOutputCmd                          0x08005a69   Thumb Code    20  stm32f10x_spi.o(.text)
    SPI_DataSizeConfig                       0x08005a7d   Thumb Code    16  stm32f10x_spi.o(.text)
    SPI_TransmitCRC                          0x08005a8d   Thumb Code    10  stm32f10x_spi.o(.text)
    SPI_CalculateCRC                         0x08005a97   Thumb Code    20  stm32f10x_spi.o(.text)
    SPI_GetCRC                               0x08005aab   Thumb Code    12  stm32f10x_spi.o(.text)
    SPI_GetCRCPolynomial                     0x08005ab7   Thumb Code     4  stm32f10x_spi.o(.text)
    SPI_BiDirectionalLineConfig              0x08005abb   Thumb Code    22  stm32f10x_spi.o(.text)
    SPI_I2S_GetFlagStatus                    0x08005ad1   Thumb Code    14  stm32f10x_spi.o(.text)
    SPI_I2S_ClearFlag                        0x08005adf   Thumb Code     6  stm32f10x_spi.o(.text)
    SPI_I2S_GetITStatus                      0x08005ae5   Thumb Code    44  stm32f10x_spi.o(.text)
    SPI_I2S_ClearITPendingBit                0x08005b11   Thumb Code    14  stm32f10x_spi.o(.text)
    __aeabi_memcpy                           0x08005b2d   Thumb Code    36  memcpya.o(.text)
    __aeabi_memcpy4                          0x08005b2d   Thumb Code     0  memcpya.o(.text)
    __aeabi_memcpy8                          0x08005b2d   Thumb Code     0  memcpya.o(.text)
    __aeabi_memset                           0x08005b51   Thumb Code    14  memseta.o(.text)
    __aeabi_memset4                          0x08005b51   Thumb Code     0  memseta.o(.text)
    __aeabi_memset8                          0x08005b51   Thumb Code     0  memseta.o(.text)
    __aeabi_memclr                           0x08005b5f   Thumb Code     4  memseta.o(.text)
    __aeabi_memclr4                          0x08005b5f   Thumb Code     0  memseta.o(.text)
    __aeabi_memclr8                          0x08005b5f   Thumb Code     0  memseta.o(.text)
    _memset$wrapper                          0x08005b63   Thumb Code    18  memseta.o(.text)
    __aeabi_dmul                             0x08005b75   Thumb Code   228  dmul.o(.text)
    __aeabi_ui2d                             0x08005c59   Thumb Code    26  dfltui.o(.text)
    __aeabi_d2uiz                            0x08005c73   Thumb Code    50  dfixui.o(.text)
    __aeabi_uldivmod                         0x08005ca5   Thumb Code    98  uldiv.o(.text)
    __aeabi_llsr                             0x08005d07   Thumb Code    32  llushr.o(.text)
    _ll_ushift_r                             0x08005d07   Thumb Code     0  llushr.o(.text)
    __I$use$fp                               0x08005d27   Thumb Code     0  iusefp.o(.text)
    _double_round                            0x08005d27   Thumb Code    30  depilogue.o(.text)
    _double_epilogue                         0x08005d45   Thumb Code   156  depilogue.o(.text)
    __scatterload                            0x08005de1   Thumb Code    28  init.o(.text)
    __scatterload_rt2                        0x08005de1   Thumb Code     0  init.o(.text)
    __aeabi_llsl                             0x08005e05   Thumb Code    30  llshl.o(.text)
    _ll_shift_l                              0x08005e05   Thumb Code     0  llshl.o(.text)
    __0printf$5                              0x08005e25   Thumb Code    22  printf5.o(i.__0printf$5)
    __1printf$5                              0x08005e25   Thumb Code     0  printf5.o(i.__0printf$5)
    __2printf                                0x08005e25   Thumb Code     0  printf5.o(i.__0printf$5)
    __scatterload_copy                       0x08005e45   Thumb Code    14  handlers.o(i.__scatterload_copy)
    __scatterload_null                       0x08005e53   Thumb Code     2  handlers.o(i.__scatterload_null)
    __scatterload_zeroinit                   0x08005e55   Thumb Code    14  handlers.o(i.__scatterload_zeroinit)
    asc2_1206                                0x08006124   Data        1140  lcd.o(.constdata)
    asc2_1608                                0x08006598   Data        1520  lcd.o(.constdata)
    asc2_2412                                0x08006b88   Data        3420  lcd.o(.constdata)
    memtblsize                               0x080078f8   Data           8  malloc.o(.constdata)
    memblksize                               0x08007900   Data           8  malloc.o(.constdata)
    memsize                                  0x08007908   Data           8  malloc.o(.constdata)
    Region$$Table$$Base                      0x08007910   Number         0  anon$$obj.o(Region$$Table)
    Region$$Table$$Limit                     0x08007930   Number         0  anon$$obj.o(Region$$Table)
    SystemCoreClock                          0x20000000   Data           4  system_stm32f10x.o(.data)
    AHBPrescTable                            0x20000004   Data          16  system_stm32f10x.o(.data)
    POINT_COLOR                              0x20000014   Data           2  lcd.o(.data)
    BACK_COLOR                               0x20000016   Data           2  lcd.o(.data)
    Card_Type                                0x2000001a   Data           2  rfid_api.o(.data)
    study_num                                0x2000001c   Data           4  rfid_api.o(.data)
    CardID                                   0x20000020   Data           4  rfid_api.o(.data)
    DefaultKey                               0x20000024   Data           6  rfid_api.o(.data)
    door_key                                 0x2000002a   Data           6  rfid_api.o(.data)
    mallco_dev                               0x20000030   Data          28  malloc.o(.data)
    USART_RX_STA                             0x20000050   Data           2  usart.o(.data)
    __stdout                                 0x20000054   Data           4  usart.o(.data)
    lcddev                                   0x2000006c   Data          14  lcd.o(.bss)
    RC522_Wbuff                              0x2000007a   Data          16  rfid_api.o(.bss)
    RC522_Rbuff                              0x2000008a   Data          16  rfid_api.o(.bss)
    mem1base                                 0x200000a0   Data       10240  malloc.o(.bss)
    mem1mapbase                              0x200028a0   Data         640  malloc.o(.bss)
    USART_RX_BUF                             0x20002b20   Data         200  usart.o(.bss)
    __initial_sp                             0x20002fe8   Data           0  startup_stm32f10x_hd.o(STACK)
    mem2base                                 0x68000000   Data       983040  malloc.o(.ARM.__AT_0x68000000)
    mem2mapbase                              0x680f0000   Data       61440  malloc.o(.ARM.__AT_0x680F0000)



==============================================================================

Memory Map of the image

  Image Entry point : 0x08000131

  Load Region LR_IROM1 (Base: 0x08000000, Size: 0x0000799c, Max: 0x00010000, ABSOLUTE)

    Execution Region ER_IROM1 (Exec base: 0x08000000, Load base: 0x08000000, Size: 0x00007930, Max: 0x00010000, ABSOLUTE)

    Exec Addr    Load Addr    Size         Type   Attr      Idx    E Section Name        Object

    0x08000000   0x08000000   0x00000130   Data   RO          436    RESET               startup_stm32f10x_hd.o
    0x08000130   0x08000130   0x00000000   Code   RO          528  * .ARM.Collect$$$$00000000  mc_w.l(entry.o)
    0x08000130   0x08000130   0x00000004   Code   RO          804    .ARM.Collect$$$$00000001  mc_w.l(entry2.o)
    0x08000134   0x08000134   0x00000004   Code   RO          807    .ARM.Collect$$$$00000004  mc_w.l(entry5.o)
    0x08000138   0x08000138   0x00000000   Code   RO          809    .ARM.Collect$$$$00000008  mc_w.l(entry7b.o)
    0x08000138   0x08000138   0x00000000   Code   RO          811    .ARM.Collect$$$$0000000A  mc_w.l(entry8b.o)
    0x08000138   0x08000138   0x00000008   Code   RO          812    .ARM.Collect$$$$0000000B  mc_w.l(entry9a.o)
    0x08000140   0x08000140   0x00000000   Code   RO          814    .ARM.Collect$$$$0000000D  mc_w.l(entry10a.o)
    0x08000140   0x08000140   0x00000000   Code   RO          816    .ARM.Collect$$$$0000000F  mc_w.l(entry11a.o)
    0x08000140   0x08000140   0x00000004   Code   RO          805    .ARM.Collect$$$$00002712  mc_w.l(entry2.o)
    0x08000144   0x08000144   0x0000002c   Code   RO            1    .text               main.o
    0x08000170   0x08000170   0x00000012   Code   RO          149    .text               stm32f10x_it.o
    0x08000182   0x08000182   0x00000002   PAD
    0x08000184   0x08000184   0x00000158   Code   RO          190    .text               system_stm32f10x.o
    0x080002dc   0x080002dc   0x00000038   Code   RO          208    .text               led.o
    0x08000314   0x08000314   0x00003bf0   Code   RO          233    .text               lcd.o
    0x08003f04   0x08003f04   0x0000013c   Code   RO          257    .text               spi.o
    0x08004040   0x08004040   0x0000061c   Code   RO          293    .text               rc522.o
    0x0800465c   0x0800465c   0x00000160   Code   RO          318    .text               rfid_api.o
    0x080047bc   0x080047bc   0x000001bc   Code   RO          345    .text               malloc.o
    0x08004978   0x08004978   0x00000098   Code   RO          369    .text               delay.o
    0x08004a10   0x08004a10   0x00000114   Code   RO          400    .text               usart.o
    0x08004b24   0x08004b24   0x00000024   Code   RO          437    .text               startup_stm32f10x_hd.o
    0x08004b48   0x08004b48   0x000000b0   Code   RO          441    .text               misc.o
    0x08004bf8   0x08004bf8   0x0000047c   Code   RO          453    .text               stm32f10x_fsmc.o
    0x08005074   0x08005074   0x00000264   Code   RO          465    .text               stm32f10x_gpio.o
    0x080052d8   0x080052d8   0x000002b8   Code   RO          477    .text               stm32f10x_rcc.o
    0x08005590   0x08005590   0x00000328   Code   RO          504    .text               stm32f10x_usart.o
    0x080058b8   0x080058b8   0x00000274   Code   RO          516    .text               stm32f10x_spi.o
    0x08005b2c   0x08005b2c   0x00000024   Code   RO          531    .text               mc_w.l(memcpya.o)
    0x08005b50   0x08005b50   0x00000024   Code   RO          533    .text               mc_w.l(memseta.o)
    0x08005b74   0x08005b74   0x000000e4   Code   RO          798    .text               mf_w.l(dmul.o)
    0x08005c58   0x08005c58   0x0000001a   Code   RO          800    .text               mf_w.l(dfltui.o)
    0x08005c72   0x08005c72   0x00000032   Code   RO          802    .text               mf_w.l(dfixui.o)
    0x08005ca4   0x08005ca4   0x00000062   Code   RO          820    .text               mc_w.l(uldiv.o)
    0x08005d06   0x08005d06   0x00000020   Code   RO          822    .text               mc_w.l(llushr.o)
    0x08005d26   0x08005d26   0x00000000   Code   RO          824    .text               mc_w.l(iusefp.o)
    0x08005d26   0x08005d26   0x000000ba   Code   RO          825    .text               mf_w.l(depilogue.o)
    0x08005de0   0x08005de0   0x00000024   Code   RO          835    .text               mc_w.l(init.o)
    0x08005e04   0x08005e04   0x0000001e   Code   RO          837    .text               mc_w.l(llshl.o)
    0x08005e22   0x08005e22   0x00000002   PAD
    0x08005e24   0x08005e24   0x00000020   Code   RO          670    i.__0printf$5       mc_w.l(printf5.o)
    0x08005e44   0x08005e44   0x0000000e   Code   RO          843    i.__scatterload_copy  mc_w.l(handlers.o)
    0x08005e52   0x08005e52   0x00000002   Code   RO          844    i.__scatterload_null  mc_w.l(handlers.o)
    0x08005e54   0x08005e54   0x0000000e   Code   RO          845    i.__scatterload_zeroinit  mc_w.l(handlers.o)
    0x08005e62   0x08005e62   0x00000002   PAD
    0x08005e64   0x08005e64   0x000002c0   Code   RO          677    i._printf_core      mc_w.l(printf5.o)
    0x08006124   0x08006124   0x000017c0   Data   RO          235    .constdata          lcd.o
    0x080078e4   0x080078e4   0x00000012   Data   RO          320    .constdata          rfid_api.o
    0x080078f6   0x080078f6   0x00000002   PAD
    0x080078f8   0x080078f8   0x00000018   Data   RO          350    .constdata          malloc.o
    0x08007910   0x08007910   0x00000020   Data   RO          841    Region$$Table       anon$$obj.o


    Execution Region RW_IRAM1 (Exec base: 0x20000000, Load base: 0x08007930, Size: 0x00002fe8, Max: 0x00005000, ABSOLUTE)

    Exec Addr    Load Addr    Size         Type   Attr      Idx    E Section Name        Object

    0x20000000   0x08007930   0x00000014   Data   RW          191    .data               system_stm32f10x.o
    0x20000014   0x08007944   0x00000004   Data   RW          236    .data               lcd.o
    0x20000018   0x08007948   0x00000018   Data   RW          321    .data               rfid_api.o
    0x20000030   0x08007960   0x0000001c   Data   RW          351    .data               malloc.o
    0x2000004c   0x0800797c   0x00000004   Data   RW          370    .data               delay.o
    0x20000050   0x08007980   0x00000002   Data   RW          402    .data               usart.o
    0x20000052   0x08007982   0x00000002   PAD
    0x20000054   0x08007984   0x00000004   Data   RW          403    .data               usart.o
    0x20000058   0x08007988   0x00000014   Data   RW          478    .data               stm32f10x_rcc.o
    0x2000006c        -       0x0000000e   Zero   RW          234    .bss                lcd.o
    0x2000007a        -       0x00000020   Zero   RW          319    .bss                rfid_api.o
    0x2000009a   0x0800799c   0x00000006   PAD
    0x200000a0        -       0x00002800   Zero   RW          348    .bss                malloc.o
    0x200028a0        -       0x00000280   Zero   RW          349    .bss                malloc.o
    0x20002b20        -       0x000000c8   Zero   RW          401    .bss                usart.o
    0x20002be8        -       0x00000400   Zero   RW          434    STACK               startup_stm32f10x_hd.o



  Load Region LR$$.ARM.__AT_0x68000000 (Base: 0x68000000, Size: 0x00000000, Max: 0x000f0000, ABSOLUTE)

    Execution Region ER$$.ARM.__AT_0x68000000 (Exec base: 0x68000000, Load base: 0x68000000, Size: 0x000f0000, Max: 0x000f0000, ABSOLUTE, UNINIT)

    Exec Addr    Load Addr    Size         Type   Attr      Idx    E Section Name        Object

    0x68000000        -       0x000f0000   Zero   RW          346    .ARM.__AT_0x68000000  malloc.o



  Load Region LR$$.ARM.__AT_0x680F0000 (Base: 0x680f0000, Size: 0x00000000, Max: 0x0000f000, ABSOLUTE)

    Execution Region ER$$.ARM.__AT_0x680F0000 (Exec base: 0x680f0000, Load base: 0x680f0000, Size: 0x0000f000, Max: 0x0000f000, ABSOLUTE, UNINIT)

    Exec Addr    Load Addr    Size         Type   Attr      Idx    E Section Name        Object

    0x680f0000        -       0x0000f000   Zero   RW          347    .ARM.__AT_0x680F0000  malloc.o


==============================================================================

Image component sizes


      Code (inc. data)   RO Data    RW Data    ZI Data      Debug   Object Name

       152         14          0          4          0       1135   delay.o
     15344        118       6080          4         14      55360   lcd.o
        56          6          0          0          0        515   led.o
        44          0          0          0          0     246523   main.o
       444          8         24         28    1055360       4966   malloc.o
       176         14          0          0          0       1949   misc.o
      1564         18          0          0          0       6961   rc522.o
       352         42         18         24         32       2672   rfid_api.o
       316         12          0          0          0       1751   spi.o
        36          8        304          0       1024        800   startup_stm32f10x_hd.o
      1148          6          0          0          0       5911   stm32f10x_fsmc.o
       612         36          0          0          0       6077   stm32f10x_gpio.o
        18          0          0          0          0       1182   stm32f10x_it.o
       696         32          0         20          0       9080   stm32f10x_rcc.o
       628         14          0          0          0       7102   stm32f10x_spi.o
       808         22          0          0          0       8940   stm32f10x_usart.o
         0          0          0          0          0         32   sys.o
       344         34          0         20          0       1855   system_stm32f10x.o
       276         16          0          6        200       3322   usart.o

    ----------------------------------------------------------------------
     23016        400       6460        108    1056636     366133   Object Totals
         0          0         32          0          0          0   (incl. Generated)
         2          0          2          2          6          0   (incl. Padding)

    ----------------------------------------------------------------------

      Code (inc. data)   RO Data    RW Data    ZI Data      Debug   Library Member Name

         0          0          0          0          0          0   entry.o
         0          0          0          0          0          0   entry10a.o
         0          0          0          0          0          0   entry11a.o
         8          4          0          0          0          0   entry2.o
         4          0          0          0          0          0   entry5.o
         0          0          0          0          0          0   entry7b.o
         0          0          0          0          0          0   entry8b.o
         8          4          0          0          0          0   entry9a.o
        30          0          0          0          0          0   handlers.o
        36          8          0          0          0         68   init.o
         0          0          0          0          0          0   iusefp.o
        30          0          0          0          0         68   llshl.o
        32          0          0          0          0         68   llushr.o
        36          0          0          0          0         68   memcpya.o
        36          0          0          0          0        108   memseta.o
       736         56          0          0          0        184   printf5.o
        98          0          0          0          0         92   uldiv.o
       186          0          0          0          0        176   depilogue.o
        50          0          0          0          0         76   dfixui.o
        26          0          0          0          0         76   dfltui.o
       228          0          0          0          0         96   dmul.o

    ----------------------------------------------------------------------
      1548         72          0          0          0       1080   Library Totals
         4          0          0          0          0          0   (incl. Padding)

    ----------------------------------------------------------------------

      Code (inc. data)   RO Data    RW Data    ZI Data      Debug   Library Name

      1054         72          0          0          0        656   mc_w.l
       490          0          0          0          0        424   mf_w.l

    ----------------------------------------------------------------------
      1548         72          0          0          0       1080   Library Totals

    ----------------------------------------------------------------------

==============================================================================


      Code (inc. data)   RO Data    RW Data    ZI Data      Debug   

     24564        472       6460        108    1056636     364713   Grand Totals
     24564        472       6460        108    1056636     364713   ELF Image Totals
     24564        472       6460        108          0          0   ROM Totals

==============================================================================

    Total RO  Size (Code + RO Data)                31024 (  30.30kB)
    Total RW  Size (RW Data + ZI Data)           1056744 (1031.98kB)
    Total ROM Size (Code + RO Data + RW Data)      31132 (  30.40kB)

==============================================================================

