Component: ARM Compiler 5.06 update 6 (build 750) Tool: armlink [4d35ed]

==============================================================================

Section Cross References

    startup_stm32f103xb.o(RESET) refers to startup_stm32f103xb.o(STACK) for __initial_sp
    startup_stm32f103xb.o(RESET) refers to startup_stm32f103xb.o(.text) for Reset_Handler
    startup_stm32f103xb.o(RESET) refers to stm32f1xx_it.o(i.NMI_Handler) for NMI_Handler
    startup_stm32f103xb.o(RESET) refers to stm32f1xx_it.o(i.HardFault_Handler) for HardFault_Handler
    startup_stm32f103xb.o(RESET) refers to stm32f1xx_it.o(i.MemManage_Handler) for MemManage_Handler
    startup_stm32f103xb.o(RESET) refers to stm32f1xx_it.o(i.BusFault_Handler) for BusFault_Handler
    startup_stm32f103xb.o(RESET) refers to stm32f1xx_it.o(i.UsageFault_Handler) for UsageFault_Handler
    startup_stm32f103xb.o(RESET) refers to port.o(.emb_text) for SVC_Handler
    startup_stm32f103xb.o(RESET) refers to stm32f1xx_it.o(i.DebugMon_Handler) for DebugMon_Handler
    startup_stm32f103xb.o(RESET) refers to stm32f1xx_it.o(i.SysTick_Handler) for SysTick_Handler
    startup_stm32f103xb.o(.text) refers to system_stm32f1xx.o(i.SystemInit) for SystemInit
    startup_stm32f103xb.o(.text) refers to entry.o(.ARM.Collect$$$$00000000) for __main
    rc522.o(i.AntennaOn) refers to rc522.o(i.ReadRawRC) for ReadRawRC
    rc522.o(i.AntennaOn) refers to rc522.o(i.SetBitMask) for SetBitMask
    rc522.o(i.AntennaOn) refers to rc522.o(i.ClearBitMask) for ClearBitMask
    rc522.o(i.CalulateCRC) refers to rc522.o(i.ClearBitMask) for ClearBitMask
    rc522.o(i.CalulateCRC) refers to rc522.o(i.WriteRawRC) for WriteRawRC
    rc522.o(i.CalulateCRC) refers to rc522.o(i.SetBitMask) for SetBitMask
    rc522.o(i.CalulateCRC) refers to rc522.o(i.ReadRawRC) for ReadRawRC
    rc522.o(i.ClearBitMask) refers to rc522.o(i.ReadRawRC) for ReadRawRC
    rc522.o(i.ClearBitMask) refers to rc522.o(i.WriteRawRC) for WriteRawRC
    rc522.o(i.MFRC522_Initializtion) refers to rc522.o(i.MFRC522_Reset) for MFRC522_Reset
    rc522.o(i.MFRC522_Initializtion) refers to rc522.o(i.AntennaOn) for AntennaOn
    rc522.o(i.MFRC522_Initializtion) refers to stm32f1xx_hal.o(i.HAL_Delay) for HAL_Delay
    rc522.o(i.MFRC522_Initializtion) refers to rc522.o(i.ClearBitMask) for ClearBitMask
    rc522.o(i.MFRC522_Initializtion) refers to rc522.o(i.WriteRawRC) for WriteRawRC
    rc522.o(i.MFRC522_Initializtion) refers to rc522.o(i.ReadRawRC) for ReadRawRC
    rc522.o(i.MFRC522_Reset) refers to stm32f1xx_hal_gpio.o(i.HAL_GPIO_WritePin) for HAL_GPIO_WritePin
    rc522.o(i.MFRC522_Reset) refers to stm32f1xx_hal.o(i.HAL_Delay) for HAL_Delay
    rc522.o(i.MFRC522_Reset) refers to rc522.o(i.WriteRawRC) for WriteRawRC
    rc522.o(i.PcdAnticoll) refers to rc522.o(i.ClearBitMask) for ClearBitMask
    rc522.o(i.PcdAnticoll) refers to rc522.o(i.WriteRawRC) for WriteRawRC
    rc522.o(i.PcdAnticoll) refers to rc522.o(i.PcdComMF522) for PcdComMF522
    rc522.o(i.PcdAnticoll) refers to rc522.o(i.SetBitMask) for SetBitMask
    rc522.o(i.PcdAuthState) refers to rc522.o(i.PcdComMF522) for PcdComMF522
    rc522.o(i.PcdAuthState) refers to rc522.o(i.ReadRawRC) for ReadRawRC
    rc522.o(i.PcdComMF522) refers to rc522.o(i.WriteRawRC) for WriteRawRC
    rc522.o(i.PcdComMF522) refers to rc522.o(i.ClearBitMask) for ClearBitMask
    rc522.o(i.PcdComMF522) refers to rc522.o(i.SetBitMask) for SetBitMask
    rc522.o(i.PcdComMF522) refers to rc522.o(i.ReadRawRC) for ReadRawRC
    rc522.o(i.PcdHalt) refers to rc522.o(i.CalulateCRC) for CalulateCRC
    rc522.o(i.PcdHalt) refers to rc522.o(i.PcdComMF522) for PcdComMF522
    rc522.o(i.PcdRead) refers to rc522.o(i.CalulateCRC) for CalulateCRC
    rc522.o(i.PcdRead) refers to rc522.o(i.PcdComMF522) for PcdComMF522
    rc522.o(i.PcdRequest) refers to rc522.o(i.ClearBitMask) for ClearBitMask
    rc522.o(i.PcdRequest) refers to rc522.o(i.WriteRawRC) for WriteRawRC
    rc522.o(i.PcdRequest) refers to rc522.o(i.SetBitMask) for SetBitMask
    rc522.o(i.PcdRequest) refers to rc522.o(i.PcdComMF522) for PcdComMF522
    rc522.o(i.PcdSelect) refers to rc522.o(i.CalulateCRC) for CalulateCRC
    rc522.o(i.PcdSelect) refers to rc522.o(i.ClearBitMask) for ClearBitMask
    rc522.o(i.PcdSelect) refers to rc522.o(i.PcdComMF522) for PcdComMF522
    rc522.o(i.PcdWrite) refers to rc522.o(i.CalulateCRC) for CalulateCRC
    rc522.o(i.PcdWrite) refers to rc522.o(i.PcdComMF522) for PcdComMF522
    rc522.o(i.ReadID) refers to rc522.o(i.WriteRawRC) for WriteRawRC
    rc522.o(i.ReadID) refers to rc522.o(i.ReadRawRC) for ReadRawRC
    rc522.o(i.ReadRawRC) refers to stm32f1xx_hal_gpio.o(i.HAL_GPIO_WritePin) for HAL_GPIO_WritePin
    rc522.o(i.ReadRawRC) refers to rc522.o(i.SPI_WriteByte) for SPI_WriteByte
    rc522.o(i.SPI_WriteByte) refers to stm32f1xx_hal_spi.o(i.HAL_SPI_TransmitReceive) for HAL_SPI_TransmitReceive
    rc522.o(i.SPI_WriteByte) refers to rc522.o(.data) for .data
[...]
    RESET                                    0x08000000   Section      236  startup_stm32f103xb.o(RESET)
    .ARM.Collect$$$$00000000                 0x080000ec   Section        0  entry.o(.ARM.Collect$$$$00000000)
    .ARM.Collect$$$$00000001                 0x080000ec   Section        4  entry2.o(.ARM.Collect$$$$00000001)
    .ARM.Collect$$$$00000004                 0x080000f0   Section        4  entry5.o(.ARM.Collect$$$$00000004)
    .ARM.Collect$$$$00000008                 0x080000f4   Section        0  entry7b.o(.ARM.Collect$$$$00000008)
    .ARM.Collect$$$$0000000A                 0x080000f4   Section        0  entry8b.o(.ARM.Collect$$$$0000000A)
    .ARM.Collect$$$$0000000B                 0x080000f4   Section        8  entry9a.o(.ARM.Collect$$$$0000000B)
    .ARM.Collect$$$$0000000D                 0x080000fc   Section        0  entry10a.o(.ARM.Collect$$$$0000000D)
    .ARM.Collect$$$$0000000F                 0x080000fc   Section        0  entry11a.o(.ARM.Collect$$$$0000000F)
    .ARM.Collect$$$$00002712                 0x080000fc   Section        4  entry2.o(.ARM.Collect$$$$00002712)
    __lit__00000000                          0x080000fc   Data           4  entry2.o(.ARM.Collect$$$$00002712)
    .emb_text                                0x08000100   Section      150  port.o(.emb_text)
    .text                                    0x08000198   Section       36  startup_stm32f103xb.o(.text)
    .text                                    0x080001bc   Section        0  memcpya.o(.text)
    .text                                    0x080001e0   Section        0  memseta.o(.text)
    .text                                    0x08000204   Section        0  strcmp.o(.text)
    .text                                    0x08000220   Section        0  __0sscanf.o(.text)
    .text                                    0x08000258   Section        0  _scanf_str.o(.text)
    .text                                    0x08000338   Section        0  uidiv.o(.text)
    .text                                    0x08000364   Section        0  scanf_char.o(.text)
    _scanf_char_input                        0x08000365   Thumb Code    12  scanf_char.o(.text)
    .text                                    0x0800038c   Section        0  _sgetc.o(.text)
    .text                                    0x080003cc   Section       36  init.o(.text)
    .text                                    0x080003f0   Section        0  isspace_c.o(.text)
    .text                                    0x080003fc   Section        0  _scanf.o(.text)
    .text                                    0x08000728   Section        0  ctype_c.o(.text)
    i.AntennaOn                              0x08000750   Section        0  rc522.o(i.AntennaOn)
    i.BusFault_Handler                       0x0800077a   Section        0  stm32f1xx_it.o(i.BusFault_Handler)
    i.Callback01                             0x0800077c   Section        0  freertos.o(i.Callback01)
    i.CalulateCRC                            0x0800077e   Section        0  rc522.o(i.CalulateCRC)
    i.ClearBitMask                           0x080007e4   Section        0  rc522.o(i.ClearBitMask)
    i.DebugMon_Handler                       0x080007fc   Section        0  stm32f1xx_it.o(i.DebugMon_Handler)
    i.Door_control                           0x08000800   Section        0  freertos.o(i.Door_control)
    i.Draw_BMP                               0x080008f4   Section        0  oled.o(i.Draw_BMP)
    i.HAL_Delay                              0x0800092c   Section        0  stm32f1xx_hal.o(i.HAL_Delay)
    i.HAL_GPIO_Init                          0x08000950   Section        0  stm32f1xx_hal_gpio.o(i.HAL_GPIO_Init)
    i.HAL_GPIO_WritePin                      0x08000b0c   Section        0  stm32f1xx_hal_gpio.o(i.HAL_GPIO_WritePin)
    i.HAL_GetTick                            0x08000b18   Section        0  stm32f1xx_hal.o(i.HAL_GetTick)
    i.HAL_I2C_Init                           0x08000b24   Section        0  stm32f1xx_hal_i2c.o(i.HAL_I2C_Init)
    i.HAL_I2C_Mem_Write                      0x08000c64   Section        0  stm32f1xx_hal_i2c.o(i.HAL_I2C_Mem_Write)
    i.HAL_I2C_MspInit                        0x08000da0   Section        0  i2c.o(i.HAL_I2C_MspInit)
    i.HAL_IncTick                            0x08000e20   Section        0  stm32f1xx_hal.o(i.HAL_IncTick)
    i.HAL_Init                               0x08000e30   Section        0  stm32f1xx_hal.o(i.HAL_Init)
    i.HAL_InitTick                           0x08000e54   Section        0  stm32f1xx_hal.o(i.HAL_InitTick)
    i.HAL_MspInit                            0x08000e94   Section        0  stm32f1xx_hal_msp.o(i.HAL_MspInit)
    i.HAL_NVIC_SetPriority                   0x08000f24   Section        0  stm32f1xx_hal_cortex.o(i.HAL_NVIC_SetPriority)
    i.HAL_NVIC_SetPriorityGrouping           0x08000f64   Section        0  stm32f1xx_hal_cortex.o(i.HAL_NVIC_SetPriorityGrouping)
    i.HAL_RCC_ClockConfig                    0x08000f88   Section        0  stm32f1xx_hal_rcc.o(i.HAL_RCC_ClockConfig)
    i.HAL_RCC_GetHCLKFreq                    0x080010dc   Section        0  stm32f1xx_hal_rcc.o(i.HAL_RCC_GetHCLKFreq)
    i.HAL_RCC_GetPCLK1Freq                   0x080010e8   Section        0  stm32f1xx_hal_rcc.o(i.HAL_RCC_GetPCLK1Freq)
    i.HAL_RCC_GetPCLK2Freq                   0x08001108   Section        0  stm32f1xx_hal_rcc.o(i.HAL_RCC_GetPCLK2Freq)
    i.HAL_RCC_GetSysClockFreq                0x08001128   Section        0  stm32f1xx_hal_rcc.o(i.HAL_RCC_GetSysClockFreq)
    i.HAL_RCC_OscConfig                      0x08001194   Section        0  stm32f1xx_hal_rcc.o(i.HAL_RCC_OscConfig)
    i.HAL_SPI_Init                           0x08001498   Section        0  stm32f1xx_hal_spi_ex.o(i.HAL_SPI_Init)
    i.HAL_SPI_MspInit                        0x0800151c   Section        0  spi.o(i.HAL_SPI_MspInit)
    i.HAL_SPI_TransmitReceive                0x08001578   Section        0  stm32f1xx_hal_spi.o(i.HAL_SPI_TransmitReceive)
    i.HAL_SYSTICK_CLKSourceConfig            0x08001750   Section        0  stm32f1xx_hal_cortex.o(i.HAL_SYSTICK_CLKSourceConfig)
    i.HAL_SYSTICK_Config                     0x08001768   Section        0  stm32f1xx_hal_cortex.o(i.HAL_SYSTICK_Config)
    i.HAL_UART_Init                          0x08001790   Section        0  stm32f1xx_hal_uart.o(i.HAL_UART_Init)
    i.HAL_UART_MspInit                       0x080017f4   Section        0  usart.o(i.HAL_UART_MspInit)
    i.HardFault_Handler                      0x0800184c   Section        0  stm32f1xx_it.o(i.HardFault_Handler)
    i.I2C_IsAcknowledgeFailed                0x0800184e   Section        0  stm32f1xx_hal_i2c.o(i.I2C_IsAcknowledgeFailed)
    I2C_IsAcknowledgeFailed                  0x0800184f   Thumb Code    40  stm32f1xx_hal_i2c.o(i.I2C_IsAcknowledgeFailed)
    i.I2C_RequestMemoryWrite                 0x08001878   Section        0  stm32f1xx_hal_i2c.o(i.I2C_RequestMemoryWrite)
    I2C_RequestMemoryWrite                   0x08001879   Thumb Code   156  stm32f1xx_hal_i2c.o(i.I2C_RequestMemoryWrite)
    i.I2C_WaitOnBTFFlagUntilTimeout          0x08001918   Section        0  stm32f1xx_hal_i2c.o(i.I2C_WaitOnBTFFlagUntilTimeout)
    I2C_WaitOnBTFFlagUntilTimeout            0x08001919   Thumb Code    78  stm32f1xx_hal_i2c.o(i.I2C_WaitOnBTFFlagUntilTimeout)
    i.I2C_WaitOnFlagUntilTimeout             0x08001966   Section        0  stm32f1xx_hal_i2c.o(i.I2C_WaitOnFlagUntilTimeout)
    I2C_WaitOnFlagUntilTimeout               0x08001967   Thumb Code    96  stm32f1xx_hal_i2c.o(i.I2C_WaitOnFlagUntilTimeout)
    i.I2C_WaitOnMasterAddressFlagUntilTimeout 0x080019c8   Section        0  stm32f1xx_hal_i2c.o(i.I2C_WaitOnMasterAddressFlagUntilTimeout)
    I2C_WaitOnMasterAddressFlagUntilTimeout  0x080019c9   Thumb Code   136  stm32f1xx_hal_i2c.o(i.I2C_WaitOnMasterAddressFlagUntilTimeout)
    i.I2C_WaitOnTXEFlagUntilTimeout          0x08001a50   Section        0  stm32f1xx_hal_i2c.o(i.I2C_WaitOnTXEFlagUntilTimeout)
    I2C_WaitOnTXEFlagUntilTimeout            0x08001a51   Thumb Code    78  stm32f1xx_hal_i2c.o(i.I2C_WaitOnTXEFlagUntilTimeout)
    i.MFRC522_Initializtion                  0x08001a9e   Section        0  rc522.o(i.MFRC522_Initializtion)
    i.MFRC522_Reset                          0x08001b24   Section        0  rc522.o(i.MFRC522_Reset)
    i.MX_FREERTOS_Init                       0x08001bd4   Section        0  freertos.o(i.MX_FREERTOS_Init)
    i.MX_GPIO_Init                           0x08001c9c   Section        0  gpio.o(i.MX_GPIO_Init)
    i.MX_I2C1_Init                           0x08001d84   Section        0  i2c.o(i.MX_I2C1_Init)
    i.MX_I2C2_Init                           0x08001dd8   Section        0  i2c.o(i.MX_I2C2_Init)
    i.MX_SPI2_Init                           0x08001e2c   Section        0  spi.o(i.MX_SPI2_Init)
    i.MX_USART1_UART_Init                    0x08001e88   Section        0  usart.o(i.MX_USART1_UART_Init)
    i.MemManage_Handler                      0x08001ed4   Section        0  stm32f1xx_it.o(i.MemManage_Handler)
    i.NMI_Handler                            0x08001ed6   Section        0  stm32f1xx_it.o(i.NMI_Handler)
    i.NVIC_SetPriority                       0x08001ed8   Section        0  stm32f1xx_hal_cortex.o(i.NVIC_SetPriority)
    NVIC_SetPriority                         0x08001ed9   Thumb Code    32  stm32f1xx_hal_cortex.o(i.NVIC_SetPriority)
    i.OLED_Fill                              0x08001ef8   Section        0  oled.o(i.OLED_Fill)
    i.OLED_Init                              0x08001f30   Section        0  oled.o(i.OLED_Init)
    i.OLED_P6x8Str                           0x08002000   Section        0  oled.o(i.OLED_P6x8Str)
    i.OLED_P6x8data                          0x0800205c   Section        0  oled.o(i.OLED_P6x8data)
    i.OLED_Set_Pos                           0x08002134   Section        0  oled.o(i.OLED_Set_Pos)
    i.OLED_WrCmd                             0x0800215c   Section        0  oled.o(i.OLED_WrCmd)
    i.OLED_WrDat                             0x08002180   Section        0  oled.o(i.OLED_WrDat)
    i.PcdAnticoll                            0x080021a4   Section        0  rc522.o(i.PcdAnticoll)
    i.PcdAuthState                           0x0800220e   Section        0  rc522.o(i.PcdAuthState)
    i.PcdComMF522                            0x08002260   Section        0  rc522.o(i.PcdComMF522)
    i.PcdRead                                0x0800237c   Section        0  rc522.o(i.PcdRead)
    i.PcdRequest                             0x080023c8   Section        0  rc522.o(i.PcdRequest)
    i.PcdSelect                              0x0800241a   Section        0  rc522.o(i.PcdSelect)
    i.RC522_search                           0x08002480   Section        0  rfid_api.o(i.RC522_search)
    i.ReadRawRC                              0x08002544   Section        0  rc522.o(i.ReadRawRC)
    i.SPI_CheckFlag_BSY                      0x0800258c   Section        0  stm32f1xx_hal_spi.o(i.SPI_CheckFlag_BSY)
    SPI_CheckFlag_BSY                        0x0800258d   Thumb Code    32  stm32f1xx_hal_spi.o(i.SPI_CheckFlag_BSY)
    i.SPI_WaitFlagStateUntilTimeout          0x080025ac   Section        0  stm32f1xx_hal_spi.o(i.SPI_WaitFlagStateUntilTimeout)
    SPI_WaitFlagStateUntilTimeout            0x080025ad   Thumb Code   150  stm32f1xx_hal_spi.o(i.SPI_WaitFlagStateUntilTimeout)
    i.SPI_WriteByte                          0x08002644   Section        0  rc522.o(i.SPI_WriteByte)
    i.SetBitMask                             0x0800266c   Section        0  rc522.o(i.SetBitMask)
    i.StartDefaultTask                       0x08002684   Section        0  freertos.o(i.StartDefaultTask)
    i.StartTask_Door                         0x08002690   Section        0  freertos.o(i.StartTask_Door)
    i.StartTask_LCD                          0x080026e4   Section        0  freertos.o(i.StartTask_LCD)
    i.StartTask_LED                          0x08002724   Section        0  freertos.o(i.StartTask_LED)
    i.StartTask_RC522                        0x08002758   Section        0  freertos.o(i.StartTask_RC522)
    i.SysTick_Handler                        0x08002834   Section        0  stm32f1xx_it.o(i.SysTick_Handler)
    i.SystemClock_Config                     0x08002842   Section        0  main.o(i.SystemClock_Config)
    i.SystemInit                             0x080028ac   Section        0  system_stm32f1xx.o(i.SystemInit)
    i.UART_SetConfig                         0x080028f4   Section        0  stm32f1xx_hal_uart.o(i.UART_SetConfig)
    UART_SetConfig                           0x080028f5   Thumb Code   364  stm32f1xx_hal_uart.o(i.UART_SetConfig)
    i.UsageFault_Handler                     0x08002a64   Section        0  stm32f1xx_it.o(i.UsageFault_Handler)
    i.WriteRawRC                             0x08002a68   Section        0  rc522.o(i.WriteRawRC)
    i._Error_Handler                         0x08002ab4   Section        0  main.o(i._Error_Handler)
    i.__0sprintf$1                           0x08002ab8   Section        0  printf1.o(i.__0sprintf$1)
    i.__scatterload_copy                     0x08002ae0   Section       14  handlers.o(i.__scatterload_copy)
    i.__scatterload_null                     0x08002aee   Section        2  handlers.o(i.__scatterload_null)
    i.__scatterload_zeroinit                 0x08002af0   Section       14  handlers.o(i.__scatterload_zeroinit)
    i._printf_core                           0x08002b00   Section        0  printf1.o(i._printf_core)
    _printf_core                             0x08002b01   Thumb Code   336  printf1.o(i._printf_core)
    i._sputc                                 0x08002c54   Section        0  printf1.o(i._sputc)
    _sputc                                   0x08002c55   Thumb Code    10  printf1.o(i._sputc)
    i.free                                   0x08002c60   Section        0  malloc.o(i.free)
    i.inHandlerMode                          0x08002cb0   Section        0  cmsis_os.o(i.inHandlerMode)
    inHandlerMode                            0x08002cb1   Thumb Code    12  cmsis_os.o(i.inHandlerMode)
    i.main                                   0x08002cbc   Section        0  main.o(i.main)
    i.makeFreeRtosPriority                   0x08002d04   Section        0  cmsis_os.o(i.makeFreeRtosPriority)
    makeFreeRtosPriority                     0x08002d05   Thumb Code    12  cmsis_os.o(i.makeFreeRtosPriority)
    i.malloc                                 0x08002d10   Section        0  malloc.o(i.malloc)
    i.osDelay                                0x08002d7c   Section        0  cmsis_os.o(i.osDelay)
    i.osKernelStart                          0x08002d8a   Section        0  cmsis_os.o(i.osKernelStart)
    i.osMailCreate                           0x08002d94   Section        0  cmsis_os.o(i.osMailCreate)
    i.osMailGet                              0x08002df0   Section        0  cmsis_os.o(i.osMailGet)
    i.osMailPut                              0x08002e84   Section        0  cmsis_os.o(i.osMailPut)
    i.osPoolCreate                           0x08002ee0   Section        0  cmsis_os.o(i.osPoolCreate)
    i.osSemaphoreCreate                      0x08002f3e   Section        0  cmsis_os.o(i.osSemaphoreCreate)
    i.osSemaphoreRelease                     0x08002f64   Section        0  cmsis_os.o(i.osSemaphoreRelease)
    i.osSemaphoreWait                        0x08002fb4   Section        0  cmsis_os.o(i.osSemaphoreWait)
    i.osSystickHandler                       0x0800301c   Section        0  cmsis_os.o(i.osSystickHandler)
    i.osThreadCreate                         0x08003030   Section        0  cmsis_os.o(i.osThreadCreate)
    i.osTimerCreate                          0x08003060   Section        0  cmsis_os.o(i.osTimerCreate)
    i.prvAddCurrentTaskToDelayedList         0x08003084   Section        0  tasks.o(i.prvAddCurrentTaskToDelayedList)
    prvAddCurrentTaskToDelayedList           0x08003085   Thumb Code   102  tasks.o(i.prvAddCurrentTaskToDelayedList)
    i.prvAddNewTaskToReadyList               0x080030f4   Section        0  tasks.o(i.prvAddNewTaskToReadyList)
    prvAddNewTaskToReadyList                 0x080030f5   Thumb Code   194  tasks.o(i.prvAddNewTaskToReadyList)
    i.prvCheckForValidListAndQueue           0x080031c4   Section        0  timers.o(i.prvCheckForValidListAndQueue)
    prvCheckForValidListAndQueue             0x080031c5   Thumb Code    62  timers.o(i.prvCheckForValidListAndQueue)
    i.prvCheckTasksWaitingTermination        0x08003214   Section        0  tasks.o(i.prvCheckTasksWaitingTermination)
    prvCheckTasksWaitingTermination          0x08003215   Thumb Code    70  tasks.o(i.prvCheckTasksWaitingTermination)
    i.prvCopyDataFromQueue                   0x08003264   Section        0  queue.o(i.prvCopyDataFromQueue)
    prvCopyDataFromQueue                     0x08003265   Thumb Code    38  queue.o(i.prvCopyDataFromQueue)
    i.prvCopyDataToQueue                     0x0800328a   Section        0  queue.o(i.prvCopyDataToQueue)
    prvCopyDataToQueue                       0x0800328b   Thumb Code   108  queue.o(i.prvCopyDataToQueue)
    i.prvDeleteTCB                           0x080032f6   Section        0  tasks.o(i.prvDeleteTCB)
    prvDeleteTCB                             0x080032f7   Thumb Code    20  tasks.o(i.prvDeleteTCB)
    i.prvHeapInit                            0x0800330c   Section        0  heap_4.o(i.prvHeapInit)
    prvHeapInit                              0x0800330d   Thumb Code    66  heap_4.o(i.prvHeapInit)
    i.prvIdleTask                            0x08003358   Section        0  tasks.o(i.prvIdleTask)
    prvIdleTask                              0x08003359   Thumb Code    30  tasks.o(i.prvIdleTask)
    i.prvInitialiseNewTask                   0x08003380   Section        0  tasks.o(i.prvInitialiseNewTask)
    prvInitialiseNewTask                     0x08003381   Thumb Code   142  tasks.o(i.prvInitialiseNewTask)
    i.prvInsertBlockIntoFreeList             0x08003410   Section        0  heap_4.o(i.prvInsertBlockIntoFreeList)
    prvInsertBlockIntoFreeList               0x08003411   Thumb Code    72  heap_4.o(i.prvInsertBlockIntoFreeList)
    i.prvInsertTimerInActiveList             0x0800345c   Section        0  timers.o(i.prvInsertTimerInActiveList)
    prvInsertTimerInActiveList               0x0800345d   Thumb Code    52  timers.o(i.prvInsertTimerInActiveList)
    i.prvIsQueueEmpty                        0x08003494   Section        0  queue.o(i.prvIsQueueEmpty)
    prvIsQueueEmpty                          0x08003495   Thumb Code    28  queue.o(i.prvIsQueueEmpty)
    i.prvProcessReceivedCommands             0x080034b0   Section        0  timers.o(i.prvProcessReceivedCommands)
    prvProcessReceivedCommands               0x080034b1   Thumb Code   180  timers.o(i.prvProcessReceivedCommands)
    i.prvProcessTimerOrBlockTask             0x08003568   Section        0  timers.o(i.prvProcessTimerOrBlockTask)
    prvProcessTimerOrBlockTask               0x08003569   Thumb Code   172  timers.o(i.prvProcessTimerOrBlockTask)
    i.prvResetNextTaskUnblockTime            0x0800361c   Section        0  tasks.o(i.prvResetNextTaskUnblockTime)
    prvResetNextTaskUnblockTime              0x0800361d   Thumb Code    26  tasks.o(i.prvResetNextTaskUnblockTime)
    i.prvSampleTimeNow                       0x0800363c   Section        0  timers.o(i.prvSampleTimeNow)
    prvSampleTimeNow                         0x0800363d   Thumb Code    36  timers.o(i.prvSampleTimeNow)
    i.prvSwitchTimerLists                    0x08003664   Section        0  timers.o(i.prvSwitchTimerLists)
    prvSwitchTimerLists                      0x08003665   Thumb Code   102  timers.o(i.prvSwitchTimerLists)
    i.prvTaskExitError                       0x080036d0   Section        0  port.o(i.prvTaskExitError)
    prvTaskExitError                         0x080036d1   Thumb Code    36  port.o(i.prvTaskExitError)
    i.prvTimerTask                           0x080036f8   Section        0  timers.o(i.prvTimerTask)
    prvTimerTask                             0x080036f9   Thumb Code    32  timers.o(i.prvTimerTask)
    i.prvUnlockQueue                         0x0800371c   Section        0  queue.o(i.prvUnlockQueue)
    prvUnlockQueue                           0x0800371d   Thumb Code   106  queue.o(i.prvUnlockQueue)
    i.pvPortMalloc                           0x08003788   Section        0  heap_4.o(i.pvPortMalloc)
    i.pvTaskIncrementMutexHeldCount          0x08003860   Section        0  tasks.o(i.pvTaskIncrementMutexHeldCount)
    i.pxPortInitialiseStack                  0x08003878   Section        0  port.o(i.pxPortInitialiseStack)
    i.read_message                           0x0800389c   Section        0  rfid_api.o(i.read_message)
    i.uxListRemove                           0x080038c4   Section        0  list.o(i.uxListRemove)
    i.vListInitialise                        0x080038e8   Section        0  list.o(i.vListInitialise)
    i.vListInitialiseItem                    0x080038fe   Section        0  list.o(i.vListInitialiseItem)
    i.vListInsert                            0x08003904   Section        0  list.o(i.vListInsert)
    i.vListInsertEnd                         0x08003934   Section        0  list.o(i.vListInsertEnd)
    i.vPortEnterCritical                     0x0800394c   Section        0  port.o(i.vPortEnterCritical)
    i.vPortExitCritical                      0x0800398c   Section        0  port.o(i.vPortExitCritical)
    i.vPortFree                              0x080039b4   Section        0  heap_4.o(i.vPortFree)
    i.vPortSetupTimerInterrupt               0x08003a10   Section        0  port.o(i.vPortSetupTimerInterrupt)
    i.vPortValidateInterruptPriority         0x08003a30   Section        0  port.o(i.vPortValidateInterruptPriority)
    i.vQueueAddToRegistry                    0x08003a84   Section        0  queue.o(i.vQueueAddToRegistry)
    i.vQueueWaitForMessageRestricted         0x08003aac   Section        0  queue.o(i.vQueueWaitForMessageRestricted)
    i.vTaskDelay                             0x08003af0   Section        0  tasks.o(i.vTaskDelay)
    i.vTaskMissedYield                       0x08003b3c   Section        0  tasks.o(i.vTaskMissedYield)
    i.vTaskPlaceOnEventList                  0x08003b48   Section        0  tasks.o(i.vTaskPlaceOnEventList)
    i.vTaskPlaceOnEventListRestricted        0x08003b78   Section        0  tasks.o(i.vTaskPlaceOnEventListRestricted)
    i.vTaskPriorityInherit                   0x08003bb0   Section        0  tasks.o(i.vTaskPriorityInherit)
    i.vTaskSetTimeOutState                   0x08003c34   Section        0  tasks.o(i.vTaskSetTimeOutState)
    i.vTaskStartScheduler                    0x08003c58   Section        0  tasks.o(i.vTaskStartScheduler)
    i.vTaskSuspendAll                        0x08003cc8   Section        0  tasks.o(i.vTaskSuspendAll)
    i.vTaskSwitchContext                     0x08003cd8   Section        0  tasks.o(i.vTaskSwitchContext)
    i.xPortStartScheduler                    0x08003d34   Section        0  port.o(i.xPortStartScheduler)
    i.xPortSysTickHandler                    0x08003da8   Section        0  port.o(i.xPortSysTickHandler)
    i.xQueueGenericCreate                    0x08003dd4   Section        0  queue.o(i.xQueueGenericCreate)
    i.xQueueGenericReceive                   0x08003e1c   Section        0  queue.o(i.xQueueGenericReceive)
    i.xQueueGenericReset                     0x08003f88   Section        0  queue.o(i.xQueueGenericReset)
    i.xQueueGenericSend                      0x08004010   Section        0  queue.o(i.xQueueGenericSend)
    i.xQueueGenericSendFromISR               0x08004170   Section        0  queue.o(i.xQueueGenericSendFromISR)
    i.xQueueGiveFromISR                      0x0800422c   Section        0  queue.o(i.xQueueGiveFromISR)
    i.xQueueReceiveFromISR                   0x080042c8   Section        0  queue.o(i.xQueueReceiveFromISR)
    i.xTaskCheckForTimeOut                   0x08004364   Section        0  tasks.o(i.xTaskCheckForTimeOut)
    i.xTaskCreate                            0x080043d0   Section        0  tasks.o(i.xTaskCreate)
    i.xTaskGetSchedulerState                 0x08004428   Section        0  tasks.o(i.xTaskGetSchedulerState)
    i.xTaskGetTickCount                      0x08004444   Section        0  tasks.o(i.xTaskGetTickCount)
    i.xTaskIncrementTick                     0x08004450   Section        0  tasks.o(i.xTaskIncrementTick)
    i.xTaskPriorityDisinherit                0x08004518   Section        0  tasks.o(i.xTaskPriorityDisinherit)
    i.xTaskRemoveFromEventList               0x080045b0   Section        0  tasks.o(i.xTaskRemoveFromEventList)
    i.xTaskResumeAll                         0x08004624   Section        0  tasks.o(i.xTaskResumeAll)
    i.xTimerCreate                           0x080046e8   Section        0  timers.o(i.xTimerCreate)
    i.xTimerCreateTimerTask                  0x08004738   Section        0  timers.o(i.xTimerCreateTimerTask)
    i.xTimerGenericCommand                   0x08004780   Section        0  timers.o(i.xTimerGenericCommand)
    .constdata                               0x080047e0   Section     3038  oled.o(.constdata)
    .constdata                               0x080053c0   Section      116  freertos.o(.constdata)
    .constdata                               0x08005434   Section       16  system_stm32f1xx.o(.constdata)
    .constdata                               0x08005444   Section        8  system_stm32f1xx.o(.constdata)
    .constdata                               0x0800544c   Section       64  ctype_c.o(.constdata)
    .conststring                             0x0800548c   Section       56  freertos.o(.conststring)
    .data                                    0x20000000   Section        2  rc522.o(.data)
    txdata                                   0x20000000   Data           1  rc522.o(.data)
    rxdata                                   0x20000001   Data           1  rc522.o(.data)
    .data                                    0x20000004   Section       30  rfid_api.o(.data)
    status                                   0x20000004   Data           1  rfid_api.o(.data)
    status                                   0x20000005   Data           1  rfid_api.o(.data)
    status                                   0x20000006   Data           1  rfid_api.o(.data)
    Str_temp                                 0x20000010   Data           4  rfid_api.o(.data)
    Str_temp                                 0x20000014   Data           4  rfid_api.o(.data)
    .data                                    0x20000024   Section       36  freertos.o(.data)
    .data                                    0x20000048   Section       12  stm32f1xx_hal.o(.data)
    .data                                    0x20000054   Section        4  system_stm32f1xx.o(.data)
    .data                                    0x20000058   Section       24  heap_4.o(.data)
    pxEnd                                    0x20000058   Data           4  heap_4.o(.data)
    xFreeBytesRemaining                      0x2000005c   Data           4  heap_4.o(.data)
    xMinimumEverFreeBytesRemaining           0x20000060   Data           4  heap_4.o(.data)
    xBlockAllocatedBit                       0x20000064   Data           4  heap_4.o(.data)
    xStart                                   0x20000068   Data           8  heap_4.o(.data)
    .data                                    0x20000070   Section       12  port.o(.data)
    ucMaxSysCallPriority                     0x20000070   Data           1  port.o(.data)
    uxCriticalNesting                        0x20000074   Data           4  port.o(.data)
    ulMaxPRIGROUPValue                       0x20000078   Data           4  port.o(.data)
    .data                                    0x2000007c   Section       60  tasks.o(.data)
    uxDeletedTasksWaitingCleanUp             0x20000080   Data           4  tasks.o(.data)
    uxCurrentNumberOfTasks                   0x20000084   Data           4  tasks.o(.data)
    xTickCount                               0x20000088   Data           4  tasks.o(.data)
    uxTopReadyPriority                       0x2000008c   Data           4  tasks.o(.data)
    xSchedulerRunning                        0x20000090   Data           4  tasks.o(.data)
    uxPendedTicks                            0x20000094   Data           4  tasks.o(.data)
    xYieldPending                            0x20000098   Data           4  tasks.o(.data)
    xNumOfOverflows                          0x2000009c   Data           4  tasks.o(.data)
    uxTaskNumber                             0x200000a0   Data           4  tasks.o(.data)
    xNextTaskUnblockTime                     0x200000a4   Data           4  tasks.o(.data)
    xIdleTaskHandle                          0x200000a8   Data           4  tasks.o(.data)
    uxSchedulerSuspended                     0x200000ac   Data           4  tasks.o(.data)
    pxDelayedTaskList                        0x200000b0   Data           4  tasks.o(.data)
    pxOverflowDelayedTaskList                0x200000b4   Data           4  tasks.o(.data)
    .data                                    0x200000b8   Section       20  timers.o(.data)
    xTimerQueue                              0x200000b8   Data           4  timers.o(.data)
    xTimerTaskHandle                         0x200000bc   Data           4  timers.o(.data)
    xLastTime                                0x200000c0   Data           4  timers.o(.data)
    pxCurrentTimerList                       0x200000c4   Data           4  timers.o(.data)
    pxOverflowTimerList                      0x200000c8   Data           4  timers.o(.data)
    .data                                    0x200000cc   Section        4  mvars.o(.data)
    .data                                    0x200000d0   Section        4  mvars.o(.data)
    .bss                                     0x200000d4   Section       16  rfid_api.o(.bss)
    .bss                                     0x200000e4   Section       14  freertos.o(.bss)
    .bss                                     0x200000f4   Section      168  i2c.o(.bss)
    .bss                                     0x2000019c   Section       88  spi.o(.bss)
    .bss                                     0x200001f4   Section       64  usart.o(.bss)
    .bss                                     0x20000234   Section    10240  heap_4.o(.bss)
    ucHeap                                   0x20000234   Data       10240  heap_4.o(.bss)
    .bss                                     0x20002a34   Section       64  queue.o(.bss)
    .bss                                     0x20002a74   Section      240  tasks.o(.bss)
    pxReadyTasksLists                        0x20002a74   Data         140  tasks.o(.bss)
    xDelayedTaskList1                        0x20002b00   Data          20  tasks.o(.bss)
    xDelayedTaskList2                        0x20002b14   Data          20  tasks.o(.bss)
    xPendingReadyList                        0x20002b28   Data          20  tasks.o(.bss)
    xTasksWaitingTermination                 0x20002b3c   Data          20  tasks.o(.bss)
    xSuspendedTaskList                       0x20002b50   Data          20  tasks.o(.bss)
    .bss                                     0x20002b64   Section       40  timers.o(.bss)
    xActiveTimerList1                        0x20002b64   Data          20  timers.o(.bss)
    xActiveTimerList2                        0x20002b78   Data          20  timers.o(.bss)
    HEAP                                     0x20002b90   Section     1024  startup_stm32f103xb.o(HEAP)
    STACK                                    0x20002f90   Section      512  startup_stm32f103xb.o(STACK)

    Global Symbols

    Symbol Name                              Value     Ov Type        Size  Object(Section)

    BuildAttributes$$THM_ISAv4$P$D$K$B$S$PE$A:L22UL41UL21$X:L11$S22US41US21$IEEE1$IW$USESV6$~STKCKD$USESV7$~SHL$OSPACE$ROPI$EBA8$MICROLIB$REQ8$PRES8$EABIv2 0x00000000   Number         0  anon$$obj.o ABSOLUTE
    __ARM_use_no_argv                        0x00000000   Number         0  main.o ABSOLUTE
    _printf_a                                0x00000000   Number         0  stubs.o ABSOLUTE
    _printf_c                                0x00000000   Number         0  stubs.o ABSOLUTE
    _printf_charcount                        0x00000000   Number         0  stubs.o ABSOLUTE
    _printf_d                                0x00000000   Number         0  stubs.o ABSOLUTE
    _printf_e                                0x00000000   Number         0  stubs.o ABSOLUTE
    _printf_f                                0x00000000   Number         0  stubs.o ABSOLUTE
    _printf_flags                            0x00000000   Number         0  stubs.o ABSOLUTE
    _printf_fp_dec                           0x00000000   Number         0  stubs.o ABSOLUTE
    _printf_fp_hex                           0x00000000   Number         0  stubs.o ABSOLUTE
    _printf_g                                0x00000000   Number         0  stubs.o ABSOLUTE
    _printf_i                                0x00000000   Number         0  stubs.o ABSOLUTE
    _printf_int_dec                          0x00000000   Number         0  stubs.o ABSOLUTE
    _printf_l                                0x00000000   Number         0  stubs.o ABSOLUTE
    _printf_lc                               0x00000000   Number         0  stubs.o ABSOLUTE
    _printf_ll                               0x00000000   Number         0  stubs.o ABSOLUTE
    _printf_lld                              0x00000000   Number         0  stubs.o ABSOLUTE
    _printf_lli                              0x00000000   Number         0  stubs.o ABSOLUTE
    _printf_llo                              0x00000000   Number         0  stubs.o ABSOLUTE
    _printf_llu                              0x00000000   Number         0  stubs.o ABSOLUTE
    _printf_llx                              0x00000000   Number         0  stubs.o ABSOLUTE
    _printf_longlong_dec                     0x00000000   Number         0  stubs.o ABSOLUTE
    _printf_longlong_hex                     0x00000000   Number         0  stubs.o ABSOLUTE
    _printf_longlong_oct                     0x00000000   Number         0  stubs.o ABSOLUTE
    _printf_ls                               0x00000000   Number         0  stubs.o ABSOLUTE
    _printf_mbtowc                           0x00000000   Number         0  stubs.o ABSOLUTE
    _printf_n                                0x00000000   Number         0  stubs.o ABSOLUTE
    _printf_o                                0x00000000   Number         0  stubs.o ABSOLUTE
    _printf_p                                0x00000000   Number         0  stubs.o ABSOLUTE
    _printf_percent                          0x00000000   Number         0  stubs.o ABSOLUTE
    _printf_pre_padding                      0x00000000   Number         0  stubs.o ABSOLUTE
    _printf_return_value                     0x00000000   Number         0  stubs.o ABSOLUTE
    _printf_s                                0x00000000   Number         0  stubs.o ABSOLUTE
    _printf_sizespec                         0x00000000   Number         0  stubs.o ABSOLUTE
    _printf_str                              0x00000000   Number         0  stubs.o ABSOLUTE
    _printf_truncate_signed                  0x00000000   Number         0  stubs.o ABSOLUTE
    _printf_truncate_unsigned                0x00000000   Number         0  stubs.o ABSOLUTE
    _printf_u                                0x00000000   Number         0  stubs.o ABSOLUTE
    _printf_wc                               0x00000000   Number         0  stubs.o ABSOLUTE
    _printf_wctomb                           0x00000000   Number         0  stubs.o ABSOLUTE
    _printf_widthprec                        0x00000000   Number         0  stubs.o ABSOLUTE
    _printf_x                                0x00000000   Number         0  stubs.o ABSOLUTE
    __cpp_initialize__aeabi_                  - Undefined Weak Reference
    __cxa_finalize                            - Undefined Weak Reference
    __decompress                              - Undefined Weak Reference
    _clock_init                               - Undefined Weak Reference
    _microlib_exit                            - Undefined Weak Reference
    _scanf_int                                - Undefined Weak Reference
    _scanf_longlong                           - Undefined Weak Reference
    _scanf_real                               - Undefined Weak Reference
    __Vectors_Size                           0x000000ec   Number         0  startup_stm32f103xb.o ABSOLUTE
    __Vectors                                0x08000000   Data           4  startup_stm32f103xb.o(RESET)
    __Vectors_End                            0x080000ec   Data           0  startup_stm32f103xb.o(RESET)
    __main                                   0x080000ed   Thumb Code     0  entry.o(.ARM.Collect$$$$00000000)
    _main_stk                                0x080000ed   Thumb Code     0  entry2.o(.ARM.Collect$$$$00000001)
    _main_scatterload                        0x080000f1   Thumb Code     0  entry5.o(.ARM.Collect$$$$00000004)
    __main_after_scatterload                 0x080000f5   Thumb Code     0  entry5.o(.ARM.Collect$$$$00000004)
    _main_clock                              0x080000f5   Thumb Code     0  entry7b.o(.ARM.Collect$$$$00000008)
    _main_cpp_init                           0x080000f5   Thumb Code     0  entry8b.o(.ARM.Collect$$$$0000000A)
    _main_init                               0x080000f5   Thumb Code     0  entry9a.o(.ARM.Collect$$$$0000000B)
    __rt_final_cpp                           0x080000fd   Thumb Code     0  entry10a.o(.ARM.Collect$$$$0000000D)
    __rt_final_exit                          0x080000fd   Thumb Code     0  entry11a.o(.ARM.Collect$$$$0000000F)
    SVC_Handler                              0x08000101   Thumb Code    32  port.o(.emb_text)
    __asm___6_port_c_39a90d8d__prvStartFirstTask 0x08000125   Thumb Code    28  port.o(.emb_text)
    PendSV_Handler                           0x08000145   Thumb Code    72  port.o(.emb_text)
    vPortGetIPSR                             0x08000191   Thumb Code     6  port.o(.emb_text)
    Reset_Handler                            0x08000199   Thumb Code     8  startup_stm32f103xb.o(.text)
    ADC1_2_IRQHandler                        0x080001b3   Thumb Code     0  startup_stm32f103xb.o(.text)
    CAN1_RX1_IRQHandler                      0x080001b3   Thumb Code     0  startup_stm32f103xb.o(.text)
    CAN1_SCE_IRQHandler                      0x080001b3   Thumb Code     0  startup_stm32f103xb.o(.text)
    DMA1_Channel1_IRQHandler                 0x080001b3   Thumb Code     0  startup_stm32f103xb.o(.text)
    DMA1_Channel2_IRQHandler                 0x080001b3   Thumb Code     0  startup_stm32f103xb.o(.text)
    DMA1_Channel3_IRQHandler                 0x080001b3   Thumb Code     0  startup_stm32f103xb.o(.text)
    DMA1_Channel4_IRQHandler                 0x080001b3   Thumb Code     0  startup_stm32f103xb.o(.text)
    DMA1_Channel5_IRQHandler                 0x080001b3   Thumb Code     0  startup_stm32f103xb.o(.text)
    DMA1_Channel6_IRQHandler                 0x080001b3   Thumb Code     0  startup_stm32f103xb.o(.text)
    DMA1_Channel7_IRQHandler                 0x080001b3   Thumb Code     0  startup_stm32f103xb.o(.text)
    EXTI0_IRQHandler                         0x080001b3   Thumb Code     0  startup_stm32f103xb.o(.text)
    EXTI15_10_IRQHandler                     0x080001b3   Thumb Code     0  startup_stm32f103xb.o(.text)
    EXTI1_IRQHandler                         0x080001b3   Thumb Code     0  startup_stm32f103xb.o(.text)
    EXTI2_IRQHandler                         0x080001b3   Thumb Code     0  startup_stm32f103xb.o(.text)
    EXTI3_IRQHandler                         0x080001b3   Thumb Code     0  startup_stm32f103xb.o(.text)
    EXTI4_IRQHandler                         0x080001b3   Thumb Code     0  startup_stm32f103xb.o(.text)
    EXTI9_5_IRQHandler                       0x080001b3   Thumb Code     0  startup_stm32f103xb.o(.text)
    FLASH_IRQHandler                         0x080001b3   Thumb Code     0  startup_stm32f103xb.o(.text)
    I2C1_ER_IRQHandler                       0x080001b3   Thumb Code     0  startup_stm32f103xb.o(.text)
    I2C1_EV_IRQHandler                       0x080001b3   Thumb Code     0  startup_stm32f103xb.o(.text)
    I2C2_ER_IRQHandler                       0x080001b3   Thumb Code     0  startup_stm32f103xb.o(.text)
    I2C2_EV_IRQHandler                       0x080001b3   Thumb Code     0  startup_stm32f103xb.o(.text)
    PVD_IRQHandler                           0x080001b3   Thumb Code     0  startup_stm32f103xb.o(.text)
    RCC_IRQHandler                           0x080001b3   Thumb Code     0  startup_stm32f103xb.o(.text)
    RTC_Alarm_IRQHandler                     0x080001b3   Thumb Code     0  startup_stm32f103xb.o(.text)
    RTC_IRQHandler                           0x080001b3   Thumb Code     0  startup_stm32f103xb.o(.text)
    SPI1_IRQHandler                          0x080001b3   Thumb Code     0  startup_stm32f103xb.o(.text)
    SPI2_IRQHandler                          0x080001b3   Thumb Code     0  startup_stm32f103xb.o(.text)
    TAMPER_IRQHandler                        0x080001b3   Thumb Code     0  startup_stm32f103xb.o(.text)
    TIM1_BRK_IRQHandler                      0x080001b3   Thumb Code     0  startup_stm32f103xb.o(.text)
    TIM1_CC_IRQHandler                       0x080001b3   Thumb Code     0  startup_stm32f103xb.o(.text)
    TIM1_TRG_COM_IRQHandler                  0x080001b3   Thumb Code     0  startup_stm32f103xb.o(.text)
    TIM1_UP_IRQHandler                       0x080001b3   Thumb Code     0  startup_stm32f103xb.o(.text)
    TIM2_IRQHandler                          0x080001b3   Thumb Code     0  startup_stm32f103xb.o(.text)
    TIM3_IRQHandler                          0x080001b3   Thumb Code     0  startup_stm32f103xb.o(.text)
    TIM4_IRQHandler                          0x080001b3   Thumb Code     0  startup_stm32f103xb.o(.text)
    USART1_IRQHandler                        0x080001b3   Thumb Code     0  startup_stm32f103xb.o(.text)
    USART2_IRQHandler                        0x080001b3   Thumb Code     0  startup_stm32f103xb.o(.text)
    USART3_IRQHandler                        0x080001b3   Thumb Code     0  startup_stm32f103xb.o(.text)
    USBWakeUp_IRQHandler                     0x080001b3   Thumb Code     0  startup_stm32f103xb.o(.text)
    USB_HP_CAN1_TX_IRQHandler                0x080001b3   Thumb Code     0  startup_stm32f103xb.o(.text)
    USB_LP_CAN1_RX0_IRQHandler               0x080001b3   Thumb Code     0  startup_stm32f103xb.o(.text)
    WWDG_IRQHandler                          0x080001b3   Thumb Code     0  startup_stm32f103xb.o(.text)
    __aeabi_memcpy                           0x080001bd   Thumb Code    36  memcpya.o(.text)
    __aeabi_memcpy4                          0x080001bd   Thumb Code     0  memcpya.o(.text)
    __aeabi_memcpy8                          0x080001bd   Thumb Code     0  memcpya.o(.text)
    __aeabi_memset                           0x080001e1   Thumb Code    14  memseta.o(.text)
    __aeabi_memset4                          0x080001e1   Thumb Code     0  memseta.o(.text)
    __aeabi_memset8                          0x080001e1   Thumb Code     0  memseta.o(.text)
    __aeabi_memclr                           0x080001ef   Thumb Code     4  memseta.o(.text)
    __aeabi_memclr4                          0x080001ef   Thumb Code     0  memseta.o(.text)
    __aeabi_memclr8                          0x080001ef   Thumb Code     0  memseta.o(.text)
    _memset$wrapper                          0x080001f3   Thumb Code    18  memseta.o(.text)
    strcmp                                   0x08000205   Thumb Code    28  strcmp.o(.text)
    __0sscanf                                0x08000221   Thumb Code    48  __0sscanf.o(.text)
    _scanf_string                            0x08000259   Thumb Code   224  _scanf_str.o(.text)
    __aeabi_uidiv                            0x08000339   Thumb Code     0  uidiv.o(.text)
    __aeabi_uidivmod                         0x08000339   Thumb Code    44  uidiv.o(.text)
    __vfscanf_char                           0x08000371   Thumb Code    20  scanf_char.o(.text)
    _sgetc                                   0x0800038d   Thumb Code    30  _sgetc.o(.text)
    _sbackspace                              0x080003ab   Thumb Code    34  _sgetc.o(.text)
    __scatterload                            0x080003cd   Thumb Code    28  init.o(.text)
    __scatterload_rt2                        0x080003cd   Thumb Code     0  init.o(.text)
    isspace                                  0x080003f1   Thumb Code    10  isspace_c.o(.text)
    __vfscanf                                0x080003fd   Thumb Code   808  _scanf.o(.text)
    __ctype_lookup                           0x08000729   Thumb Code    34  ctype_c.o(.text)
    AntennaOn                                0x08000751   Thumb Code    42  rc522.o(i.AntennaOn)
    BusFault_Handler                         0x0800077b   Thumb Code     2  stm32f1xx_it.o(i.BusFault_Handler)
    Callback01                               0x0800077d   Thumb Code     2  freertos.o(i.Callback01)
    CalulateCRC                              0x0800077f   Thumb Code   102  rc522.o(i.CalulateCRC)
    ClearBitMask                             0x080007e5   Thumb Code    24  rc522.o(i.ClearBitMask)
    DebugMon_Handler                         0x080007fd   Thumb Code     2  stm32f1xx_it.o(i.DebugMon_Handler)
    Door_control                             0x08000801   Thumb Code   238  freertos.o(i.Door_control)
    Draw_BMP                                 0x080008f5   Thumb Code    54  oled.o(i.Draw_BMP)
    HAL_Delay                                0x0800092d   Thumb Code    32  stm32f1xx_hal.o(i.HAL_Delay)
    HAL_GPIO_Init                            0x08000951   Thumb Code   408  stm32f1xx_hal_gpio.o(i.HAL_GPIO_Init)
    HAL_GPIO_WritePin                        0x08000b0d   Thumb Code    10  stm32f1xx_hal_gpio.o(i.HAL_GPIO_WritePin)
    HAL_GetTick                              0x08000b19   Thumb Code     6  stm32f1xx_hal.o(i.HAL_GetTick)
    HAL_I2C_Init                             0x08000b25   Thumb Code   302  stm32f1xx_hal_i2c.o(i.HAL_I2C_Init)
    HAL_I2C_Mem_Write                        0x08000c65   Thumb Code   306  stm32f1xx_hal_i2c.o(i.HAL_I2C_Mem_Write)
    HAL_I2C_MspInit                          0x08000da1   Thumb Code   106  i2c.o(i.HAL_I2C_MspInit)
    HAL_IncTick                              0x08000e21   Thumb Code    12  stm32f1xx_hal.o(i.HAL_IncTick)
    HAL_Init                                 0x08000e31   Thumb Code    32  stm32f1xx_hal.o(i.HAL_Init)
    HAL_InitTick                             0x08000e55   Thumb Code    54  stm32f1xx_hal.o(i.HAL_InitTick)
    HAL_MspInit                              0x08000e95   Thumb Code   134  stm32f1xx_hal_msp.o(i.HAL_MspInit)
    HAL_NVIC_SetPriority                     0x08000f25   Thumb Code    60  stm32f1xx_hal_cortex.o(i.HAL_NVIC_SetPriority)
    HAL_NVIC_SetPriorityGrouping             0x08000f65   Thumb Code    26  stm32f1xx_hal_cortex.o(i.HAL_NVIC_SetPriorityGrouping)
    HAL_RCC_ClockConfig                      0x08000f89   Thumb Code   322  stm32f1xx_hal_rcc.o(i.HAL_RCC_ClockConfig)
    HAL_RCC_GetHCLKFreq                      0x080010dd   Thumb Code     6  stm32f1xx_hal_rcc.o(i.HAL_RCC_GetHCLKFreq)
    HAL_RCC_GetPCLK1Freq                     0x080010e9   Thumb Code    20  stm32f1xx_hal_rcc.o(i.HAL_RCC_GetPCLK1Freq)
    HAL_RCC_GetPCLK2Freq                     0x08001109   Thumb Code    20  stm32f1xx_hal_rcc.o(i.HAL_RCC_GetPCLK2Freq)
    HAL_RCC_GetSysClockFreq                  0x08001129   Thumb Code    74  stm32f1xx_hal_rcc.o(i.HAL_RCC_GetSysClockFreq)
    HAL_RCC_OscConfig                        0x08001195   Thumb Code   750  stm32f1xx_hal_rcc.o(i.HAL_RCC_OscConfig)
    HAL_SPI_Init                             0x08001499   Thumb Code   130  stm32f1xx_hal_spi_ex.o(i.HAL_SPI_Init)
    HAL_SPI_MspInit                          0x0800151d   Thumb Code    78  spi.o(i.HAL_SPI_MspInit)
    HAL_SPI_TransmitReceive                  0x08001579   Thumb Code   472  stm32f1xx_hal_spi.o(i.HAL_SPI_TransmitReceive)
    HAL_SYSTICK_CLKSourceConfig              0x08001751   Thumb Code    24  stm32f1xx_hal_cortex.o(i.HAL_SYSTICK_CLKSourceConfig)
    HAL_SYSTICK_Config                       0x08001769   Thumb Code    40  stm32f1xx_hal_cortex.o(i.HAL_SYSTICK_Config)
    HAL_UART_Init                            0x08001791   Thumb Code    98  stm32f1xx_hal_uart.o(i.HAL_UART_Init)
    HAL_UART_MspInit                         0x080017f5   Thumb Code    76  usart.o(i.HAL_UART_MspInit)
    HardFault_Handler                        0x0800184d   Thumb Code     2  stm32f1xx_it.o(i.HardFault_Handler)
    MFRC522_Initializtion                    0x08001a9f   Thumb Code   134  rc522.o(i.MFRC522_Initializtion)
    MFRC522_Reset                            0x08001b25   Thumb Code   172  rc522.o(i.MFRC522_Reset)
    MX_FREERTOS_Init                         0x08001bd5   Thumb Code   192  freertos.o(i.MX_FREERTOS_Init)
    MX_GPIO_Init                             0x08001c9d   Thumb Code   216  gpio.o(i.MX_GPIO_Init)
    MX_I2C1_Init                             0x08001d85   Thumb Code    54  i2c.o(i.MX_I2C1_Init)
    MX_I2C2_Init                             0x08001dd9   Thumb Code    54  i2c.o(i.MX_I2C2_Init)
    MX_SPI2_Init                             0x08001e2d   Thumb Code    68  spi.o(i.MX_SPI2_Init)
    MX_USART1_UART_Init                      0x08001e89   Thumb Code    52  usart.o(i.MX_USART1_UART_Init)
    MemManage_Handler                        0x08001ed5   Thumb Code     2  stm32f1xx_it.o(i.MemManage_Handler)
    NMI_Handler                              0x08001ed7   Thumb Code     2  stm32f1xx_it.o(i.NMI_Handler)
    OLED_Fill                                0x08001ef9   Thumb Code    56  oled.o(i.OLED_Fill)
    OLED_Init                                0x08001f31   Thumb Code   204  oled.o(i.OLED_Init)
    OLED_P6x8Str                             0x08002001   Thumb Code    88  oled.o(i.OLED_P6x8Str)
    OLED_P6x8data                            0x0800205d   Thumb Code   202  oled.o(i.OLED_P6x8data)
    OLED_Set_Pos                             0x08002135   Thumb Code    38  oled.o(i.OLED_Set_Pos)
    OLED_WrCmd                               0x0800215d   Thumb Code    30  oled.o(i.OLED_WrCmd)
    OLED_WrDat                               0x08002181   Thumb Code    30  oled.o(i.OLED_WrDat)
    PcdAnticoll                              0x080021a5   Thumb Code   106  rc522.o(i.PcdAnticoll)
    PcdAuthState                             0x0800220f   Thumb Code    82  rc522.o(i.PcdAuthState)
    PcdComMF522                              0x08002261   Thumb Code   278  rc522.o(i.PcdComMF522)
    PcdRead                                  0x0800237d   Thumb Code    76  rc522.o(i.PcdRead)
    PcdRequest                               0x080023c9   Thumb Code    82  rc522.o(i.PcdRequest)
    PcdSelect                                0x0800241b   Thumb Code   100  rc522.o(i.PcdSelect)
    RC522_search                             0x08002481   Thumb Code   174  rfid_api.o(i.RC522_search)
    ReadRawRC                                0x08002545   Thumb Code    62  rc522.o(i.ReadRawRC)
    SPI_WriteByte                            0x08002645   Thumb Code    32  rc522.o(i.SPI_WriteByte)
    SetBitMask                               0x0800266d   Thumb Code    24  rc522.o(i.SetBitMask)
    StartDefaultTask                         0x08002685   Thumb Code    12  freertos.o(i.StartDefaultTask)
    StartTask_Door                           0x08002691   Thumb Code    78  freertos.o(i.StartTask_Door)
    StartTask_LCD                            0x080026e5   Thumb Code    58  freertos.o(i.StartTask_LCD)
    StartTask_LED                            0x08002725   Thumb Code    44  freertos.o(i.StartTask_LED)
    StartTask_RC522                          0x08002759   Thumb Code   146  freertos.o(i.StartTask_RC522)
    SysTick_Handler                          0x08002835   Thumb Code    14  stm32f1xx_it.o(i.SysTick_Handler)
    SystemClock_Config                       0x08002843   Thumb Code   104  main.o(i.SystemClock_Config)
    SystemInit                               0x080028ad   Thumb Code    56  system_stm32f1xx.o(i.SystemInit)
    UsageFault_Handler                       0x08002a65   Thumb Code     2  stm32f1xx_it.o(i.UsageFault_Handler)
    WriteRawRC                               0x08002a69   Thumb Code    66  rc522.o(i.WriteRawRC)
    _Error_Handler                           0x08002ab5   Thumb Code     2  main.o(i._Error_Handler)
    __0sprintf$1                             0x08002ab9   Thumb Code    34  printf1.o(i.__0sprintf$1)
    __1sprintf$1                             0x08002ab9   Thumb Code     0  printf1.o(i.__0sprintf$1)
    __2sprintf                               0x08002ab9   Thumb Code     0  printf1.o(i.__0sprintf$1)
    __scatterload_copy                       0x08002ae1   Thumb Code    14  handlers.o(i.__scatterload_copy)
    __scatterload_null                       0x08002aef   Thumb Code     2  handlers.o(i.__scatterload_null)
    __scatterload_zeroinit                   0x08002af1   Thumb Code    14  handlers.o(i.__scatterload_zeroinit)
    free                                     0x08002c61   Thumb Code    76  malloc.o(i.free)
    main                                     0x08002cbd   Thumb Code    62  main.o(i.main)
    malloc                                   0x08002d11   Thumb Code    92  malloc.o(i.malloc)
    osDelay                                  0x08002d7d   Thumb Code    14  cmsis_os.o(i.osDelay)
    osKernelStart                            0x08002d8b   Thumb Code    10  cmsis_os.o(i.osKernelStart)
    osMailCreate                             0x08002d95   Thumb Code    92  cmsis_os.o(i.osMailCreate)
    osMailGet                                0x08002df1   Thumb Code   142  cmsis_os.o(i.osMailGet)
    osMailPut                                0x08002e85   Thumb Code    88  cmsis_os.o(i.osMailPut)
    osPoolCreate                             0x08002ee1   Thumb Code    94  cmsis_os.o(i.osPoolCreate)
    osSemaphoreCreate                        0x08002f3f   Thumb Code    38  cmsis_os.o(i.osSemaphoreCreate)
    osSemaphoreRelease                       0x08002f65   Thumb Code    74  cmsis_os.o(i.osSemaphoreRelease)
    osSemaphoreWait                          0x08002fb5   Thumb Code   100  cmsis_os.o(i.osSemaphoreWait)
    osSystickHandler                         0x0800301d   Thumb Code    20  cmsis_os.o(i.osSystickHandler)
    osThreadCreate                           0x08003031   Thumb Code    46  cmsis_os.o(i.osThreadCreate)
    osTimerCreate                            0x08003061   Thumb Code    30  cmsis_os.o(i.osTimerCreate)
    pvPortMalloc                             0x08003789   Thumb Code   210  heap_4.o(i.pvPortMalloc)
    pvTaskIncrementMutexHeldCount            0x08003861   Thumb Code    18  tasks.o(i.pvTaskIncrementMutexHeldCount)
    pxPortInitialiseStack                    0x08003879   Thumb Code    32  port.o(i.pxPortInitialiseStack)
    read_message                             0x0800389d   Thumb Code    34  rfid_api.o(i.read_message)
    uxListRemove                             0x080038c5   Thumb Code    36  list.o(i.uxListRemove)
    vListInitialise                          0x080038e9   Thumb Code    22  list.o(i.vListInitialise)
    vListInitialiseItem                      0x080038ff   Thumb Code     6  list.o(i.vListInitialiseItem)
    vListInsert                              0x08003905   Thumb Code    48  list.o(i.vListInsert)
    vListInsertEnd                           0x08003935   Thumb Code    24  list.o(i.vListInsertEnd)
    vPortEnterCritical                       0x0800394d   Thumb Code    54  port.o(i.vPortEnterCritical)
    vPortExitCritical                        0x0800398d   Thumb Code    34  port.o(i.vPortExitCritical)
    vPortFree                                0x080039b5   Thumb Code    88  heap_4.o(i.vPortFree)
    vPortSetupTimerInterrupt                 0x08003a11   Thumb Code    26  port.o(i.vPortSetupTimerInterrupt)
    vPortValidateInterruptPriority           0x08003a31   Thumb Code    74  port.o(i.vPortValidateInterruptPriority)
    vQueueAddToRegistry                      0x08003a85   Thumb Code    34  queue.o(i.vQueueAddToRegistry)
    vQueueWaitForMessageRestricted           0x08003aad   Thumb Code    68  queue.o(i.vQueueWaitForMessageRestricted)
    vTaskDelay                               0x08003af1   Thumb Code    66  tasks.o(i.vTaskDelay)
    vTaskMissedYield                         0x08003b3d   Thumb Code     8  tasks.o(i.vTaskMissedYield)
    vTaskPlaceOnEventList                    0x08003b49   Thumb Code    44  tasks.o(i.vTaskPlaceOnEventList)
    vTaskPlaceOnEventListRestricted          0x08003b79   Thumb Code    52  tasks.o(i.vTaskPlaceOnEventListRestricted)
    vTaskPriorityInherit                     0x08003bb1   Thumb Code   124  tasks.o(i.vTaskPriorityInherit)
    vTaskSetTimeOutState                     0x08003c35   Thumb Code    30  tasks.o(i.vTaskSetTimeOutState)
    vTaskStartScheduler                      0x08003c59   Thumb Code    94  tasks.o(i.vTaskStartScheduler)
    vTaskSuspendAll                          0x08003cc9   Thumb Code    10  tasks.o(i.vTaskSuspendAll)
    vTaskSwitchContext                       0x08003cd9   Thumb Code    82  tasks.o(i.vTaskSwitchContext)
    xPortStartScheduler                      0x08003d35   Thumb Code   102  port.o(i.xPortStartScheduler)
    xPortSysTickHandler                      0x08003da9   Thumb Code    38  port.o(i.xPortSysTickHandler)
    xQueueGenericCreate                      0x08003dd5   Thumb Code    72  queue.o(i.xQueueGenericCreate)
    xQueueGenericReceive                     0x08003e1d   Thumb Code   360  queue.o(i.xQueueGenericReceive)
    xQueueGenericReset                       0x08003f89   Thumb Code   132  queue.o(i.xQueueGenericReset)
    xQueueGenericSend                        0x08004011   Thumb Code   346  queue.o(i.xQueueGenericSend)
    xQueueGenericSendFromISR                 0x08004171   Thumb Code   188  queue.o(i.xQueueGenericSendFromISR)
    xQueueGiveFromISR                        0x0800422d   Thumb Code   156  queue.o(i.xQueueGiveFromISR)
    xQueueReceiveFromISR                     0x080042c9   Thumb Code   154  queue.o(i.xQueueReceiveFromISR)
    xTaskCheckForTimeOut                     0x08004365   Thumb Code   102  tasks.o(i.xTaskCheckForTimeOut)
    xTaskCreate                              0x080043d1   Thumb Code    86  tasks.o(i.xTaskCreate)
    xTaskGetSchedulerState                   0x08004429   Thumb Code    22  tasks.o(i.xTaskGetSchedulerState)
    xTaskGetTickCount                        0x08004445   Thumb Code     6  tasks.o(i.xTaskGetTickCount)
    xTaskIncrementTick                       0x08004451   Thumb Code   192  tasks.o(i.xTaskIncrementTick)
    xTaskPriorityDisinherit                  0x08004519   Thumb Code   144  tasks.o(i.xTaskPriorityDisinherit)
    xTaskRemoveFromEventList                 0x080045b1   Thumb Code   108  tasks.o(i.xTaskRemoveFromEventList)
    xTaskResumeAll                           0x08004625   Thumb Code   182  tasks.o(i.xTaskResumeAll)
    xTimerCreate                             0x080046e9   Thumb Code    78  timers.o(i.xTimerCreate)
    xTimerCreateTimerTask                    0x08004739   Thumb Code    56  timers.o(i.xTimerCreateTimerTask)
    xTimerGenericCommand                     0x08004781   Thumb Code    92  timers.o(i.xTimerGenericCommand)
    F6x8                                     0x080047e0   Data         552  oled.o(.constdata)
    F8X16                                    0x08004a08   Data        1520  oled.o(.constdata)
    gImage_2                                 0x08004ff8   Data         966  oled.o(.constdata)
    AHBPrescTable                            0x08005434   Data          16  system_stm32f1xx.o(.constdata)
    APBPrescTable                            0x08005444   Data           8  system_stm32f1xx.o(.constdata)
    __ctype_categories                       0x0800544c   Data          64  ctype_c.o(.constdata)
    Region$$Table$$Base                      0x080054c4   Number         0  anon$$obj.o(Region$$Table)
    Region$$Table$$Limit                     0x080054e4   Number         0  anon$$obj.o(Region$$Table)
    Card_Type                                0x20000007   Data           2  rfid_api.o(.data)
    ic_card_key                              0x20000009   Data           4  rfid_api.o(.data)
    CardID                                   0x20000018   Data           4  rfid_api.o(.data)
    DefaultKey                               0x2000001c   Data           6  rfid_api.o(.data)
    defaultTaskHandle                        0x20000024   Data           4  freertos.o(.data)
    LED_TASKHandle                           0x20000028   Data           4  freertos.o(.data)
    RC522_TASKHandle                         0x2000002c   Data           4  freertos.o(.data)
    LCD_TASKHandle                           0x20000030   Data           4  freertos.o(.data)
    DoorTskHandle                            0x20000034   Data           4  freertos.o(.data)
    myTimer01Handle                          0x20000038   Data           4  freertos.o(.data)
    LEDSemaphroesHandle                      0x2000003c   Data           4  freertos.o(.data)
    DoorSemHandle                            0x20000040   Data           4  freertos.o(.data)
    RC522_mailHandle                         0x20000044   Data           4  freertos.o(.data)
    uwTickFreq                               0x20000048   Data           1  stm32f1xx_hal.o(.data)
    uwTickPrio                               0x2000004c   Data           4  stm32f1xx_hal.o(.data)
    uwTick                                   0x20000050   Data           4  stm32f1xx_hal.o(.data)
    SystemCoreClock                          0x20000054   Data           4  system_stm32f1xx.o(.data)
    pxCurrentTCB                             0x2000007c   Data           4  tasks.o(.data)
    __microlib_freelist                      0x200000cc   Data           4  mvars.o(.data)
    __microlib_freelist_initialised          0x200000d0   Data           4  mvars.o(.data)
    RC522_Rbuff                              0x200000d4   Data          16  rfid_api.o(.bss)
    check_card                               0x200000e4   Data          14  freertos.o(.bss)
    hi2c1                                    0x200000f4   Data          84  i2c.o(.bss)
    hi2c2                                    0x20000148   Data          84  i2c.o(.bss)
    hspi2                                    0x2000019c   Data          88  spi.o(.bss)
    huart1                                   0x200001f4   Data          64  usart.o(.bss)
    xQueueRegistry                           0x20002a34   Data          64  queue.o(.bss)
    __heap_base                              0x20002b90   Data           0  startup_stm32f103xb.o(HEAP)
    __heap_limit                             0x20002f90   Data           0  startup_stm32f103xb.o(HEAP)
    __initial_sp                             0x20003190   Data           0  startup_stm32f103xb.o(STACK)



==============================================================================

Memory Map of the image

  Image Entry point : 0x080000ed

  Load Region LR_IROM1 (Base: 0x08000000, Size: 0x000055b8, Max: 0x00010000, ABSOLUTE)

    Execution Region ER_IROM1 (Exec base: 0x08000000, Load base: 0x08000000, Size: 0x000054e4, Max: 0x00010000, ABSOLUTE)

    Exec Addr    Load Addr    Size         Type   Attr      Idx    E Section Name        Object

    0x08000000   0x08000000   0x000000ec   Data   RO            3    RESET               startup_stm32f103xb.o
    0x080000ec   0x080000ec   0x00000000   Code   RO         4077  * .ARM.Collect$$$$00000000  mc_w.l(entry.o)
    0x080000ec   0x080000ec   0x00000004   Code   RO         4383    .ARM.Collect$$$$00000001  mc_w.l(entry2.o)
    0x080000f0   0x080000f0   0x00000004   Code   RO         4386    .ARM.Collect$$$$00000004  mc_w.l(entry5.o)
    0x080000f4   0x080000f4   0x00000000   Code   RO         4388    .ARM.Collect$$$$00000008  mc_w.l(entry7b.o)
    0x080000f4   0x080000f4   0x00000000   Code   RO         4390    .ARM.Collect$$$$0000000A  mc_w.l(entry8b.o)
    0x080000f4   0x080000f4   0x00000008   Code   RO         4391    .ARM.Collect$$$$0000000B  mc_w.l(entry9a.o)
    0x080000fc   0x080000fc   0x00000000   Code   RO         4393    .ARM.Collect$$$$0000000D  mc_w.l(entry10a.o)
    0x080000fc   0x080000fc   0x00000000   Code   RO         4395    .ARM.Collect$$$$0000000F  mc_w.l(entry11a.o)
    0x080000fc   0x080000fc   0x00000004   Code   RO         4384    .ARM.Collect$$$$00002712  mc_w.l(entry2.o)
    0x08000100   0x08000100   0x00000096   Code   RO         2962    .emb_text           port.o
    0x08000196   0x08000196   0x00000002   PAD
    0x08000198   0x08000198   0x00000024   Code   RO            4    .text               startup_stm32f103xb.o
    0x080001bc   0x080001bc   0x00000024   Code   RO         4082    .text               mc_w.l(memcpya.o)
    0x080001e0   0x080001e0   0x00000024   Code   RO         4084    .text               mc_w.l(memseta.o)
    0x08000204   0x08000204   0x0000001c   Code   RO         4086    .text               mc_w.l(strcmp.o)
    0x08000220   0x08000220   0x00000038   Code   RO         4379    .text               mc_w.l(__0sscanf.o)
    0x08000258   0x08000258   0x000000e0   Code   RO         4381    .text               mc_w.l(_scanf_str.o)
    0x08000338   0x08000338   0x0000002c   Code   RO         4400    .text               mc_w.l(uidiv.o)
    0x08000364   0x08000364   0x00000028   Code   RO         4406    .text               mc_w.l(scanf_char.o)
    0x0800038c   0x0800038c   0x00000040   Code   RO         4408    .text               mc_w.l(_sgetc.o)
    0x080003cc   0x080003cc   0x00000024   Code   RO         4421    .text               mc_w.l(init.o)
    0x080003f0   0x080003f0   0x0000000a   Code   RO         4428    .text               mc_w.l(isspace_c.o)
    0x080003fa   0x080003fa   0x00000002   PAD
    0x080003fc   0x080003fc   0x0000032c   Code   RO         4430    .text               mc_w.l(_scanf.o)
    0x08000728   0x08000728   0x00000028   Code   RO         4435    .text               mc_w.l(ctype_c.o)
    0x08000750   0x08000750   0x0000002a   Code   RO           13    i.AntennaOn         rc522.o
    0x0800077a   0x0800077a   0x00000002   Code   RO          739    i.BusFault_Handler  stm32f1xx_it.o
    0x0800077c   0x0800077c   0x00000002   Code   RO          508    i.Callback01        freertos.o
    0x0800077e   0x0800077e   0x00000066   Code   RO           14    i.CalulateCRC       rc522.o
    0x080007e4   0x080007e4   0x00000018   Code   RO           15    i.ClearBitMask      rc522.o
    0x080007fc   0x080007fc   0x00000002   Code   RO          740    i.DebugMon_Handler  stm32f1xx_it.o
    0x080007fe   0x080007fe   0x00000002   PAD
    0x08000800   0x08000800   0x000000f4   Code   RO          509    i.Door_control      freertos.o
    0x080008f4   0x080008f4   0x00000036   Code   RO          288    i.Draw_BMP          oled.o
    0x0800092a   0x0800092a   0x00000002   PAD
    0x0800092c   0x0800092c   0x00000024   Code   RO         1976    i.HAL_Delay         stm32f1xx_hal.o
    0x08000950   0x08000950   0x000001bc   Code   RO         2269    i.HAL_GPIO_Init     stm32f1xx_hal_gpio.o
    0x08000b0c   0x08000b0c   0x0000000a   Code   RO         2273    i.HAL_GPIO_WritePin  stm32f1xx_hal_gpio.o
    0x08000b16   0x08000b16   0x00000002   PAD
    0x08000b18   0x08000b18   0x0000000c   Code   RO         1980    i.HAL_GetTick       stm32f1xx_hal.o
    0x08000b24   0x08000b24   0x00000140   Code   RO          873    i.HAL_I2C_Init      stm32f1xx_hal_i2c.o
    0x08000c64   0x08000c64   0x0000013c   Code   RO          892    i.HAL_I2C_Mem_Write  stm32f1xx_hal_i2c.o
    0x08000da0   0x08000da0   0x00000080   Code   RO          608    i.HAL_I2C_MspInit   i2c.o
    0x08000e20   0x08000e20   0x00000010   Code   RO         1984    i.HAL_IncTick       stm32f1xx_hal.o
    0x08000e30   0x08000e30   0x00000024   Code   RO         1985    i.HAL_Init          stm32f1xx_hal.o
    0x08000e54   0x08000e54   0x00000040   Code   RO         1986    i.HAL_InitTick      stm32f1xx_hal.o
    0x08000e94   0x08000e94   0x00000090   Code   RO          802    i.HAL_MspInit       stm32f1xx_hal_msp.o
    0x08000f24   0x08000f24   0x00000040   Code   RO         2435    i.HAL_NVIC_SetPriority  stm32f1xx_hal_cortex.o
    0x08000f64   0x08000f64   0x00000024   Code   RO         2436    i.HAL_NVIC_SetPriorityGrouping  stm32f1xx_hal_cortex.o
    0x08000f88   0x08000f88   0x00000154   Code   RO         2129    i.HAL_RCC_ClockConfig  stm32f1xx_hal_rcc.o
    0x080010dc   0x080010dc   0x0000000c   Code   RO         2134    i.HAL_RCC_GetHCLKFreq  stm32f1xx_hal_rcc.o
    0x080010e8   0x080010e8   0x00000020   Code   RO         2136    i.HAL_RCC_GetPCLK1Freq  stm32f1xx_hal_rcc.o
    0x08001108   0x08001108   0x00000020   Code   RO         2137    i.HAL_RCC_GetPCLK2Freq  stm32f1xx_hal_rcc.o
    0x08001128   0x08001128   0x0000006c   Code   RO         2138    i.HAL_RCC_GetSysClockFreq  stm32f1xx_hal_rcc.o
    0x08001194   0x08001194   0x00000304   Code   RO         2141    i.HAL_RCC_OscConfig  stm32f1xx_hal_rcc.o
    0x08001498   0x08001498   0x00000082   Code   RO         1583    i.HAL_SPI_Init      stm32f1xx_hal_spi_ex.o
    0x0800151a   0x0800151a   0x00000002   PAD
    0x0800151c   0x0800151c   0x0000005c   Code   RO          656    i.HAL_SPI_MspInit   spi.o
    0x08001578   0x08001578   0x000001d8   Code   RO         1280    i.HAL_SPI_TransmitReceive  stm32f1xx_hal_spi.o
    0x08001750   0x08001750   0x00000018   Code   RO         2438    i.HAL_SYSTICK_CLKSourceConfig  stm32f1xx_hal_cortex.o
    0x08001768   0x08001768   0x00000028   Code   RO         2440    i.HAL_SYSTICK_Config  stm32f1xx_hal_cortex.o
    0x08001790   0x08001790   0x00000062   Code   RO         1668    i.HAL_UART_Init     stm32f1xx_hal_uart.o
    0x080017f2   0x080017f2   0x00000002   PAD
    0x080017f4   0x080017f4   0x00000058   Code   RO          698    i.HAL_UART_MspInit  usart.o
    0x0800184c   0x0800184c   0x00000002   Code   RO          741    i.HardFault_Handler  stm32f1xx_it.o
    0x0800184e   0x0800184e   0x00000028   Code   RO          911    i.I2C_IsAcknowledgeFailed  stm32f1xx_hal_i2c.o
    0x08001876   0x08001876   0x00000002   PAD
    0x08001878   0x08001878   0x000000a0   Code   RO          921    i.I2C_RequestMemoryWrite  stm32f1xx_hal_i2c.o
    0x08001918   0x08001918   0x0000004e   Code   RO          924    i.I2C_WaitOnBTFFlagUntilTimeout  stm32f1xx_hal_i2c.o
    0x08001966   0x08001966   0x00000060   Code   RO          925    i.I2C_WaitOnFlagUntilTimeout  stm32f1xx_hal_i2c.o
    0x080019c6   0x080019c6   0x00000002   PAD
    0x080019c8   0x080019c8   0x00000088   Code   RO          926    i.I2C_WaitOnMasterAddressFlagUntilTimeout  stm32f1xx_hal_i2c.o
    0x08001a50   0x08001a50   0x0000004e   Code   RO          928    i.I2C_WaitOnTXEFlagUntilTimeout  stm32f1xx_hal_i2c.o
    0x08001a9e   0x08001a9e   0x00000086   Code   RO           16    i.MFRC522_Initializtion  rc522.o
    0x08001b24   0x08001b24   0x000000b0   Code   RO           17    i.MFRC522_Reset     rc522.o
    0x08001bd4   0x08001bd4   0x000000c8   Code   RO          510    i.MX_FREERTOS_Init  freertos.o
    0x08001c9c   0x08001c9c   0x000000e8   Code   RO          484    i.MX_GPIO_Init      gpio.o
    0x08001d84   0x08001d84   0x00000054   Code   RO          609    i.MX_I2C1_Init      i2c.o
    0x08001dd8   0x08001dd8   0x00000054   Code   RO          610    i.MX_I2C2_Init      i2c.o
    0x08001e2c   0x08001e2c   0x0000005c   Code   RO          657    i.MX_SPI2_Init      spi.o
    0x08001e88   0x08001e88   0x0000004c   Code   RO          699    i.MX_USART1_UART_Init  usart.o
    0x08001ed4   0x08001ed4   0x00000002   Code   RO          742    i.MemManage_Handler  stm32f1xx_it.o
    0x08001ed6   0x08001ed6   0x00000002   Code   RO          743    i.NMI_Handler       stm32f1xx_it.o
    0x08001ed8   0x08001ed8   0x00000020   Code   RO         2442    i.NVIC_SetPriority  stm32f1xx_hal_cortex.o
    0x08001ef8   0x08001ef8   0x00000038   Code   RO          291    i.OLED_Fill         oled.o
    0x08001f30   0x08001f30   0x000000d0   Code   RO          292    i.OLED_Init         oled.o
    0x08002000   0x08002000   0x0000005c   Code   RO          293    i.OLED_P6x8Str      oled.o
    0x0800205c   0x0800205c   0x000000d8   Code   RO          294    i.OLED_P6x8data     oled.o
    0x08002134   0x08002134   0x00000026   Code   RO          296    i.OLED_Set_Pos      oled.o
    0x0800215a   0x0800215a   0x00000002   PAD
    0x0800215c   0x0800215c   0x00000024   Code   RO          297    i.OLED_WrCmd        oled.o
    0x08002180   0x08002180   0x00000024   Code   RO          298    i.OLED_WrDat        oled.o
    0x080021a4   0x080021a4   0x0000006a   Code   RO           18    i.PcdAnticoll       rc522.o
    0x0800220e   0x0800220e   0x00000052   Code   RO           19    i.PcdAuthState      rc522.o
    0x08002260   0x08002260   0x0000011c   Code   RO           20    i.PcdComMF522       rc522.o
    0x0800237c   0x0800237c   0x0000004c   Code   RO           22    i.PcdRead           rc522.o
    0x080023c8   0x080023c8   0x00000052   Code   RO           23    i.PcdRequest        rc522.o
    0x0800241a   0x0800241a   0x00000064   Code   RO           24    i.PcdSelect         rc522.o
    0x0800247e   0x0800247e   0x00000002   PAD
    0x08002480   0x08002480   0x000000c4   Code   RO          237    i.RC522_search      rfid_api.o
    0x08002544   0x08002544   0x00000048   Code   RO           27    i.ReadRawRC         rc522.o
    0x0800258c   0x0800258c   0x00000020   Code   RO         1295    i.SPI_CheckFlag_BSY  stm32f1xx_hal_spi.o
    0x080025ac   0x080025ac   0x00000096   Code   RO         1314    i.SPI_WaitFlagStateUntilTimeout  stm32f1xx_hal_spi.o
    0x08002642   0x08002642   0x00000002   PAD
    0x08002644   0x08002644   0x00000028   Code   RO           28    i.SPI_WriteByte     rc522.o
    0x0800266c   0x0800266c   0x00000018   Code   RO           29    i.SetBitMask        rc522.o
    0x08002684   0x08002684   0x0000000c   Code   RO          511    i.StartDefaultTask  freertos.o
    0x08002690   0x08002690   0x00000054   Code   RO          512    i.StartTask_Door    freertos.o
    0x080026e4   0x080026e4   0x00000040   Code   RO          513    i.StartTask_LCD     freertos.o
    0x08002724   0x08002724   0x00000034   Code   RO          514    i.StartTask_LED     freertos.o
    0x08002758   0x08002758   0x000000dc   Code   RO          515    i.StartTask_RC522   freertos.o
    0x08002834   0x08002834   0x0000000e   Code   RO          744    i.SysTick_Handler   stm32f1xx_it.o
    0x08002842   0x08002842   0x00000068   Code   RO          396    i.SystemClock_Config  main.o
    0x080028aa   0x080028aa   0x00000002   PAD
    0x080028ac   0x080028ac   0x00000048   Code   RO         2858    i.SystemInit        system_stm32f1xx.o
    0x080028f4   0x080028f4   0x00000170   Code   RO         1694    i.UART_SetConfig    stm32f1xx_hal_uart.o
    0x08002a64   0x08002a64   0x00000002   Code   RO          745    i.UsageFault_Handler  stm32f1xx_it.o
    0x08002a66   0x08002a66   0x00000002   PAD
    0x08002a68   0x08002a68   0x0000004c   Code   RO           30    i.WriteRawRC        rc522.o
    0x08002ab4   0x08002ab4   0x00000002   Code   RO          397    i._Error_Handler    main.o
    0x08002ab6   0x08002ab6   0x00000002   PAD
    0x08002ab8   0x08002ab8   0x00000028   Code   RO         4137    i.__0sprintf$1      mc_w.l(printf1.o)
    0x08002ae0   0x08002ae0   0x0000000e   Code   RO         4440    i.__scatterload_copy  mc_w.l(handlers.o)
    0x08002aee   0x08002aee   0x00000002   Code   RO         4441    i.__scatterload_null  mc_w.l(handlers.o)
    0x08002af0   0x08002af0   0x0000000e   Code   RO         4442    i.__scatterload_zeroinit  mc_w.l(handlers.o)
    0x08002afe   0x08002afe   0x00000002   PAD
    0x08002b00   0x08002b00   0x00000154   Code   RO         4142    i._printf_core      mc_w.l(printf1.o)
    0x08002c54   0x08002c54   0x0000000a   Code   RO         4144    i._sputc            mc_w.l(printf1.o)
    0x08002c5e   0x08002c5e   0x00000002   PAD
    0x08002c60   0x08002c60   0x00000050   Code   RO         4351    i.free              mc_w.l(malloc.o)
    0x08002cb0   0x08002cb0   0x0000000c   Code   RO         3702    i.inHandlerMode     cmsis_os.o
    0x08002cbc   0x08002cbc   0x00000048   Code   RO          398    i.main              main.o
    0x08002d04   0x08002d04   0x0000000c   Code   RO         3704    i.makeFreeRtosPriority  cmsis_os.o
    0x08002d10   0x08002d10   0x0000006c   Code   RO         4352    i.malloc            mc_w.l(malloc.o)
    0x08002d7c   0x08002d7c   0x0000000e   Code   RO         3706    i.osDelay           cmsis_os.o
    0x08002d8a   0x08002d8a   0x0000000a   Code   RO         3709    i.osKernelStart     cmsis_os.o
    0x08002d94   0x08002d94   0x0000005c   Code   RO         3713    i.osMailCreate      cmsis_os.o
    0x08002df0   0x08002df0   0x00000094   Code   RO         3715    i.osMailGet         cmsis_os.o
    0x08002e84   0x08002e84   0x0000005c   Code   RO         3716    i.osMailPut         cmsis_os.o
    0x08002ee0   0x08002ee0   0x0000005e   Code   RO         3730    i.osPoolCreate      cmsis_os.o
    0x08002f3e   0x08002f3e   0x00000026   Code   RO         3735    i.osSemaphoreCreate  cmsis_os.o
    0x08002f64   0x08002f64   0x00000050   Code   RO         3738    i.osSemaphoreRelease  cmsis_os.o
    0x08002fb4   0x08002fb4   0x00000068   Code   RO         3739    i.osSemaphoreWait   cmsis_os.o
    0x0800301c   0x0800301c   0x00000014   Code   RO         3742    i.osSystickHandler  cmsis_os.o
    0x08003030   0x08003030   0x0000002e   Code   RO         3743    i.osThreadCreate    cmsis_os.o
    0x0800305e   0x0800305e   0x00000002   PAD
    0x08003060   0x08003060   0x00000024   Code   RO         3754    i.osTimerCreate     cmsis_os.o
    0x08003084   0x08003084   0x00000070   Code   RO         3311    i.prvAddCurrentTaskToDelayedList  tasks.o
    0x080030f4   0x080030f4   0x000000d0   Code   RO         3312    i.prvAddNewTaskToReadyList  tasks.o
    0x080031c4   0x080031c4   0x00000050   Code   RO         3597    i.prvCheckForValidListAndQueue  timers.o
    0x08003214   0x08003214   0x00000050   Code   RO         3313    i.prvCheckTasksWaitingTermination  tasks.o
    0x08003264   0x08003264   0x00000026   Code   RO         3165    i.prvCopyDataFromQueue  queue.o
    0x0800328a   0x0800328a   0x0000006c   Code   RO         3166    i.prvCopyDataToQueue  queue.o
    0x080032f6   0x080032f6   0x00000014   Code   RO         3314    i.prvDeleteTCB      tasks.o
    0x0800330a   0x0800330a   0x00000002   PAD
    0x0800330c   0x0800330c   0x0000004c   Code   RO         2892    i.prvHeapInit       heap_4.o
    0x08003358   0x08003358   0x00000028   Code   RO         3315    i.prvIdleTask       tasks.o
    0x08003380   0x08003380   0x0000008e   Code   RO         3316    i.prvInitialiseNewTask  tasks.o
    0x0800340e   0x0800340e   0x00000002   PAD
    0x08003410   0x08003410   0x0000004c   Code   RO         2893    i.prvInsertBlockIntoFreeList  heap_4.o
    0x0800345c   0x0800345c   0x00000038   Code   RO         3598    i.prvInsertTimerInActiveList  timers.o
    0x08003494   0x08003494   0x0000001c   Code   RO         3167    i.prvIsQueueEmpty   queue.o
    0x080034b0   0x080034b0   0x000000b8   Code   RO         3599    i.prvProcessReceivedCommands  timers.o
    0x08003568   0x08003568   0x000000b4   Code   RO         3600    i.prvProcessTimerOrBlockTask  timers.o
    0x0800361c   0x0800361c   0x00000020   Code   RO         3317    i.prvResetNextTaskUnblockTime  tasks.o
    0x0800363c   0x0800363c   0x00000028   Code   RO         3601    i.prvSampleTimeNow  timers.o
    0x08003664   0x08003664   0x0000006c   Code   RO         3602    i.prvSwitchTimerLists  timers.o
    0x080036d0   0x080036d0   0x00000028   Code   RO         2963    i.prvTaskExitError  port.o
    0x080036f8   0x080036f8   0x00000024   Code   RO         3603    i.prvTimerTask      timers.o
    0x0800371c   0x0800371c   0x0000006a   Code   RO         3168    i.prvUnlockQueue    queue.o
    0x08003786   0x08003786   0x00000002   PAD
    0x08003788   0x08003788   0x000000d8   Code   RO         2894    i.pvPortMalloc      heap_4.o
    0x08003860   0x08003860   0x00000018   Code   RO         3319    i.pvTaskIncrementMutexHeldCount  tasks.o
    0x08003878   0x08003878   0x00000024   Code   RO         2964    i.pxPortInitialiseStack  port.o
    0x0800389c   0x0800389c   0x00000028   Code   RO          238    i.read_message      rfid_api.o
    0x080038c4   0x080038c4   0x00000024   Code   RO         3128    i.uxListRemove      list.o
    0x080038e8   0x080038e8   0x00000016   Code   RO         3129    i.vListInitialise   list.o
    0x080038fe   0x080038fe   0x00000006   Code   RO         3130    i.vListInitialiseItem  list.o
    0x08003904   0x08003904   0x00000030   Code   RO         3131    i.vListInsert       list.o
    0x08003934   0x08003934   0x00000018   Code   RO         3132    i.vListInsertEnd    list.o
    0x0800394c   0x0800394c   0x00000040   Code   RO         2966    i.vPortEnterCritical  port.o
    0x0800398c   0x0800398c   0x00000028   Code   RO         2967    i.vPortExitCritical  port.o
    0x080039b4   0x080039b4   0x0000005c   Code   RO         2895    i.vPortFree         heap_4.o
    0x08003a10   0x08003a10   0x00000020   Code   RO         2968    i.vPortSetupTimerInterrupt  port.o
    0x08003a30   0x08003a30   0x00000054   Code   RO         2969    i.vPortValidateInterruptPriority  port.o
    0x08003a84   0x08003a84   0x00000028   Code   RO         3172    i.vQueueAddToRegistry  queue.o
    0x08003aac   0x08003aac   0x00000044   Code   RO         3175    i.vQueueWaitForMessageRestricted  queue.o
    0x08003af0   0x08003af0   0x0000004c   Code   RO         3325    i.vTaskDelay        tasks.o
    0x08003b3c   0x08003b3c   0x0000000c   Code   RO         3328    i.vTaskMissedYield  tasks.o
    0x08003b48   0x08003b48   0x00000030   Code   RO         3330    i.vTaskPlaceOnEventList  tasks.o
    0x08003b78   0x08003b78   0x00000038   Code   RO         3331    i.vTaskPlaceOnEventListRestricted  tasks.o
    0x08003bb0   0x08003bb0   0x00000084   Code   RO         3333    i.vTaskPriorityInherit  tasks.o
    0x08003c34   0x08003c34   0x00000024   Code   RO         3336    i.vTaskSetTimeOutState  tasks.o
    0x08003c58   0x08003c58   0x00000070   Code   RO         3337    i.vTaskStartScheduler  tasks.o
    0x08003cc8   0x08003cc8   0x00000010   Code   RO         3339    i.vTaskSuspendAll   tasks.o
    0x08003cd8   0x08003cd8   0x0000005c   Code   RO         3340    i.vTaskSwitchContext  tasks.o
    0x08003d34   0x08003d34   0x00000074   Code   RO         2970    i.xPortStartScheduler  port.o
    0x08003da8   0x08003da8   0x0000002c   Code   RO         2971    i.xPortSysTickHandler  port.o
    0x08003dd4   0x08003dd4   0x00000048   Code   RO         3177    i.xQueueGenericCreate  queue.o
    0x08003e1c   0x08003e1c   0x0000016c   Code   RO         3178    i.xQueueGenericReceive  queue.o
    0x08003f88   0x08003f88   0x00000088   Code   RO         3179    i.xQueueGenericReset  queue.o
    0x08004010   0x08004010   0x00000160   Code   RO         3180    i.xQueueGenericSend  queue.o
    0x08004170   0x08004170   0x000000bc   Code   RO         3181    i.xQueueGenericSendFromISR  queue.o
    0x0800422c   0x0800422c   0x0000009c   Code   RO         3182    i.xQueueGiveFromISR  queue.o
    0x080042c8   0x080042c8   0x0000009a   Code   RO         3186    i.xQueueReceiveFromISR  queue.o
    0x08004362   0x08004362   0x00000002   PAD
    0x08004364   0x08004364   0x0000006c   Code   RO         3341    i.xTaskCheckForTimeOut  tasks.o
    0x080043d0   0x080043d0   0x00000056   Code   RO         3342    i.xTaskCreate       tasks.o
    0x08004426   0x08004426   0x00000002   PAD
    0x08004428   0x08004428   0x0000001c   Code   RO         3346    i.xTaskGetSchedulerState  tasks.o
    0x08004444   0x08004444   0x0000000c   Code   RO         3347    i.xTaskGetTickCount  tasks.o
    0x08004450   0x08004450   0x000000c8   Code   RO         3349    i.xTaskIncrementTick  tasks.o
    0x08004518   0x08004518   0x00000098   Code   RO         3352    i.xTaskPriorityDisinherit  tasks.o
    0x080045b0   0x080045b0   0x00000074   Code   RO         3353    i.xTaskRemoveFromEventList  tasks.o
    0x08004624   0x08004624   0x000000c4   Code   RO         3355    i.xTaskResumeAll    tasks.o
    0x080046e8   0x080046e8   0x0000004e   Code   RO         3606    i.xTimerCreate      timers.o
    0x08004736   0x08004736   0x00000002   PAD
    0x08004738   0x08004738   0x00000048   Code   RO         3607    i.xTimerCreateTimerTask  timers.o
    0x08004780   0x08004780   0x00000060   Code   RO         3608    i.xTimerGenericCommand  timers.o
    0x080047e0   0x080047e0   0x00000bde   Data   RO          301    .constdata          oled.o
    0x080053be   0x080053be   0x00000002   PAD
    0x080053c0   0x080053c0   0x00000074   Data   RO          517    .constdata          freertos.o
    0x08005434   0x08005434   0x00000010   Data   RO         2859    .constdata          system_stm32f1xx.o
    0x08005444   0x08005444   0x00000008   Data   RO         2860    .constdata          system_stm32f1xx.o
    0x0800544c   0x0800544c   0x00000040   Data   RO         4436    .constdata          mc_w.l(ctype_c.o)
    0x0800548c   0x0800548c   0x00000038   Data   RO          518    .conststring        freertos.o
    0x080054c4   0x080054c4   0x00000020   Data   RO         4438    Region$$Table       anon$$obj.o


    Execution Region RW_IRAM1 (Exec base: 0x20000000, Load base: 0x080054e4, Size: 0x00003190, Max: 0x00005000, ABSOLUTE)

    Exec Addr    Load Addr    Size         Type   Attr      Idx    E Section Name        Object

    0x20000000   0x080054e4   0x00000002   Data   RW           31    .data               rc522.o
    0x20000002   0x080054e6   0x00000002   PAD
    0x20000004   0x080054e8   0x0000001e   Data   RW          244    .data               rfid_api.o
    0x20000022   0x08005506   0x00000002   PAD
    0x20000024   0x08005508   0x00000024   Data   RW          519    .data               freertos.o
    0x20000048   0x0800552c   0x0000000c   Data   RW         1992    .data               stm32f1xx_hal.o
    0x20000054   0x08005538   0x00000004   Data   RW         2861    .data               system_stm32f1xx.o
    0x20000058   0x0800553c   0x00000018   Data   RW         2900    .data               heap_4.o
    0x20000070   0x08005554   0x0000000c   Data   RW         2972    .data               port.o
    0x2000007c   0x08005560   0x0000003c   Data   RW         3358    .data               tasks.o
    0x200000b8   0x0800559c   0x00000014   Data   RW         3614    .data               timers.o
    0x200000cc   0x080055b0   0x00000004   Data   RW         4404    .data               mc_w.l(mvars.o)
    0x200000d0   0x080055b4   0x00000004   Data   RW         4405    .data               mc_w.l(mvars.o)
    0x200000d4        -       0x00000010   Zero   RW          240    .bss                rfid_api.o
    0x200000e4        -       0x0000000e   Zero   RW          516    .bss                freertos.o
    0x200000f2   0x080055b8   0x00000002   PAD
    0x200000f4        -       0x000000a8   Zero   RW          611    .bss                i2c.o
    0x2000019c        -       0x00000058   Zero   RW          658    .bss                spi.o
    0x200001f4        -       0x00000040   Zero   RW          700    .bss                usart.o
    0x20000234        -       0x00002800   Zero   RW         2899    .bss                heap_4.o
    0x20002a34        -       0x00000040   Zero   RW         3187    .bss                queue.o
    0x20002a74        -       0x000000f0   Zero   RW         3357    .bss                tasks.o
    0x20002b64        -       0x00000028   Zero   RW         3613    .bss                timers.o
    0x20002b8c   0x080055b8   0x00000004   PAD
    0x20002b90        -       0x00000400   Zero   RW            2    HEAP                startup_stm32f103xb.o
    0x20002f90        -       0x00000200   Zero   RW            1    STACK               startup_stm32f103xb.o


==============================================================================

Image component sizes


      Code (inc. data)   RO Data    RW Data    ZI Data      Debug   Object Name

       798         26          0          0          0      21709   cmsis_os.o
         0          0          0          0          0       8104   event_groups.o
       878        108        172         36         14       9656   freertos.o
       232         16          0          0          0        967   gpio.o
       460         24          0         24      10240      14267   heap_4.o
       296         82          0          0        168       2206   i2c.o
       136          0          0          0          0       3418   list.o
       178         10          0          0          0      19293   main.o
       736         34       3038          0          0       6117   oled.o
       606         72          0         12          0      11077   port.o
      1810         20          0          0         64      16652   queue.o
      1420         38          0          2          0     429463   rc522.o
       236         28          0         30         16       2993   rfid_api.o
       184         38          0          0         88       1613   spi.o
        36          8        236          0       1536        808   startup_stm32f103xb.o
       164         28          0         12          0       3869   stm32f1xx_hal.o
       196         14          0          0          0      25732   stm32f1xx_hal_cortex.o
       454         36          0          0          0       2896   stm32f1xx_hal_gpio.o
      1224         32          0          0          0       9087   stm32f1xx_hal_i2c.o
       144         10          0          0          0        918   stm32f1xx_hal_msp.o
      1296        104          0          0          0       5668   stm32f1xx_hal_rcc.o
       654          0          0          0          0       3630   stm32f1xx_hal_spi.o
       130          0          0          0          0       1071   stm32f1xx_hal_spi_ex.o
       466          4          0          0          0       1916   stm32f1xx_hal_uart.o
        26          0          0          0          0       3023   stm32f1xx_it.o
        72         16         24          4          0       1175   system_stm32f1xx.o
      2136        182          0         60        240      23195   tasks.o
       930         78          0         20         40      10746   timers.o
       164         36          0          0         64       1638   usart.o

    ----------------------------------------------------------------------
     16104       1044       3504        204      12476     642907   Object Totals
         0          0         32          0          0          0   (incl. Generated)
        42          0          2          4          6          0   (incl. Padding)

    ----------------------------------------------------------------------

      Code (inc. data)   RO Data    RW Data    ZI Data      Debug   Library Member Name

        56          8          0          0          0         84   __0sscanf.o
       812          4          0          0          0        112   _scanf.o
       224          0          0          0          0         96   _scanf_str.o
        64          0          0          0          0         84   _sgetc.o
        40          6         64          0          0         68   ctype_c.o
         0          0          0          0          0          0   entry.o
         0          0          0          0          0          0   entry10a.o
         0          0          0          0          0          0   entry11a.o
         8          4          0          0          0          0   entry2.o
         4          0          0          0          0          0   entry5.o
         0          0          0          0          0          0   entry7b.o
         0          0          0          0          0          0   entry8b.o
         8          4          0          0          0          0   entry9a.o
        30          0          0          0          0          0   handlers.o
        36          8          0          0          0         68   init.o
        10          0          0          0          0         68   isspace_c.o
       188         20          0          0          0        160   malloc.o
        36          0          0          0          0         68   memcpya.o
        36          0          0          0          0        108   memseta.o
         0          0          0          8          0          0   mvars.o
       390         10          0          0          0        252   printf1.o
        40          8          0          0          0         84   scanf_char.o
        28          0          0          0          0         76   strcmp.o
        44          0          0          0          0         80   uidiv.o

    ----------------------------------------------------------------------
      2060         72         64          8          0       1408   Library Totals
         6          0          0          0          0          0   (incl. Padding)

    ----------------------------------------------------------------------

      Code (inc. data)   RO Data    RW Data    ZI Data      Debug   Library Name

      2054         72         64          8          0       1408   mc_w.l

    ----------------------------------------------------------------------
      2060         72         64          8          0       1408   Library Totals

    ----------------------------------------------------------------------

==============================================================================


      Code (inc. data)   RO Data    RW Data    ZI Data      Debug   

     18164       1116       3568        212      12476     635367   Grand Totals
     18164       1116       3568        212      12476     635367   ELF Image Totals
     18164       1116       3568        212          0          0   ROM Totals

==============================================================================

    Total RO  Size (Code + RO Data)                21732 (  21.22kB)
    Total RW  Size (RW Data + ZI Data)             12688 (  12.39kB)
    Total ROM Size (Code + RO Data + RW Data)      21944 (  21.43kB)

==============================================================================

