Component: ARM Compiler 5.06 update 6 (build 750) Tool: armlink [4d35ed]

==============================================================================

Section Cross References

    startup_stm32f103xb.o(RESET) refers to startup_stm32f103xb.o(STACK) for __initial_sp
    startup_stm32f103xb.o(RESET) refers to startup_stm32f103xb.o(.text) for Reset_Handler
    startup_stm32f103xb.o(RESET) refers to stm32f1xx_it.o(i.NMI_Handler) for NMI_Handler
    startup_stm32f103xb.o(RESET) refers to stm32f1xx_it.o(i.HardFault_Handler) for HardFault_Handler
    startup_stm32f103xb.o(RESET) refers to stm32f1xx_it.o(i.MemManage_Handler) for MemManage_Handler
    startup_stm32f103xb.o(RESET) refers to stm32f1xx_it.o(i.BusFault_Handler) for BusFault_Handler
    startup_stm32f103xb.o(RESET) refers to stm32f1xx_it.o(i.UsageFault_Handler) for UsageFault_Handler
    startup_stm32f103xb.o(RESET) refers to port.o(.emb_text) for SVC_Handler
    startup_stm32f103xb.o(RESET) refers to stm32f1xx_it.o(i.DebugMon_Handler) for DebugMon_Handler
    startup_stm32f103xb.o(RESET) refers to stm32f1xx_it.o(i.SysTick_Handler) for SysTick_Handler
    startup_stm32f103xb.o(.text) refers to system_stm32f1xx.o(i.SystemInit) for SystemInit
    startup_stm32f103xb.o(.text) refers to entry.o(.ARM.Collect$$$$00000000) for __main
    rc522.o(i.AntennaOn) refers to rc522.o(i.ReadRawRC) for ReadRawRC
    rc522.o(i.AntennaOn) refers to rc522.o(i.SetBitMask) for SetBitMask
    rc522.o(i.AntennaOn) refers to rc522.o(i.ClearBitMask) for ClearBitMask
    rc522.o(i.CalulateCRC) refers to rc522.o(i.ClearBitMask) for ClearBitMask
    rc522.o(i.CalulateCRC) refers to rc522.o(i.WriteRawRC) for WriteRawRC
    rc522.o(i.CalulateCRC) refers to rc522.o(i.SetBitMask) for SetBitMask
    rc522.o(i.CalulateCRC) refers to rc522.o(i.ReadRawRC) for ReadRawRC
    rc522.o(i.ClearBitMask) refers to rc522.o(i.ReadRawRC) for ReadRawRC
    rc522.o(i.ClearBitMask) refers to rc522.o(i.WriteRawRC) for WriteRawRC
    rc522.o(i.MFRC522_Initializtion) refers to rc522.o(i.MFRC522_Reset) for MFRC522_Reset
    rc522.o(i.MFRC522_Initializtion) refers to rc522.o(i.AntennaOn) for AntennaOn
    rc522.o(i.MFRC522_Initializtion) refers to stm32f1xx_hal.o(i.HAL_Delay) for HAL_Delay
    rc522.o(i.MFRC522_Initializtion) refers to rc522.o(i.ClearBitMask) for ClearBitMask
    rc522.o(i.MFRC522_Initializtion) refers to rc522.o(i.WriteRawRC) for WriteRawRC
    rc522.o(i.MFRC522_Initializtion) refers to rc522.o(i.ReadRawRC) for ReadRawRC
    rc522.o(i.MFRC522_Reset) refers to stm32f1xx_hal_gpio.o(i.HAL_GPIO_WritePin) for HAL_GPIO_WritePin
    rc522.o(i.MFRC522_Reset) refers to stm32f1xx_hal.o(i.HAL_Delay) for HAL_Delay
    rc522.o(i.MFRC522_Reset) refers to rc522.o(i.WriteRawRC) for WriteRawRC
    rc522.o(i.PcdAnticoll) refers to rc522.o(i.ClearBitMask) for ClearBitMask
    rc522.o(i.PcdAnticoll) refers to rc522.o(i.WriteRawRC) for WriteRawRC
    rc522.o(i.PcdAnticoll) refers to rc522.o(i.PcdComMF522) for PcdComMF522
    rc522.o(i.PcdAnticoll) refers to rc522.o(i.SetBitMask) for SetBitMask
    rc522.o(i.PcdAuthState) refers to rc522.o(i.PcdComMF522) for PcdComMF522
    rc522.o(i.PcdAuthState) refers to rc522.o(i.ReadRawRC) for ReadRawRC
    rc522.o(i.PcdComMF522) refers to rc522.o(i.WriteRawRC) for WriteRawRC
    rc522.o(i.PcdComMF522) refers to rc522.o(i.ClearBitMask) for ClearBitMask
    rc522.o(i.PcdComMF522) refers to rc522.o(i.SetBitMask) for SetBitMask
    rc522.o(i.PcdComMF522) refers to rc522.o(i.ReadRawRC) for ReadRawRC
    rc522.o(i.PcdHalt) refers to rc522.o(i.CalulateCRC) for CalulateCRC
    rc522.o(i.PcdHalt) refers to rc522.o(i.PcdComMF522) for PcdComMF522
    rc522.o(i.PcdRead) refers to rc522.o(i.CalulateCRC) for CalulateCRC
    rc522.o(i.PcdRead) refers to rc522.o(i.PcdComMF522) for PcdComMF522
    rc522.o(i.PcdRequest) refers to rc522.o(i.ClearBitMask) for ClearBitMask
    rc522.o(i.PcdRequest) refers to rc522.o(i.WriteRawRC) for WriteRawRC
    rc522.o(i.PcdRequest) refers to rc522.o(i.SetBitMask) for SetBitMask
    rc522.o(i.PcdRequest) refers to rc522.o(i.PcdComMF522) for PcdComMF522
    rc522.o(i.PcdSelect) refers to rc522.o(i.CalulateCRC) for CalulateCRC
    rc522.o(i.PcdSelect) refers to rc522.o(i.ClearBitMask) for ClearBitMask
    rc522.o(i.PcdSelect) refers to rc522.o(i.PcdComMF522) for PcdComMF522
    rc522.o(i.PcdWrite) refers to rc522.o(i.CalulateCRC) for CalulateCRC
    rc522.o(i.PcdWrite) refers to rc522.o(i.PcdComMF522) for PcdComMF522
    rc522.o(i.ReadID) refers to rc522.o(i.WriteRawRC) for WriteRawRC
    rc522.o(i.ReadID) refers to rc522.o(i.ReadRawRC) for ReadRawRC
    rc522.o(i.ReadRawRC) refers to stm32f1xx_hal_gpio.o(i.HAL_GPIO_WritePin) for HAL_GPIO_WritePin
    rc522.o(i.ReadRawRC) refers to rc522.o(i.SPI_WriteByte) for SPI_WriteByte
    rc522.o(i.SPI_WriteByte) refers to stm32f1xx_hal_spi.o(i.HAL_SPI_TransmitReceive) for HAL_SPI_TransmitReceive
    rc522.o(i.SPI_WriteByte) refers to rc522.o(.data) for .data
[...]
    i.HAL_MspInit                            0x08000b54   Section        0  stm32f1xx_hal_msp.o(i.HAL_MspInit)
    i.HAL_NVIC_SetPriority                   0x08000be4   Section        0  stm32f1xx_hal_cortex.o(i.HAL_NVIC_SetPriority)
    i.HAL_NVIC_SetPriorityGrouping           0x08000c24   Section        0  stm32f1xx_hal_cortex.o(i.HAL_NVIC_SetPriorityGrouping)
    i.HAL_RCC_ClockConfig                    0x08000c48   Section        0  stm32f1xx_hal_rcc.o(i.HAL_RCC_ClockConfig)
    i.HAL_RCC_GetHCLKFreq                    0x08000d9c   Section        0  stm32f1xx_hal_rcc.o(i.HAL_RCC_GetHCLKFreq)
    i.HAL_RCC_GetPCLK1Freq                   0x08000da8   Section        0  stm32f1xx_hal_rcc.o(i.HAL_RCC_GetPCLK1Freq)
    i.HAL_RCC_GetPCLK2Freq                   0x08000dc8   Section        0  stm32f1xx_hal_rcc.o(i.HAL_RCC_GetPCLK2Freq)
    i.HAL_RCC_GetSysClockFreq                0x08000de8   Section        0  stm32f1xx_hal_rcc.o(i.HAL_RCC_GetSysClockFreq)
    i.HAL_RCC_OscConfig                      0x08000e54   Section        0  stm32f1xx_hal_rcc.o(i.HAL_RCC_OscConfig)
    i.HAL_SPI_Init                           0x08001158   Section        0  stm32f1xx_hal_spi_ex.o(i.HAL_SPI_Init)
    i.HAL_SPI_MspInit                        0x080011dc   Section        0  spi.o(i.HAL_SPI_MspInit)
    i.HAL_SPI_TransmitReceive                0x08001238   Section        0  stm32f1xx_hal_spi.o(i.HAL_SPI_TransmitReceive)
    i.HAL_SYSTICK_CLKSourceConfig            0x08001410   Section        0  stm32f1xx_hal_cortex.o(i.HAL_SYSTICK_CLKSourceConfig)
    i.HAL_SYSTICK_Config                     0x08001428   Section        0  stm32f1xx_hal_cortex.o(i.HAL_SYSTICK_Config)
    i.HAL_UART_Init                          0x08001450   Section        0  stm32f1xx_hal_uart.o(i.HAL_UART_Init)
    i.HAL_UART_MspInit                       0x080014b4   Section        0  usart.o(i.HAL_UART_MspInit)
    i.HardFault_Handler                      0x0800150c   Section        0  stm32f1xx_it.o(i.HardFault_Handler)
    i.I2C_IsAcknowledgeFailed                0x0800150e   Section        0  stm32f1xx_hal_i2c.o(i.I2C_IsAcknowledgeFailed)
    I2C_IsAcknowledgeFailed                  0x0800150f   Thumb Code    40  stm32f1xx_hal_i2c.o(i.I2C_IsAcknowledgeFailed)
    i.I2C_RequestMemoryWrite                 0x08001538   Section        0  stm32f1xx_hal_i2c.o(i.I2C_RequestMemoryWrite)
    I2C_RequestMemoryWrite                   0x08001539   Thumb Code   156  stm32f1xx_hal_i2c.o(i.I2C_RequestMemoryWrite)
    i.I2C_WaitOnBTFFlagUntilTimeout          0x080015d8   Section        0  stm32f1xx_hal_i2c.o(i.I2C_WaitOnBTFFlagUntilTimeout)
    I2C_WaitOnBTFFlagUntilTimeout            0x080015d9   Thumb Code    78  stm32f1xx_hal_i2c.o(i.I2C_WaitOnBTFFlagUntilTimeout)
    i.I2C_WaitOnFlagUntilTimeout             0x08001626   Section        0  stm32f1xx_hal_i2c.o(i.I2C_WaitOnFlagUntilTimeout)
    I2C_WaitOnFlagUntilTimeout               0x08001627   Thumb Code    96  stm32f1xx_hal_i2c.o(i.I2C_WaitOnFlagUntilTimeout)
    i.I2C_WaitOnMasterAddressFlagUntilTimeout 0x08001688   Section        0  stm32f1xx_hal_i2c.o(i.I2C_WaitOnMasterAddressFlagUntilTimeout)
    I2C_WaitOnMasterAddressFlagUntilTimeout  0x08001689   Thumb Code   136  stm32f1xx_hal_i2c.o(i.I2C_WaitOnMasterAddressFlagUntilTimeout)
    i.I2C_WaitOnTXEFlagUntilTimeout          0x08001710   Section        0  stm32f1xx_hal_i2c.o(i.I2C_WaitOnTXEFlagUntilTimeout)
    I2C_WaitOnTXEFlagUntilTimeout            0x08001711   Thumb Code    78  stm32f1xx_hal_i2c.o(i.I2C_WaitOnTXEFlagUntilTimeout)
    i.KeyOpen                                0x08001760   Section        0  freertos.o(i.KeyOpen)
    i.LCD_ShowString                         0x08001bec   Section        0  oled.o(i.LCD_ShowString)
    i.MFRC522_Initializtion                  0x08001bee   Section        0  rc522.o(i.MFRC522_Initializtion)
    i.MFRC522_Reset                          0x08001c74   Section        0  rc522.o(i.MFRC522_Reset)
    i.MX_FREERTOS_Init                       0x08001d24   Section        0  freertos.o(i.MX_FREERTOS_Init)
    i.MX_GPIO_Init                           0x08001e30   Section        0  gpio.o(i.MX_GPIO_Init)
    i.MX_I2C1_Init                           0x08001f34   Section        0  i2c.o(i.MX_I2C1_Init)
    i.MX_I2C2_Init                           0x08001f88   Section        0  i2c.o(i.MX_I2C2_Init)
    i.MX_SPI2_Init                           0x08001fdc   Section        0  spi.o(i.MX_SPI2_Init)
    i.MX_USART1_UART_Init                    0x08002038   Section        0  usart.o(i.MX_USART1_UART_Init)
    i.MemManage_Handler                      0x08002084   Section        0  stm32f1xx_it.o(i.MemManage_Handler)
    i.NMI_Handler                            0x08002086   Section        0  stm32f1xx_it.o(i.NMI_Handler)
    i.NVIC_SetPriority                       0x08002088   Section        0  stm32f1xx_hal_cortex.o(i.NVIC_SetPriority)
    NVIC_SetPriority                         0x08002089   Thumb Code    32  stm32f1xx_hal_cortex.o(i.NVIC_SetPriority)
    i.OLED_Fill                              0x080020a8   Section        0  oled.o(i.OLED_Fill)
    i.OLED_Init                              0x080020e0   Section        0  oled.o(i.OLED_Init)
    i.OLED_P6x8Str                           0x080021c0   Section        0  oled.o(i.OLED_P6x8Str)
    i.OLED_P6x8data                          0x0800221c   Section        0  oled.o(i.OLED_P6x8data)
    i.OLED_Set_Pos                           0x080022f4   Section        0  oled.o(i.OLED_Set_Pos)
    i.OLED_WrCmd                             0x0800231c   Section        0  oled.o(i.OLED_WrCmd)
    i.OLED_WrDat                             0x08002340   Section        0  oled.o(i.OLED_WrDat)
    i.PcdAnticoll                            0x08002364   Section        0  rc522.o(i.PcdAnticoll)
    i.PcdAuthState                           0x080023ce   Section        0  rc522.o(i.PcdAuthState)
    i.PcdComMF522                            0x08002420   Section        0  rc522.o(i.PcdComMF522)
    i.PcdRead                                0x0800253c   Section        0  rc522.o(i.PcdRead)
    i.PcdRequest                             0x08002588   Section        0  rc522.o(i.PcdRequest)
    i.PcdSelect                              0x080025da   Section        0  rc522.o(i.PcdSelect)
    i.PcdWrite                               0x0800263e   Section        0  rc522.o(i.PcdWrite)
    i.RC522_Add_ic_card                      0x080026c4   Section        0  rfid_api.o(i.RC522_Add_ic_card)
    i.RC522_Read_Mess                        0x08002710   Section        0  rfid_api.o(i.RC522_Read_Mess)
    i.RC522_del_ic_card                      0x080027dc   Section        0  rfid_api.o(i.RC522_del_ic_card)
    i.RC522_search                           0x0800283c   Section        0  rfid_api.o(i.RC522_search)
    i.ReadRawRC                              0x08002900   Section        0  rc522.o(i.ReadRawRC)
    i.SPI_CheckFlag_BSY                      0x08002948   Section        0  stm32f1xx_hal_spi.o(i.SPI_CheckFlag_BSY)
    SPI_CheckFlag_BSY                        0x08002949   Thumb Code    32  stm32f1xx_hal_spi.o(i.SPI_CheckFlag_BSY)
    i.SPI_WaitFlagStateUntilTimeout          0x08002968   Section        0  stm32f1xx_hal_spi.o(i.SPI_WaitFlagStateUntilTimeout)
    SPI_WaitFlagStateUntilTimeout            0x08002969   Thumb Code   150  stm32f1xx_hal_spi.o(i.SPI_WaitFlagStateUntilTimeout)
    i.SPI_WriteByte                          0x08002a00   Section        0  rc522.o(i.SPI_WriteByte)
    i.SetBitMask                             0x08002a28   Section        0  rc522.o(i.SetBitMask)
    i.StartDefaultTask                       0x08002a40   Section        0  freertos.o(i.StartDefaultTask)
    i.StartTask_Door                         0x08002a4c   Section        0  freertos.o(i.StartTask_Door)
    i.StartTask_Key                          0x08002ab8   Section        0  freertos.o(i.StartTask_Key)
    i.StartTask_LCD                          0x08002b5c   Section        0  freertos.o(i.StartTask_LCD)
    i.StartTask_LED                          0x08002bd4   Section        0  freertos.o(i.StartTask_LED)
    i.StartTask_RC522                        0x08002c08   Section        0  freertos.o(i.StartTask_RC522)
    i.SysTick_Handler                        0x08002cb0   Section        0  stm32f1xx_it.o(i.SysTick_Handler)
    i.SystemClock_Config                     0x08002cbe   Section        0  main.o(i.SystemClock_Config)
    i.SystemInit                             0x08002d28   Section        0  system_stm32f1xx.o(i.SystemInit)
    i.UART_SetConfig                         0x08002d70   Section        0  stm32f1xx_hal_uart.o(i.UART_SetConfig)
    UART_SetConfig                           0x08002d71   Thumb Code   364  stm32f1xx_hal_uart.o(i.UART_SetConfig)
    i.UsageFault_Handler                     0x08002ee0   Section        0  stm32f1xx_it.o(i.UsageFault_Handler)
    i.WriteRawRC                             0x08002ee4   Section        0  rc522.o(i.WriteRawRC)
    i._Error_Handler                         0x08002f30   Section        0  main.o(i._Error_Handler)
    i.__0sprintf$1                           0x08002f34   Section        0  printf1.o(i.__0sprintf$1)
    i.__scatterload_copy                     0x08002f5c   Section       14  handlers.o(i.__scatterload_copy)
    i.__scatterload_null                     0x08002f6a   Section        2  handlers.o(i.__scatterload_null)
    i.__scatterload_zeroinit                 0x08002f6c   Section       14  handlers.o(i.__scatterload_zeroinit)
    i._printf_core                           0x08002f7c   Section        0  printf1.o(i._printf_core)
    _printf_core                             0x08002f7d   Thumb Code   336  printf1.o(i._printf_core)
    i._sputc                                 0x080030d0   Section        0  printf1.o(i._sputc)
    _sputc                                   0x080030d1   Thumb Code    10  printf1.o(i._sputc)
    i.free                                   0x080030dc   Section        0  malloc.o(i.free)
    i.inHandlerMode                          0x0800312c   Section        0  cmsis_os.o(i.inHandlerMode)
    inHandlerMode                            0x0800312d   Thumb Code    12  cmsis_os.o(i.inHandlerMode)
    i.keypress                               0x08003138   Section        0  freertos.o(i.keypress)
    i.main                                   0x08003278   Section        0  main.o(i.main)
    i.makeFreeRtosPriority                   0x080032c0   Section        0  cmsis_os.o(i.makeFreeRtosPriority)
    makeFreeRtosPriority                     0x080032c1   Thumb Code    12  cmsis_os.o(i.makeFreeRtosPriority)
    i.malloc                                 0x080032cc   Section        0  malloc.o(i.malloc)
    i.my_strcmp                              0x08003338   Section        0  freertos.o(i.my_strcmp)
    i.oled_show_Str                          0x08003360   Section        0  oled.o(i.oled_show_Str)
    i.osDelay                                0x080033b4   Section        0  cmsis_os.o(i.osDelay)
    i.osKernelStart                          0x080033c2   Section        0  cmsis_os.o(i.osKernelStart)
    i.osMailCreate                           0x080033cc   Section        0  cmsis_os.o(i.osMailCreate)
    i.osMailGet                              0x08003428   Section        0  cmsis_os.o(i.osMailGet)
    i.osMailPut                              0x080034bc   Section        0  cmsis_os.o(i.osMailPut)
    i.osPoolCreate                           0x08003518   Section        0  cmsis_os.o(i.osPoolCreate)
    i.osSemaphoreCreate                      0x08003576   Section        0  cmsis_os.o(i.osSemaphoreCreate)
    i.osSemaphoreRelease                     0x0800359c   Section        0  cmsis_os.o(i.osSemaphoreRelease)
    i.osSemaphoreWait                        0x080035ec   Section        0  cmsis_os.o(i.osSemaphoreWait)
    i.osSystickHandler                       0x08003654   Section        0  cmsis_os.o(i.osSystickHandler)
    i.osThreadCreate                         0x08003668   Section        0  cmsis_os.o(i.osThreadCreate)
    i.osThreadResume                         0x08003698   Section        0  cmsis_os.o(i.osThreadResume)
    i.osThreadSuspend                        0x080036cc   Section        0  cmsis_os.o(i.osThreadSuspend)
    i.osTimerCreate                          0x080036d8   Section        0  cmsis_os.o(i.osTimerCreate)
    i.prvAddCurrentTaskToDelayedList         0x080036fc   Section        0  tasks.o(i.prvAddCurrentTaskToDelayedList)
    prvAddCurrentTaskToDelayedList           0x080036fd   Thumb Code   102  tasks.o(i.prvAddCurrentTaskToDelayedList)
    i.prvAddNewTaskToReadyList               0x0800376c   Section        0  tasks.o(i.prvAddNewTaskToReadyList)
    prvAddNewTaskToReadyList                 0x0800376d   Thumb Code   194  tasks.o(i.prvAddNewTaskToReadyList)
    i.prvCheckForValidListAndQueue           0x0800383c   Section        0  timers.o(i.prvCheckForValidListAndQueue)
    prvCheckForValidListAndQueue             0x0800383d   Thumb Code    62  timers.o(i.prvCheckForValidListAndQueue)
    i.prvCheckTasksWaitingTermination        0x0800388c   Section        0  tasks.o(i.prvCheckTasksWaitingTermination)
    prvCheckTasksWaitingTermination          0x0800388d   Thumb Code    70  tasks.o(i.prvCheckTasksWaitingTermination)
    i.prvCopyDataFromQueue                   0x080038dc   Section        0  queue.o(i.prvCopyDataFromQueue)
    prvCopyDataFromQueue                     0x080038dd   Thumb Code    38  queue.o(i.prvCopyDataFromQueue)
    i.prvCopyDataToQueue                     0x08003902   Section        0  queue.o(i.prvCopyDataToQueue)
    prvCopyDataToQueue                       0x08003903   Thumb Code   108  queue.o(i.prvCopyDataToQueue)
    i.prvDeleteTCB                           0x0800396e   Section        0  tasks.o(i.prvDeleteTCB)
    prvDeleteTCB                             0x0800396f   Thumb Code    20  tasks.o(i.prvDeleteTCB)
    i.prvHeapInit                            0x08003984   Section        0  heap_4.o(i.prvHeapInit)
    prvHeapInit                              0x08003985   Thumb Code    64  heap_4.o(i.prvHeapInit)
    i.prvIdleTask                            0x080039cc   Section        0  tasks.o(i.prvIdleTask)
    prvIdleTask                              0x080039cd   Thumb Code    30  tasks.o(i.prvIdleTask)
    i.prvInitialiseNewTask                   0x080039f4   Section        0  tasks.o(i.prvInitialiseNewTask)
    prvInitialiseNewTask                     0x080039f5   Thumb Code   142  tasks.o(i.prvInitialiseNewTask)
    i.prvInsertBlockIntoFreeList             0x08003a84   Section        0  heap_4.o(i.prvInsertBlockIntoFreeList)
    prvInsertBlockIntoFreeList               0x08003a85   Thumb Code    72  heap_4.o(i.prvInsertBlockIntoFreeList)
    i.prvInsertTimerInActiveList             0x08003ad0   Section        0  timers.o(i.prvInsertTimerInActiveList)
    prvInsertTimerInActiveList               0x08003ad1   Thumb Code    52  timers.o(i.prvInsertTimerInActiveList)
    i.prvIsQueueEmpty                        0x08003b08   Section        0  queue.o(i.prvIsQueueEmpty)
    prvIsQueueEmpty                          0x08003b09   Thumb Code    28  queue.o(i.prvIsQueueEmpty)
    i.prvProcessReceivedCommands             0x08003b24   Section        0  timers.o(i.prvProcessReceivedCommands)
    prvProcessReceivedCommands               0x08003b25   Thumb Code   180  timers.o(i.prvProcessReceivedCommands)
    i.prvProcessTimerOrBlockTask             0x08003bdc   Section        0  timers.o(i.prvProcessTimerOrBlockTask)
    prvProcessTimerOrBlockTask               0x08003bdd   Thumb Code   172  timers.o(i.prvProcessTimerOrBlockTask)
    i.prvResetNextTaskUnblockTime            0x08003c90   Section        0  tasks.o(i.prvResetNextTaskUnblockTime)
    prvResetNextTaskUnblockTime              0x08003c91   Thumb Code    26  tasks.o(i.prvResetNextTaskUnblockTime)
    i.prvSampleTimeNow                       0x08003cb0   Section        0  timers.o(i.prvSampleTimeNow)
    prvSampleTimeNow                         0x08003cb1   Thumb Code    36  timers.o(i.prvSampleTimeNow)
    i.prvSwitchTimerLists                    0x08003cd8   Section        0  timers.o(i.prvSwitchTimerLists)
    prvSwitchTimerLists                      0x08003cd9   Thumb Code   102  timers.o(i.prvSwitchTimerLists)
    i.prvTaskExitError                       0x08003d44   Section        0  port.o(i.prvTaskExitError)
    prvTaskExitError                         0x08003d45   Thumb Code    36  port.o(i.prvTaskExitError)
    i.prvTaskIsTaskSuspended                 0x08003d6c   Section        0  tasks.o(i.prvTaskIsTaskSuspended)
    prvTaskIsTaskSuspended                   0x08003d6d   Thumb Code    48  tasks.o(i.prvTaskIsTaskSuspended)
    i.prvTimerTask                           0x08003da0   Section        0  timers.o(i.prvTimerTask)
    prvTimerTask                             0x08003da1   Thumb Code    32  timers.o(i.prvTimerTask)
    i.prvUnlockQueue                         0x08003dc4   Section        0  queue.o(i.prvUnlockQueue)
    prvUnlockQueue                           0x08003dc5   Thumb Code   106  queue.o(i.prvUnlockQueue)
    i.pvPortMalloc                           0x08003e30   Section        0  heap_4.o(i.pvPortMalloc)
    i.pvTaskIncrementMutexHeldCount          0x08003f08   Section        0  tasks.o(i.pvTaskIncrementMutexHeldCount)
    i.pxPortInitialiseStack                  0x08003f20   Section        0  port.o(i.pxPortInitialiseStack)
    i.read_message                           0x08003f44   Section        0  rfid_api.o(i.read_message)
    i.uxListRemove                           0x08003f6c   Section        0  list.o(i.uxListRemove)
    i.vListInitialise                        0x08003f90   Section        0  list.o(i.vListInitialise)
    i.vListInitialiseItem                    0x08003fa6   Section        0  list.o(i.vListInitialiseItem)
    i.vListInsert                            0x08003fac   Section        0  list.o(i.vListInsert)
    i.vListInsertEnd                         0x08003fdc   Section        0  list.o(i.vListInsertEnd)
    i.vPortEnterCritical                     0x08003ff4   Section        0  port.o(i.vPortEnterCritical)
    i.vPortExitCritical                      0x08004034   Section        0  port.o(i.vPortExitCritical)
    i.vPortFree                              0x0800405c   Section        0  heap_4.o(i.vPortFree)
    i.vPortSetupTimerInterrupt               0x080040b8   Section        0  port.o(i.vPortSetupTimerInterrupt)
    i.vPortValidateInterruptPriority         0x080040d8   Section        0  port.o(i.vPortValidateInterruptPriority)
    i.vQueueAddToRegistry                    0x0800412c   Section        0  queue.o(i.vQueueAddToRegistry)
    i.vQueueWaitForMessageRestricted         0x08004154   Section        0  queue.o(i.vQueueWaitForMessageRestricted)
    i.vTaskDelay                             0x08004198   Section        0  tasks.o(i.vTaskDelay)
    i.vTaskMissedYield                       0x080041e4   Section        0  tasks.o(i.vTaskMissedYield)
    i.vTaskPlaceOnEventList                  0x080041f0   Section        0  tasks.o(i.vTaskPlaceOnEventList)
    i.vTaskPlaceOnEventListRestricted        0x08004220   Section        0  tasks.o(i.vTaskPlaceOnEventListRestricted)
    i.vTaskPriorityInherit                   0x08004258   Section        0  tasks.o(i.vTaskPriorityInherit)
    i.vTaskResume                            0x080042dc   Section        0  tasks.o(i.vTaskResume)
    i.vTaskSetTimeOutState                   0x08004358   Section        0  tasks.o(i.vTaskSetTimeOutState)
    i.vTaskStartScheduler                    0x0800437c   Section        0  tasks.o(i.vTaskStartScheduler)
    i.vTaskSuspend                           0x080043ec   Section        0  tasks.o(i.vTaskSuspend)
    i.vTaskSuspendAll                        0x0800449c   Section        0  tasks.o(i.vTaskSuspendAll)
    i.vTaskSwitchContext                     0x080044ac   Section        0  tasks.o(i.vTaskSwitchContext)
    i.xPortStartScheduler                    0x08004508   Section        0  port.o(i.xPortStartScheduler)
    i.xPortSysTickHandler                    0x0800457c   Section        0  port.o(i.xPortSysTickHandler)
    i.xQueueGenericCreate                    0x080045a8   Section        0  queue.o(i.xQueueGenericCreate)
    i.xQueueGenericReceive                   0x080045f0   Section        0  queue.o(i.xQueueGenericReceive)
    i.xQueueGenericReset                     0x0800475c   Section        0  queue.o(i.xQueueGenericReset)
    i.xQueueGenericSend                      0x080047e4   Section        0  queue.o(i.xQueueGenericSend)
    i.xQueueGenericSendFromISR               0x08004944   Section        0  queue.o(i.xQueueGenericSendFromISR)
    i.xQueueGiveFromISR                      0x08004a00   Section        0  queue.o(i.xQueueGiveFromISR)
    i.xQueueReceiveFromISR                   0x08004a9c   Section        0  queue.o(i.xQueueReceiveFromISR)
    i.xTaskCheckForTimeOut                   0x08004b38   Section        0  tasks.o(i.xTaskCheckForTimeOut)
    i.xTaskCreate                            0x08004ba4   Section        0  tasks.o(i.xTaskCreate)
    i.xTaskGetSchedulerState                 0x08004bfc   Section        0  tasks.o(i.xTaskGetSchedulerState)
    i.xTaskGetTickCount                      0x08004c18   Section        0  tasks.o(i.xTaskGetTickCount)
    i.xTaskIncrementTick                     0x08004c24   Section        0  tasks.o(i.xTaskIncrementTick)
    i.xTaskPriorityDisinherit                0x08004cec   Section        0  tasks.o(i.xTaskPriorityDisinherit)
    i.xTaskRemoveFromEventList               0x08004d84   Section        0  tasks.o(i.xTaskRemoveFromEventList)
    i.xTaskResumeAll                         0x08004df8   Section        0  tasks.o(i.xTaskResumeAll)
    i.xTaskResumeFromISR                     0x08004ebc   Section        0  tasks.o(i.xTaskResumeFromISR)
    i.xTimerCreate                           0x08004f44   Section        0  timers.o(i.xTimerCreate)
    i.xTimerCreateTimerTask                  0x08004f94   Section        0  timers.o(i.xTimerCreateTimerTask)
    i.xTimerGenericCommand                   0x08004fdc   Section        0  timers.o(i.xTimerGenericCommand)
    .constdata                               0x0800503c   Section     3038  oled.o(.constdata)
    .constdata                               0x08005c1c   Section      160  freertos.o(.constdata)
    .constdata                               0x08005cbc   Section       16  system_stm32f1xx.o(.constdata)
    .constdata                               0x08005ccc   Section        8  system_stm32f1xx.o(.constdata)
    .conststring                             0x08005cd4   Section       64  freertos.o(.conststring)
    .data                                    0x20000000   Section        2  rc522.o(.data)
    txdata                                   0x20000000   Data           1  rc522.o(.data)
    rxdata                                   0x20000001   Data           1  rc522.o(.data)
    .data                                    0x20000004   Section       30  rfid_api.o(.data)
    status                                   0x20000004   Data           1  rfid_api.o(.data)
    status                                   0x20000005   Data           1  rfid_api.o(.data)
    status                                   0x20000006   Data           1  rfid_api.o(.data)
    Str_temp                                 0x20000010   Data           4  rfid_api.o(.data)
    Str_temp                                 0x20000014   Data           4  rfid_api.o(.data)
    .data                                    0x20000024   Section      119  freertos.o(.data)
    KeyHold                                  0x20000027   Data           1  freertos.o(.data)
    num                                      0x20000028   Data           1  freertos.o(.data)
    .data                                    0x2000009c   Section       12  stm32f1xx_hal.o(.data)
    .data                                    0x200000a8   Section        4  system_stm32f1xx.o(.data)
    .data                                    0x200000ac   Section       24  heap_4.o(.data)
    pxEnd                                    0x200000ac   Data           4  heap_4.o(.data)
    xFreeBytesRemaining                      0x200000b0   Data           4  heap_4.o(.data)
    xMinimumEverFreeBytesRemaining           0x200000b4   Data           4  heap_4.o(.data)
    xBlockAllocatedBit                       0x200000b8   Data           4  heap_4.o(.data)
    xStart                                   0x200000bc   Data           8  heap_4.o(.data)
    .data                                    0x200000c4   Section       12  port.o(.data)
    ucMaxSysCallPriority                     0x200000c4   Data           1  port.o(.data)
    uxCriticalNesting                        0x200000c8   Data           4  port.o(.data)
    ulMaxPRIGROUPValue                       0x200000cc   Data           4  port.o(.data)
    .data                                    0x200000d0   Section       60  tasks.o(.data)
    uxDeletedTasksWaitingCleanUp             0x200000d4   Data           4  tasks.o(.data)
    uxCurrentNumberOfTasks                   0x200000d8   Data           4  tasks.o(.data)
    xTickCount                               0x200000dc   Data           4  tasks.o(.data)
    uxTopReadyPriority                       0x200000e0   Data           4  tasks.o(.data)
    xSchedulerRunning                        0x200000e4   Data           4  tasks.o(.data)
    uxPendedTicks                            0x200000e8   Data           4  tasks.o(.data)
    xYieldPending                            0x200000ec   Data           4  tasks.o(.data)
    xNumOfOverflows                          0x200000f0   Data           4  tasks.o(.data)
    uxTaskNumber                             0x200000f4   Data           4  tasks.o(.data)
    xNextTaskUnblockTime                     0x200000f8   Data           4  tasks.o(.data)
    xIdleTaskHandle                          0x200000fc   Data           4  tasks.o(.data)
    uxSchedulerSuspended                     0x20000100   Data           4  tasks.o(.data)
    pxDelayedTaskList                        0x20000104   Data           4  tasks.o(.data)
    pxOverflowDelayedTaskList                0x20000108   Data           4  tasks.o(.data)
    .data                                    0x2000010c   Section       20  timers.o(.data)
    xTimerQueue                              0x2000010c   Data           4  timers.o(.data)
    xTimerTaskHandle                         0x20000110   Data           4  timers.o(.data)
    xLastTime                                0x20000114   Data           4  timers.o(.data)
    pxCurrentTimerList                       0x20000118   Data           4  timers.o(.data)
    pxOverflowTimerList                      0x2000011c   Data           4  timers.o(.data)
    .data                                    0x20000120   Section        4  mvars.o(.data)
    .data                                    0x20000124   Section        4  mvars.o(.data)
    .bss                                     0x20000128   Section       32  rfid_api.o(.bss)
    .bss                                     0x20000148   Section      168  i2c.o(.bss)
    .bss                                     0x200001f0   Section       88  spi.o(.bss)
    .bss                                     0x20000248   Section       64  usart.o(.bss)
    .bss                                     0x20000288   Section    15000  heap_4.o(.bss)
    ucHeap                                   0x20000288   Data       15000  heap_4.o(.bss)
    .bss                                     0x20003d20   Section       64  queue.o(.bss)
    .bss                                     0x20003d60   Section      240  tasks.o(.bss)
    pxReadyTasksLists                        0x20003d60   Data         140  tasks.o(.bss)
    xDelayedTaskList1                        0x20003dec   Data          20  tasks.o(.bss)
    xDelayedTaskList2                        0x20003e00   Data          20  tasks.o(.bss)
    xPendingReadyList                        0x20003e14   Data          20  tasks.o(.bss)
    xTasksWaitingTermination                 0x20003e28   Data          20  tasks.o(.bss)
    xSuspendedTaskList                       0x20003e3c   Data          20  tasks.o(.bss)
    .bss                                     0x20003e50   Section       40  timers.o(.bss)
    xActiveTimerList1                        0x20003e50   Data          20  timers.o(.bss)
    xActiveTimerList2                        0x20003e64   Data          20  timers.o(.bss)
    HEAP                                     0x20003e78   Section     1024  startup_stm32f103xb.o(HEAP)
    STACK                                    0x20004278   Section      512  startup_stm32f103xb.o(STACK)

    Global Symbols

    Symbol Name                              Value     Ov Type        Size  Object(Section)

    BuildAttributes$$THM_ISAv4$P$D$K$B$S$PE$A:L22UL41UL21$X:L11$S22US41US21$IEEE1$IW$USESV6$~STKCKD$USESV7$~SHL$OSPACE$ROPI$EBA8$MICROLIB$REQ8$PRES8$EABIv2 0x00000000   Number         0  anon$$obj.o ABSOLUTE
    __ARM_use_no_argv                        0x00000000   Number         0  main.o ABSOLUTE
    _printf_a                                0x00000000   Number         0  stubs.o ABSOLUTE
    _printf_c                                0x00000000   Number         0  stubs.o ABSOLUTE
    _printf_charcount                        0x00000000   Number         0  stubs.o ABSOLUTE
    _printf_d                                0x00000000   Number         0  stubs.o ABSOLUTE
    _printf_e                                0x00000000   Number         0  stubs.o ABSOLUTE
    _printf_f                                0x00000000   Number         0  stubs.o ABSOLUTE
    _printf_flags                            0x00000000   Number         0  stubs.o ABSOLUTE
    _printf_fp_dec                           0x00000000   Number         0  stubs.o ABSOLUTE
    _printf_fp_hex                           0x00000000   Number         0  stubs.o ABSOLUTE
    _printf_g                                0x00000000   Number         0  stubs.o ABSOLUTE
    _printf_i                                0x00000000   Number         0  stubs.o ABSOLUTE
    _printf_int_dec                          0x00000000   Number         0  stubs.o ABSOLUTE
    _printf_l                                0x00000000   Number         0  stubs.o ABSOLUTE
    _printf_lc                               0x00000000   Number         0  stubs.o ABSOLUTE
    _printf_ll                               0x00000000   Number         0  stubs.o ABSOLUTE
    _printf_lld                              0x00000000   Number         0  stubs.o ABSOLUTE
    _printf_lli                              0x00000000   Number         0  stubs.o ABSOLUTE
    _printf_llo                              0x00000000   Number         0  stubs.o ABSOLUTE
    _printf_llu                              0x00000000   Number         0  stubs.o ABSOLUTE
    _printf_llx                              0x00000000   Number         0  stubs.o ABSOLUTE
    _printf_longlong_dec                     0x00000000   Number         0  stubs.o ABSOLUTE
    _printf_longlong_hex                     0x00000000   Number         0  stubs.o ABSOLUTE
    _printf_longlong_oct                     0x00000000   Number         0  stubs.o ABSOLUTE
    _printf_ls                               0x00000000   Number         0  stubs.o ABSOLUTE
    _printf_mbtowc                           0x00000000   Number         0  stubs.o ABSOLUTE
    _printf_n                                0x00000000   Number         0  stubs.o ABSOLUTE
    _printf_o                                0x00000000   Number         0  stubs.o ABSOLUTE
    _printf_p                                0x00000000   Number         0  stubs.o ABSOLUTE
    _printf_percent                          0x00000000   Number         0  stubs.o ABSOLUTE
    _printf_pre_padding                      0x00000000   Number         0  stubs.o ABSOLUTE
    _printf_return_value                     0x00000000   Number         0  stubs.o ABSOLUTE
    _printf_s                                0x00000000   Number         0  stubs.o ABSOLUTE
    _printf_sizespec                         0x00000000   Number         0  stubs.o ABSOLUTE
    _printf_str                              0x00000000   Number         0  stubs.o ABSOLUTE
    _printf_truncate_signed                  0x00000000   Number         0  stubs.o ABSOLUTE
    _printf_truncate_unsigned                0x00000000   Number         0  stubs.o ABSOLUTE
    _printf_u                                0x00000000   Number         0  stubs.o ABSOLUTE
    _printf_wc                               0x00000000   Number         0  stubs.o ABSOLUTE
    _printf_wctomb                           0x00000000   Number         0  stubs.o ABSOLUTE
    _printf_widthprec                        0x00000000   Number         0  stubs.o ABSOLUTE
    _printf_x                                0x00000000   Number         0  stubs.o ABSOLUTE
    __cpp_initialize__aeabi_                  - Undefined Weak Reference
    __cxa_finalize                            - Undefined Weak Reference
    __decompress                              - Undefined Weak Reference
    _clock_init                               - Undefined Weak Reference
    _microlib_exit                            - Undefined Weak Reference
    __Vectors_Size                           0x000000ec   Number         0  startup_stm32f103xb.o ABSOLUTE
    __Vectors                                0x08000000   Data           4  startup_stm32f103xb.o(RESET)
    __Vectors_End                            0x080000ec   Data           0  startup_stm32f103xb.o(RESET)
    __main                                   0x080000ed   Thumb Code     0  entry.o(.ARM.Collect$$$$00000000)
    _main_stk                                0x080000ed   Thumb Code     0  entry2.o(.ARM.Collect$$$$00000001)
    _main_scatterload                        0x080000f1   Thumb Code     0  entry5.o(.ARM.Collect$$$$00000004)
    __main_after_scatterload                 0x080000f5   Thumb Code     0  entry5.o(.ARM.Collect$$$$00000004)
    _main_clock                              0x080000f5   Thumb Code     0  entry7b.o(.ARM.Collect$$$$00000008)
    _main_cpp_init                           0x080000f5   Thumb Code     0  entry8b.o(.ARM.Collect$$$$0000000A)
    _main_init                               0x080000f5   Thumb Code     0  entry9a.o(.ARM.Collect$$$$0000000B)
    __rt_final_cpp                           0x080000fd   Thumb Code     0  entry10a.o(.ARM.Collect$$$$0000000D)
    __rt_final_exit                          0x080000fd   Thumb Code     0  entry11a.o(.ARM.Collect$$$$0000000F)
    SVC_Handler                              0x08000101   Thumb Code    32  port.o(.emb_text)
    __asm___6_port_c_39a90d8d__prvStartFirstTask 0x08000125   Thumb Code    28  port.o(.emb_text)
    PendSV_Handler                           0x08000145   Thumb Code    72  port.o(.emb_text)
    vPortGetIPSR                             0x08000191   Thumb Code     6  port.o(.emb_text)
    Reset_Handler                            0x08000199   Thumb Code     8  startup_stm32f103xb.o(.text)
    ADC1_2_IRQHandler                        0x080001b3   Thumb Code     0  startup_stm32f103xb.o(.text)
    CAN1_RX1_IRQHandler                      0x080001b3   Thumb Code     0  startup_stm32f103xb.o(.text)
    CAN1_SCE_IRQHandler                      0x080001b3   Thumb Code     0  startup_stm32f103xb.o(.text)
    DMA1_Channel1_IRQHandler                 0x080001b3   Thumb Code     0  startup_stm32f103xb.o(.text)
    DMA1_Channel2_IRQHandler                 0x080001b3   Thumb Code     0  startup_stm32f103xb.o(.text)
    DMA1_Channel3_IRQHandler                 0x080001b3   Thumb Code     0  startup_stm32f103xb.o(.text)
    DMA1_Channel4_IRQHandler                 0x080001b3   Thumb Code     0  startup_stm32f103xb.o(.text)
    DMA1_Channel5_IRQHandler                 0x080001b3   Thumb Code     0  startup_stm32f103xb.o(.text)
    DMA1_Channel6_IRQHandler                 0x080001b3   Thumb Code     0  startup_stm32f103xb.o(.text)
    DMA1_Channel7_IRQHandler                 0x080001b3   Thumb Code     0  startup_stm32f103xb.o(.text)
    EXTI0_IRQHandler                         0x080001b3   Thumb Code     0  startup_stm32f103xb.o(.text)
    EXTI15_10_IRQHandler                     0x080001b3   Thumb Code     0  startup_stm32f103xb.o(.text)
    EXTI1_IRQHandler                         0x080001b3   Thumb Code     0  startup_stm32f103xb.o(.text)
    EXTI2_IRQHandler                         0x080001b3   Thumb Code     0  startup_stm32f103xb.o(.text)
    EXTI3_IRQHandler                         0x080001b3   Thumb Code     0  startup_stm32f103xb.o(.text)
    EXTI4_IRQHandler                         0x080001b3   Thumb Code     0  startup_stm32f103xb.o(.text)
    EXTI9_5_IRQHandler                       0x080001b3   Thumb Code     0  startup_stm32f103xb.o(.text)
    FLASH_IRQHandler                         0x080001b3   Thumb Code     0  startup_stm32f103xb.o(.text)
    I2C1_ER_IRQHandler                       0x080001b3   Thumb Code     0  startup_stm32f103xb.o(.text)
    I2C1_EV_IRQHandler                       0x080001b3   Thumb Code     0  startup_stm32f103xb.o(.text)
    I2C2_ER_IRQHandler                       0x080001b3   Thumb Code     0  startup_stm32f103xb.o(.text)
    I2C2_EV_IRQHandler                       0x080001b3   Thumb Code     0  startup_stm32f103xb.o(.text)
    PVD_IRQHandler                           0x080001b3   Thumb Code     0  startup_stm32f103xb.o(.text)
    RCC_IRQHandler                           0x080001b3   Thumb Code     0  startup_stm32f103xb.o(.text)
    RTC_Alarm_IRQHandler                     0x080001b3   Thumb Code     0  startup_stm32f103xb.o(.text)
    RTC_IRQHandler                           0x080001b3   Thumb Code     0  startup_stm32f103xb.o(.text)
    SPI1_IRQHandler                          0x080001b3   Thumb Code     0  startup_stm32f103xb.o(.text)
    SPI2_IRQHandler                          0x080001b3   Thumb Code     0  startup_stm32f103xb.o(.text)
    TAMPER_IRQHandler                        0x080001b3   Thumb Code     0  startup_stm32f103xb.o(.text)
    TIM1_BRK_IRQHandler                      0x080001b3   Thumb Code     0  startup_stm32f103xb.o(.text)
    TIM1_CC_IRQHandler                       0x080001b3   Thumb Code     0  startup_stm32f103xb.o(.text)
    TIM1_TRG_COM_IRQHandler                  0x080001b3   Thumb Code     0  startup_stm32f103xb.o(.text)
    TIM1_UP_IRQHandler                       0x080001b3   Thumb Code     0  startup_stm32f103xb.o(.text)
    TIM2_IRQHandler                          0x080001b3   Thumb Code     0  startup_stm32f103xb.o(.text)
    TIM3_IRQHandler                          0x080001b3   Thumb Code     0  startup_stm32f103xb.o(.text)
    TIM4_IRQHandler                          0x080001b3   Thumb Code     0  startup_stm32f103xb.o(.text)
    USART1_IRQHandler                        0x080001b3   Thumb Code     0  startup_stm32f103xb.o(.text)
    USART2_IRQHandler                        0x080001b3   Thumb Code     0  startup_stm32f103xb.o(.text)
    USART3_IRQHandler                        0x080001b3   Thumb Code     0  startup_stm32f103xb.o(.text)
    USBWakeUp_IRQHandler                     0x080001b3   Thumb Code     0  startup_stm32f103xb.o(.text)
    USB_HP_CAN1_TX_IRQHandler                0x080001b3   Thumb Code     0  startup_stm32f103xb.o(.text)
    USB_LP_CAN1_RX0_IRQHandler               0x080001b3   Thumb Code     0  startup_stm32f103xb.o(.text)
    WWDG_IRQHandler                          0x080001b3   Thumb Code     0  startup_stm32f103xb.o(.text)
    __aeabi_memcpy                           0x080001bd   Thumb Code    36  memcpya.o(.text)
    __aeabi_memcpy4                          0x080001bd   Thumb Code     0  memcpya.o(.text)
    __aeabi_memcpy8                          0x080001bd   Thumb Code     0  memcpya.o(.text)
    __aeabi_memset                           0x080001e1   Thumb Code    14  memseta.o(.text)
    __aeabi_memset4                          0x080001e1   Thumb Code     0  memseta.o(.text)
    __aeabi_memset8                          0x080001e1   Thumb Code     0  memseta.o(.text)
    __aeabi_memclr                           0x080001ef   Thumb Code     4  memseta.o(.text)
    __aeabi_memclr4                          0x080001ef   Thumb Code     0  memseta.o(.text)
    __aeabi_memclr8                          0x080001ef   Thumb Code     0  memseta.o(.text)
    _memset$wrapper                          0x080001f3   Thumb Code    18  memseta.o(.text)
    strcmp                                   0x08000205   Thumb Code    28  strcmp.o(.text)
    strcpy                                   0x08000221   Thumb Code    18  strcpy.o(.text)
    __aeabi_uidiv                            0x08000233   Thumb Code     0  uidiv.o(.text)
    __aeabi_uidivmod                         0x08000233   Thumb Code    44  uidiv.o(.text)
    __scatterload                            0x08000261   Thumb Code    28  init.o(.text)
    __scatterload_rt2                        0x08000261   Thumb Code     0  init.o(.text)
    AntennaOn                                0x08000285   Thumb Code    42  rc522.o(i.AntennaOn)
    BusFault_Handler                         0x080002af   Thumb Code     2  stm32f1xx_it.o(i.BusFault_Handler)
    Callback01                               0x080002b1   Thumb Code     2  freertos.o(i.Callback01)
    CalulateCRC                              0x080002b3   Thumb Code   102  rc522.o(i.CalulateCRC)
    ClearBitMask                             0x08000319   Thumb Code    24  rc522.o(i.ClearBitMask)
    DebugMon_Handler                         0x08000331   Thumb Code     2  stm32f1xx_it.o(i.DebugMon_Handler)
    Door_control                             0x08000335   Thumb Code   238  freertos.o(i.Door_control)
    Draw_BMP                                 0x08000429   Thumb Code    54  oled.o(i.Draw_BMP)
    HAL_Delay                                0x08000461   Thumb Code    32  stm32f1xx_hal.o(i.HAL_Delay)
    HAL_GPIO_DeInit                          0x08000485   Thumb Code   204  stm32f1xx_hal_gpio.o(i.HAL_GPIO_DeInit)
    HAL_GPIO_Init                            0x08000569   Thumb Code   408  stm32f1xx_hal_gpio.o(i.HAL_GPIO_Init)
    HAL_GPIO_WritePin                        0x08000725   Thumb Code    10  stm32f1xx_hal_gpio.o(i.HAL_GPIO_WritePin)
    HAL_GetTick                              0x08000731   Thumb Code     6  stm32f1xx_hal.o(i.HAL_GetTick)
    HAL_I2C_DeInit                           0x0800073d   Thumb Code    50  stm32f1xx_hal_i2c.o(i.HAL_I2C_DeInit)
    HAL_I2C_Init                             0x08000771   Thumb Code   302  stm32f1xx_hal_i2c.o(i.HAL_I2C_Init)
    HAL_I2C_Mem_Write                        0x080008b1   Thumb Code   306  stm32f1xx_hal_i2c.o(i.HAL_I2C_Mem_Write)
    HAL_I2C_MspDeInit                        0x080009ed   Thumb Code    50  i2c.o(i.HAL_I2C_MspDeInit)
    HAL_I2C_MspInit                          0x08000a31   Thumb Code   152  i2c.o(i.HAL_I2C_MspInit)
    HAL_IncTick                              0x08000ae1   Thumb Code    12  stm32f1xx_hal.o(i.HAL_IncTick)
    HAL_Init                                 0x08000af1   Thumb Code    32  stm32f1xx_hal.o(i.HAL_Init)
    HAL_InitTick                             0x08000b15   Thumb Code    54  stm32f1xx_hal.o(i.HAL_InitTick)
    HAL_MspInit                              0x08000b55   Thumb Code   134  stm32f1xx_hal_msp.o(i.HAL_MspInit)
    HAL_NVIC_SetPriority                     0x08000be5   Thumb Code    60  stm32f1xx_hal_cortex.o(i.HAL_NVIC_SetPriority)
    HAL_NVIC_SetPriorityGrouping             0x08000c25   Thumb Code    26  stm32f1xx_hal_cortex.o(i.HAL_NVIC_SetPriorityGrouping)
    HAL_RCC_ClockConfig                      0x08000c49   Thumb Code   322  stm32f1xx_hal_rcc.o(i.HAL_RCC_ClockConfig)
    HAL_RCC_GetHCLKFreq                      0x08000d9d   Thumb Code     6  stm32f1xx_hal_rcc.o(i.HAL_RCC_GetHCLKFreq)
    HAL_RCC_GetPCLK1Freq                     0x08000da9   Thumb Code    20  stm32f1xx_hal_rcc.o(i.HAL_RCC_GetPCLK1Freq)
    HAL_RCC_GetPCLK2Freq                     0x08000dc9   Thumb Code    20  stm32f1xx_hal_rcc.o(i.HAL_RCC_GetPCLK2Freq)
    HAL_RCC_GetSysClockFreq                  0x08000de9   Thumb Code    74  stm32f1xx_hal_rcc.o(i.HAL_RCC_GetSysClockFreq)
    HAL_RCC_OscConfig                        0x08000e55   Thumb Code   750  stm32f1xx_hal_rcc.o(i.HAL_RCC_OscConfig)
    HAL_SPI_Init                             0x08001159   Thumb Code   130  stm32f1xx_hal_spi_ex.o(i.HAL_SPI_Init)
    HAL_SPI_MspInit                          0x080011dd   Thumb Code    78  spi.o(i.HAL_SPI_MspInit)
    HAL_SPI_TransmitReceive                  0x08001239   Thumb Code   472  stm32f1xx_hal_spi.o(i.HAL_SPI_TransmitReceive)
    HAL_SYSTICK_CLKSourceConfig              0x08001411   Thumb Code    24  stm32f1xx_hal_cortex.o(i.HAL_SYSTICK_CLKSourceConfig)
    HAL_SYSTICK_Config                       0x08001429   Thumb Code    40  stm32f1xx_hal_cortex.o(i.HAL_SYSTICK_Config)
    HAL_UART_Init                            0x08001451   Thumb Code    98  stm32f1xx_hal_uart.o(i.HAL_UART_Init)
    HAL_UART_MspInit                         0x080014b5   Thumb Code    76  usart.o(i.HAL_UART_MspInit)
    HardFault_Handler                        0x0800150d   Thumb Code     2  stm32f1xx_it.o(i.HardFault_Handler)
    KeyOpen                                  0x08001761   Thumb Code   668  freertos.o(i.KeyOpen)
    LCD_ShowString                           0x08001bed   Thumb Code     2  oled.o(i.LCD_ShowString)
    MFRC522_Initializtion                    0x08001bef   Thumb Code   134  rc522.o(i.MFRC522_Initializtion)
    MFRC522_Reset                            0x08001c75   Thumb Code   172  rc522.o(i.MFRC522_Reset)
    MX_FREERTOS_Init                         0x08001d25   Thumb Code   260  freertos.o(i.MX_FREERTOS_Init)
    MX_GPIO_Init                             0x08001e31   Thumb Code   242  gpio.o(i.MX_GPIO_Init)
    MX_I2C1_Init                             0x08001f35   Thumb Code    54  i2c.o(i.MX_I2C1_Init)
    MX_I2C2_Init                             0x08001f89   Thumb Code    54  i2c.o(i.MX_I2C2_Init)
    MX_SPI2_Init                             0x08001fdd   Thumb Code    68  spi.o(i.MX_SPI2_Init)
    MX_USART1_UART_Init                      0x08002039   Thumb Code    52  usart.o(i.MX_USART1_UART_Init)
    MemManage_Handler                        0x08002085   Thumb Code     2  stm32f1xx_it.o(i.MemManage_Handler)
    NMI_Handler                              0x08002087   Thumb Code     2  stm32f1xx_it.o(i.NMI_Handler)
    OLED_Fill                                0x080020a9   Thumb Code    56  oled.o(i.OLED_Fill)
    OLED_Init                                0x080020e1   Thumb Code   218  oled.o(i.OLED_Init)
    OLED_P6x8Str                             0x080021c1   Thumb Code    88  oled.o(i.OLED_P6x8Str)
    OLED_P6x8data                            0x0800221d   Thumb Code   202  oled.o(i.OLED_P6x8data)
    OLED_Set_Pos                             0x080022f5   Thumb Code    38  oled.o(i.OLED_Set_Pos)
    OLED_WrCmd                               0x0800231d   Thumb Code    30  oled.o(i.OLED_WrCmd)
    OLED_WrDat                               0x08002341   Thumb Code    30  oled.o(i.OLED_WrDat)
    PcdAnticoll                              0x08002365   Thumb Code   106  rc522.o(i.PcdAnticoll)
    PcdAuthState                             0x080023cf   Thumb Code    82  rc522.o(i.PcdAuthState)
    PcdComMF522                              0x08002421   Thumb Code   278  rc522.o(i.PcdComMF522)
    PcdRead                                  0x0800253d   Thumb Code    76  rc522.o(i.PcdRead)
    PcdRequest                               0x08002589   Thumb Code    82  rc522.o(i.PcdRequest)
    PcdSelect                                0x080025db   Thumb Code   100  rc522.o(i.PcdSelect)
    PcdWrite                                 0x0800263f   Thumb Code   132  rc522.o(i.PcdWrite)
    RC522_Add_ic_card                        0x080026c5   Thumb Code    68  rfid_api.o(i.RC522_Add_ic_card)
    RC522_Read_Mess                          0x08002711   Thumb Code   184  rfid_api.o(i.RC522_Read_Mess)
    RC522_del_ic_card                        0x080027dd   Thumb Code    86  rfid_api.o(i.RC522_del_ic_card)
    RC522_search                             0x0800283d   Thumb Code   174  rfid_api.o(i.RC522_search)
    ReadRawRC                                0x08002901   Thumb Code    62  rc522.o(i.ReadRawRC)
    SPI_WriteByte                            0x08002a01   Thumb Code    32  rc522.o(i.SPI_WriteByte)
    SetBitMask                               0x08002a29   Thumb Code    24  rc522.o(i.SetBitMask)
    StartDefaultTask                         0x08002a41   Thumb Code    12  freertos.o(i.StartDefaultTask)
    StartTask_Door                           0x08002a4d   Thumb Code   102  freertos.o(i.StartTask_Door)
    StartTask_Key                            0x08002ab9   Thumb Code   136  freertos.o(i.StartTask_Key)
    StartTask_LCD                            0x08002b5d   Thumb Code   116  freertos.o(i.StartTask_LCD)
    StartTask_LED                            0x08002bd5   Thumb Code    44  freertos.o(i.StartTask_LED)
    StartTask_RC522                          0x08002c09   Thumb Code   124  freertos.o(i.StartTask_RC522)
    SysTick_Handler                          0x08002cb1   Thumb Code    14  stm32f1xx_it.o(i.SysTick_Handler)
    SystemClock_Config                       0x08002cbf   Thumb Code   104  main.o(i.SystemClock_Config)
    SystemInit                               0x08002d29   Thumb Code    56  system_stm32f1xx.o(i.SystemInit)
    UsageFault_Handler                       0x08002ee1   Thumb Code     2  stm32f1xx_it.o(i.UsageFault_Handler)
    WriteRawRC                               0x08002ee5   Thumb Code    66  rc522.o(i.WriteRawRC)
    _Error_Handler                           0x08002f31   Thumb Code     2  main.o(i._Error_Handler)
    __0sprintf$1                             0x08002f35   Thumb Code    34  printf1.o(i.__0sprintf$1)
    __1sprintf$1                             0x08002f35   Thumb Code     0  printf1.o(i.__0sprintf$1)
    __2sprintf                               0x08002f35   Thumb Code     0  printf1.o(i.__0sprintf$1)
    __scatterload_copy                       0x08002f5d   Thumb Code    14  handlers.o(i.__scatterload_copy)
    __scatterload_null                       0x08002f6b   Thumb Code     2  handlers.o(i.__scatterload_null)
    __scatterload_zeroinit                   0x08002f6d   Thumb Code    14  handlers.o(i.__scatterload_zeroinit)
    free                                     0x080030dd   Thumb Code    76  malloc.o(i.free)
    keypress                                 0x08003139   Thumb Code   312  freertos.o(i.keypress)
    main                                     0x08003279   Thumb Code    62  main.o(i.main)
    malloc                                   0x080032cd   Thumb Code    92  malloc.o(i.malloc)
    my_strcmp                                0x08003339   Thumb Code    38  freertos.o(i.my_strcmp)
    oled_show_Str                            0x08003361   Thumb Code    80  oled.o(i.oled_show_Str)
    osDelay                                  0x080033b5   Thumb Code    14  cmsis_os.o(i.osDelay)
    osKernelStart                            0x080033c3   Thumb Code    10  cmsis_os.o(i.osKernelStart)
    osMailCreate                             0x080033cd   Thumb Code    92  cmsis_os.o(i.osMailCreate)
    osMailGet                                0x08003429   Thumb Code   142  cmsis_os.o(i.osMailGet)
    osMailPut                                0x080034bd   Thumb Code    88  cmsis_os.o(i.osMailPut)
    osPoolCreate                             0x08003519   Thumb Code    94  cmsis_os.o(i.osPoolCreate)
    osSemaphoreCreate                        0x08003577   Thumb Code    38  cmsis_os.o(i.osSemaphoreCreate)
    osSemaphoreRelease                       0x0800359d   Thumb Code    74  cmsis_os.o(i.osSemaphoreRelease)
    osSemaphoreWait                          0x080035ed   Thumb Code   100  cmsis_os.o(i.osSemaphoreWait)
    osSystickHandler                         0x08003655   Thumb Code    20  cmsis_os.o(i.osSystickHandler)
    osThreadCreate                           0x08003669   Thumb Code    46  cmsis_os.o(i.osThreadCreate)
    osThreadResume                           0x08003699   Thumb Code    46  cmsis_os.o(i.osThreadResume)
    osThreadSuspend                          0x080036cd   Thumb Code    10  cmsis_os.o(i.osThreadSuspend)
    osTimerCreate                            0x080036d9   Thumb Code    30  cmsis_os.o(i.osTimerCreate)
    pvPortMalloc                             0x08003e31   Thumb Code   210  heap_4.o(i.pvPortMalloc)
    pvTaskIncrementMutexHeldCount            0x08003f09   Thumb Code    18  tasks.o(i.pvTaskIncrementMutexHeldCount)
    pxPortInitialiseStack                    0x08003f21   Thumb Code    32  port.o(i.pxPortInitialiseStack)
    read_message                             0x08003f45   Thumb Code    34  rfid_api.o(i.read_message)
    uxListRemove                             0x08003f6d   Thumb Code    36  list.o(i.uxListRemove)
    vListInitialise                          0x08003f91   Thumb Code    22  list.o(i.vListInitialise)
    vListInitialiseItem                      0x08003fa7   Thumb Code     6  list.o(i.vListInitialiseItem)
    vListInsert                              0x08003fad   Thumb Code    48  list.o(i.vListInsert)
    vListInsertEnd                           0x08003fdd   Thumb Code    24  list.o(i.vListInsertEnd)
    vPortEnterCritical                       0x08003ff5   Thumb Code    54  port.o(i.vPortEnterCritical)
    vPortExitCritical                        0x08004035   Thumb Code    34  port.o(i.vPortExitCritical)
    vPortFree                                0x0800405d   Thumb Code    88  heap_4.o(i.vPortFree)
    vPortSetupTimerInterrupt                 0x080040b9   Thumb Code    26  port.o(i.vPortSetupTimerInterrupt)
    vPortValidateInterruptPriority           0x080040d9   Thumb Code    74  port.o(i.vPortValidateInterruptPriority)
    vQueueAddToRegistry                      0x0800412d   Thumb Code    34  queue.o(i.vQueueAddToRegistry)
    vQueueWaitForMessageRestricted           0x08004155   Thumb Code    68  queue.o(i.vQueueWaitForMessageRestricted)
    vTaskDelay                               0x08004199   Thumb Code    66  tasks.o(i.vTaskDelay)
    vTaskMissedYield                         0x080041e5   Thumb Code     8  tasks.o(i.vTaskMissedYield)
    vTaskPlaceOnEventList                    0x080041f1   Thumb Code    44  tasks.o(i.vTaskPlaceOnEventList)
    vTaskPlaceOnEventListRestricted          0x08004221   Thumb Code    52  tasks.o(i.vTaskPlaceOnEventListRestricted)
    vTaskPriorityInherit                     0x08004259   Thumb Code   124  tasks.o(i.vTaskPriorityInherit)
    vTaskResume                              0x080042dd   Thumb Code   112  tasks.o(i.vTaskResume)
    vTaskSetTimeOutState                     0x08004359   Thumb Code    30  tasks.o(i.vTaskSetTimeOutState)
    vTaskStartScheduler                      0x0800437d   Thumb Code    94  tasks.o(i.vTaskStartScheduler)
    vTaskSuspend                             0x080043ed   Thumb Code   162  tasks.o(i.vTaskSuspend)
    vTaskSuspendAll                          0x0800449d   Thumb Code    10  tasks.o(i.vTaskSuspendAll)
    vTaskSwitchContext                       0x080044ad   Thumb Code    82  tasks.o(i.vTaskSwitchContext)
    xPortStartScheduler                      0x08004509   Thumb Code   102  port.o(i.xPortStartScheduler)
    xPortSysTickHandler                      0x0800457d   Thumb Code    38  port.o(i.xPortSysTickHandler)
    xQueueGenericCreate                      0x080045a9   Thumb Code    72  queue.o(i.xQueueGenericCreate)
    xQueueGenericReceive                     0x080045f1   Thumb Code   360  queue.o(i.xQueueGenericReceive)
    xQueueGenericReset                       0x0800475d   Thumb Code   132  queue.o(i.xQueueGenericReset)
    xQueueGenericSend                        0x080047e5   Thumb Code   346  queue.o(i.xQueueGenericSend)
    xQueueGenericSendFromISR                 0x08004945   Thumb Code   188  queue.o(i.xQueueGenericSendFromISR)
    xQueueGiveFromISR                        0x08004a01   Thumb Code   156  queue.o(i.xQueueGiveFromISR)
    xQueueReceiveFromISR                     0x08004a9d   Thumb Code   154  queue.o(i.xQueueReceiveFromISR)
    xTaskCheckForTimeOut                     0x08004b39   Thumb Code   102  tasks.o(i.xTaskCheckForTimeOut)
    xTaskCreate                              0x08004ba5   Thumb Code    86  tasks.o(i.xTaskCreate)
    xTaskGetSchedulerState                   0x08004bfd   Thumb Code    22  tasks.o(i.xTaskGetSchedulerState)
    xTaskGetTickCount                        0x08004c19   Thumb Code     6  tasks.o(i.xTaskGetTickCount)
    xTaskIncrementTick                       0x08004c25   Thumb Code   192  tasks.o(i.xTaskIncrementTick)
    xTaskPriorityDisinherit                  0x08004ced   Thumb Code   144  tasks.o(i.xTaskPriorityDisinherit)
    xTaskRemoveFromEventList                 0x08004d85   Thumb Code   108  tasks.o(i.xTaskRemoveFromEventList)
    xTaskResumeAll                           0x08004df9   Thumb Code   182  tasks.o(i.xTaskResumeAll)
    xTaskResumeFromISR                       0x08004ebd   Thumb Code   128  tasks.o(i.xTaskResumeFromISR)
    xTimerCreate                             0x08004f45   Thumb Code    78  timers.o(i.xTimerCreate)
    xTimerCreateTimerTask                    0x08004f95   Thumb Code    56  timers.o(i.xTimerCreateTimerTask)
    xTimerGenericCommand                     0x08004fdd   Thumb Code    92  timers.o(i.xTimerGenericCommand)
    F6x8                                     0x0800503c   Data         552  oled.o(.constdata)
    F8X16                                    0x08005264   Data        1520  oled.o(.constdata)
    gImage_2                                 0x08005854   Data         966  oled.o(.constdata)
    AHBPrescTable                            0x08005cbc   Data          16  system_stm32f1xx.o(.constdata)
    APBPrescTable                            0x08005ccc   Data           8  system_stm32f1xx.o(.constdata)
    Region$$Table$$Base                      0x08005d14   Number         0  anon$$obj.o(Region$$Table)
    Region$$Table$$Limit                     0x08005d34   Number         0  anon$$obj.o(Region$$Table)
    Card_Type                                0x20000007   Data           2  rfid_api.o(.data)
    ic_card_key                              0x20000009   Data           4  rfid_api.o(.data)
    CardID                                   0x20000018   Data           4  rfid_api.o(.data)
    DefaultKey                               0x2000001c   Data           6  rfid_api.o(.data)
    password_status                          0x20000024   Data           1  freertos.o(.data)
    control_door_flag                        0x20000025   Data           1  freertos.o(.data)
    password_err_cnt                         0x20000026   Data           1  freertos.o(.data)
    ic_card_status                           0x20000029   Data           1  freertos.o(.data)
    password                                 0x2000002a   Data           4  freertos.o(.data)
    defaultTaskHandle                        0x20000030   Data           4  freertos.o(.data)
    LED_TASKHandle                           0x20000034   Data           4  freertos.o(.data)
    RC522_TASKHandle                         0x20000038   Data           4  freertos.o(.data)
    LCD_TASKHandle                           0x2000003c   Data           4  freertos.o(.data)
    DoorTskHandle                            0x20000040   Data           4  freertos.o(.data)
    KeyTaskHandle                            0x20000044   Data           4  freertos.o(.data)
    myTimer01Handle                          0x20000048   Data           4  freertos.o(.data)
    LEDSemaphroesHandle                      0x2000004c   Data           4  freertos.o(.data)
    DoorSemHandle                            0x20000050   Data           4  freertos.o(.data)
    RC522_mailHandle                         0x20000054   Data           4  freertos.o(.data)
    password_mailHandle                      0x20000058   Data           4  freertos.o(.data)
    word_mailHandle                          0x2000005c   Data           4  freertos.o(.data)
    key_input                                0x20000060   Data           5  freertos.o(.data)
    display_words                            0x20000065   Data          24  freertos.o(.data)
    display_password                         0x2000007d   Data          16  freertos.o(.data)
    check_card                               0x2000008d   Data          14  freertos.o(.data)
    uwTickFreq                               0x2000009c   Data           1  stm32f1xx_hal.o(.data)
    uwTickPrio                               0x200000a0   Data           4  stm32f1xx_hal.o(.data)
    uwTick                                   0x200000a4   Data           4  stm32f1xx_hal.o(.data)
    SystemCoreClock                          0x200000a8   Data           4  system_stm32f1xx.o(.data)
    pxCurrentTCB                             0x200000d0   Data           4  tasks.o(.data)
    __microlib_freelist                      0x20000120   Data           4  mvars.o(.data)
    __microlib_freelist_initialised          0x20000124   Data           4  mvars.o(.data)
    RC522_Wbuff                              0x20000128   Data          16  rfid_api.o(.bss)
    RC522_Rbuff                              0x20000138   Data          16  rfid_api.o(.bss)
    hi2c1                                    0x20000148   Data          84  i2c.o(.bss)
    hi2c2                                    0x2000019c   Data          84  i2c.o(.bss)
    hspi2                                    0x200001f0   Data          88  spi.o(.bss)
    huart1                                   0x20000248   Data          64  usart.o(.bss)
    xQueueRegistry                           0x20003d20   Data          64  queue.o(.bss)
    __heap_base                              0x20003e78   Data           0  startup_stm32f103xb.o(HEAP)
    __heap_limit                             0x20004278   Data           0  startup_stm32f103xb.o(HEAP)
    __initial_sp                             0x20004478   Data           0  startup_stm32f103xb.o(STACK)



==============================================================================

Memory Map of the image

  Image Entry point : 0x080000ed

  Load Region LR_IROM1 (Base: 0x08000000, Size: 0x00005e5c, Max: 0x00010000, ABSOLUTE)

    Execution Region ER_IROM1 (Exec base: 0x08000000, Load base: 0x08000000, Size: 0x00005d34, Max: 0x00010000, ABSOLUTE)

    Exec Addr    Load Addr    Size         Type   Attr      Idx    E Section Name        Object

    0x08000000   0x08000000   0x000000ec   Data   RO            3    RESET               startup_stm32f103xb.o
    0x080000ec   0x080000ec   0x00000000   Code   RO         4130  * .ARM.Collect$$$$00000000  mc_w.l(entry.o)
    0x080000ec   0x080000ec   0x00000004   Code   RO         4434    .ARM.Collect$$$$00000001  mc_w.l(entry2.o)
    0x080000f0   0x080000f0   0x00000004   Code   RO         4437    .ARM.Collect$$$$00000004  mc_w.l(entry5.o)
    0x080000f4   0x080000f4   0x00000000   Code   RO         4439    .ARM.Collect$$$$00000008  mc_w.l(entry7b.o)
    0x080000f4   0x080000f4   0x00000000   Code   RO         4441    .ARM.Collect$$$$0000000A  mc_w.l(entry8b.o)
    0x080000f4   0x080000f4   0x00000008   Code   RO         4442    .ARM.Collect$$$$0000000B  mc_w.l(entry9a.o)
    0x080000fc   0x080000fc   0x00000000   Code   RO         4444    .ARM.Collect$$$$0000000D  mc_w.l(entry10a.o)
    0x080000fc   0x080000fc   0x00000000   Code   RO         4446    .ARM.Collect$$$$0000000F  mc_w.l(entry11a.o)
    0x080000fc   0x080000fc   0x00000004   Code   RO         4435    .ARM.Collect$$$$00002712  mc_w.l(entry2.o)
    0x08000100   0x08000100   0x00000096   Code   RO         3015    .emb_text           port.o
    0x08000196   0x08000196   0x00000002   PAD
    0x08000198   0x08000198   0x00000024   Code   RO            4    .text               startup_stm32f103xb.o
    0x080001bc   0x080001bc   0x00000024   Code   RO         4135    .text               mc_w.l(memcpya.o)
    0x080001e0   0x080001e0   0x00000024   Code   RO         4137    .text               mc_w.l(memseta.o)
    0x08000204   0x08000204   0x0000001c   Code   RO         4139    .text               mc_w.l(strcmp.o)
    0x08000220   0x08000220   0x00000012   Code   RO         4141    .text               mc_w.l(strcpy.o)
    0x08000232   0x08000232   0x0000002c   Code   RO         4451    .text               mc_w.l(uidiv.o)
    0x0800025e   0x0800025e   0x00000002   PAD
    0x08000260   0x08000260   0x00000024   Code   RO         4468    .text               mc_w.l(init.o)
    0x08000284   0x08000284   0x0000002a   Code   RO           13    i.AntennaOn         rc522.o
    0x080002ae   0x080002ae   0x00000002   Code   RO          792    i.BusFault_Handler  stm32f1xx_it.o
    0x080002b0   0x080002b0   0x00000002   Code   RO          532    i.Callback01        freertos.o
    0x080002b2   0x080002b2   0x00000066   Code   RO           14    i.CalulateCRC       rc522.o
    0x08000318   0x08000318   0x00000018   Code   RO           15    i.ClearBitMask      rc522.o
    0x08000330   0x08000330   0x00000002   Code   RO          793    i.DebugMon_Handler  stm32f1xx_it.o
    0x08000332   0x08000332   0x00000002   PAD
    0x08000334   0x08000334   0x000000f4   Code   RO          533    i.Door_control      freertos.o
    0x08000428   0x08000428   0x00000036   Code   RO          303    i.Draw_BMP          oled.o
    0x0800045e   0x0800045e   0x00000002   PAD
    0x08000460   0x08000460   0x00000024   Code   RO         2029    i.HAL_Delay         stm32f1xx_hal.o
    0x08000484   0x08000484   0x000000e4   Code   RO         2319    i.HAL_GPIO_DeInit   stm32f1xx_hal_gpio.o
    0x08000568   0x08000568   0x000001bc   Code   RO         2322    i.HAL_GPIO_Init     stm32f1xx_hal_gpio.o
    0x08000724   0x08000724   0x0000000a   Code   RO         2326    i.HAL_GPIO_WritePin  stm32f1xx_hal_gpio.o
    0x0800072e   0x0800072e   0x00000002   PAD
    0x08000730   0x08000730   0x0000000c   Code   RO         2033    i.HAL_GetTick       stm32f1xx_hal.o
    0x0800073c   0x0800073c   0x00000032   Code   RO          917    i.HAL_I2C_DeInit    stm32f1xx_hal_i2c.o
    0x0800076e   0x0800076e   0x00000002   PAD
    0x08000770   0x08000770   0x00000140   Code   RO          926    i.HAL_I2C_Init      stm32f1xx_hal_i2c.o
    0x080008b0   0x080008b0   0x0000013c   Code   RO          945    i.HAL_I2C_Mem_Write  stm32f1xx_hal_i2c.o
    0x080009ec   0x080009ec   0x00000044   Code   RO          660    i.HAL_I2C_MspDeInit  i2c.o
    0x08000a30   0x08000a30   0x000000b0   Code   RO          661    i.HAL_I2C_MspInit   i2c.o
    0x08000ae0   0x08000ae0   0x00000010   Code   RO         2037    i.HAL_IncTick       stm32f1xx_hal.o
    0x08000af0   0x08000af0   0x00000024   Code   RO         2038    i.HAL_Init          stm32f1xx_hal.o
    0x08000b14   0x08000b14   0x00000040   Code   RO         2039    i.HAL_InitTick      stm32f1xx_hal.o
    0x08000b54   0x08000b54   0x00000090   Code   RO          855    i.HAL_MspInit       stm32f1xx_hal_msp.o
    0x08000be4   0x08000be4   0x00000040   Code   RO         2488    i.HAL_NVIC_SetPriority  stm32f1xx_hal_cortex.o
    0x08000c24   0x08000c24   0x00000024   Code   RO         2489    i.HAL_NVIC_SetPriorityGrouping  stm32f1xx_hal_cortex.o
    0x08000c48   0x08000c48   0x00000154   Code   RO         2182    i.HAL_RCC_ClockConfig  stm32f1xx_hal_rcc.o
    0x08000d9c   0x08000d9c   0x0000000c   Code   RO         2187    i.HAL_RCC_GetHCLKFreq  stm32f1xx_hal_rcc.o
    0x08000da8   0x08000da8   0x00000020   Code   RO         2189    i.HAL_RCC_GetPCLK1Freq  stm32f1xx_hal_rcc.o
    0x08000dc8   0x08000dc8   0x00000020   Code   RO         2190    i.HAL_RCC_GetPCLK2Freq  stm32f1xx_hal_rcc.o
    0x08000de8   0x08000de8   0x0000006c   Code   RO         2191    i.HAL_RCC_GetSysClockFreq  stm32f1xx_hal_rcc.o
    0x08000e54   0x08000e54   0x00000304   Code   RO         2194    i.HAL_RCC_OscConfig  stm32f1xx_hal_rcc.o
    0x08001158   0x08001158   0x00000082   Code   RO         1636    i.HAL_SPI_Init      stm32f1xx_hal_spi_ex.o
    0x080011da   0x080011da   0x00000002   PAD
    0x080011dc   0x080011dc   0x0000005c   Code   RO          709    i.HAL_SPI_MspInit   spi.o
    0x08001238   0x08001238   0x000001d8   Code   RO         1333    i.HAL_SPI_TransmitReceive  stm32f1xx_hal_spi.o
    0x08001410   0x08001410   0x00000018   Code   RO         2491    i.HAL_SYSTICK_CLKSourceConfig  stm32f1xx_hal_cortex.o
    0x08001428   0x08001428   0x00000028   Code   RO         2493    i.HAL_SYSTICK_Config  stm32f1xx_hal_cortex.o
    0x08001450   0x08001450   0x00000062   Code   RO         1721    i.HAL_UART_Init     stm32f1xx_hal_uart.o
    0x080014b2   0x080014b2   0x00000002   PAD
    0x080014b4   0x080014b4   0x00000058   Code   RO          751    i.HAL_UART_MspInit  usart.o
    0x0800150c   0x0800150c   0x00000002   Code   RO          794    i.HardFault_Handler  stm32f1xx_it.o
    0x0800150e   0x0800150e   0x00000028   Code   RO          964    i.I2C_IsAcknowledgeFailed  stm32f1xx_hal_i2c.o
    0x08001536   0x08001536   0x00000002   PAD
    0x08001538   0x08001538   0x000000a0   Code   RO          974    i.I2C_RequestMemoryWrite  stm32f1xx_hal_i2c.o
    0x080015d8   0x080015d8   0x0000004e   Code   RO          977    i.I2C_WaitOnBTFFlagUntilTimeout  stm32f1xx_hal_i2c.o
    0x08001626   0x08001626   0x00000060   Code   RO          978    i.I2C_WaitOnFlagUntilTimeout  stm32f1xx_hal_i2c.o
    0x08001686   0x08001686   0x00000002   PAD
    0x08001688   0x08001688   0x00000088   Code   RO          979    i.I2C_WaitOnMasterAddressFlagUntilTimeout  stm32f1xx_hal_i2c.o
    0x08001710   0x08001710   0x0000004e   Code   RO          981    i.I2C_WaitOnTXEFlagUntilTimeout  stm32f1xx_hal_i2c.o
    0x0800175e   0x0800175e   0x00000002   PAD
    0x08001760   0x08001760   0x0000048c   Code   RO          535    i.KeyOpen           freertos.o
    0x08001bec   0x08001bec   0x00000002   Code   RO          305    i.LCD_ShowString    oled.o
    0x08001bee   0x08001bee   0x00000086   Code   RO           16    i.MFRC522_Initializtion  rc522.o
    0x08001c74   0x08001c74   0x000000b0   Code   RO           17    i.MFRC522_Reset     rc522.o
    0x08001d24   0x08001d24   0x0000010c   Code   RO          536    i.MX_FREERTOS_Init  freertos.o
    0x08001e30   0x08001e30   0x00000104   Code   RO          508    i.MX_GPIO_Init      gpio.o
    0x08001f34   0x08001f34   0x00000054   Code   RO          662    i.MX_I2C1_Init      i2c.o
    0x08001f88   0x08001f88   0x00000054   Code   RO          663    i.MX_I2C2_Init      i2c.o
    0x08001fdc   0x08001fdc   0x0000005c   Code   RO          710    i.MX_SPI2_Init      spi.o
    0x08002038   0x08002038   0x0000004c   Code   RO          752    i.MX_USART1_UART_Init  usart.o
    0x08002084   0x08002084   0x00000002   Code   RO          795    i.MemManage_Handler  stm32f1xx_it.o
    0x08002086   0x08002086   0x00000002   Code   RO          796    i.NMI_Handler       stm32f1xx_it.o
    0x08002088   0x08002088   0x00000020   Code   RO         2495    i.NVIC_SetPriority  stm32f1xx_hal_cortex.o
    0x080020a8   0x080020a8   0x00000038   Code   RO          307    i.OLED_Fill         oled.o
    0x080020e0   0x080020e0   0x000000e0   Code   RO          308    i.OLED_Init         oled.o
    0x080021c0   0x080021c0   0x0000005c   Code   RO          309    i.OLED_P6x8Str      oled.o
    0x0800221c   0x0800221c   0x000000d8   Code   RO          310    i.OLED_P6x8data     oled.o
    0x080022f4   0x080022f4   0x00000026   Code   RO          312    i.OLED_Set_Pos      oled.o
    0x0800231a   0x0800231a   0x00000002   PAD
    0x0800231c   0x0800231c   0x00000024   Code   RO          313    i.OLED_WrCmd        oled.o
    0x08002340   0x08002340   0x00000024   Code   RO          314    i.OLED_WrDat        oled.o
    0x08002364   0x08002364   0x0000006a   Code   RO           18    i.PcdAnticoll       rc522.o
    0x080023ce   0x080023ce   0x00000052   Code   RO           19    i.PcdAuthState      rc522.o
    0x08002420   0x08002420   0x0000011c   Code   RO           20    i.PcdComMF522       rc522.o
    0x0800253c   0x0800253c   0x0000004c   Code   RO           22    i.PcdRead           rc522.o
    0x08002588   0x08002588   0x00000052   Code   RO           23    i.PcdRequest        rc522.o
    0x080025da   0x080025da   0x00000064   Code   RO           24    i.PcdSelect         rc522.o
    0x0800263e   0x0800263e   0x00000084   Code   RO           25    i.PcdWrite          rc522.o
    0x080026c2   0x080026c2   0x00000002   PAD
    0x080026c4   0x080026c4   0x0000004c   Code   RO          236    i.RC522_Add_ic_card  rfid_api.o
    0x08002710   0x08002710   0x000000cc   Code   RO          237    i.RC522_Read_Mess   rfid_api.o
    0x080027dc   0x080027dc   0x00000060   Code   RO          238    i.RC522_del_ic_card  rfid_api.o
    0x0800283c   0x0800283c   0x000000c4   Code   RO          239    i.RC522_search      rfid_api.o
    0x08002900   0x08002900   0x00000048   Code   RO           27    i.ReadRawRC         rc522.o
    0x08002948   0x08002948   0x00000020   Code   RO         1348    i.SPI_CheckFlag_BSY  stm32f1xx_hal_spi.o
    0x08002968   0x08002968   0x00000096   Code   RO         1367    i.SPI_WaitFlagStateUntilTimeout  stm32f1xx_hal_spi.o
    0x080029fe   0x080029fe   0x00000002   PAD
    0x08002a00   0x08002a00   0x00000028   Code   RO           28    i.SPI_WriteByte     rc522.o
    0x08002a28   0x08002a28   0x00000018   Code   RO           29    i.SetBitMask        rc522.o
    0x08002a40   0x08002a40   0x0000000c   Code   RO          537    i.StartDefaultTask  freertos.o
    0x08002a4c   0x08002a4c   0x0000006c   Code   RO          538    i.StartTask_Door    freertos.o
    0x08002ab8   0x08002ab8   0x000000a4   Code   RO          539    i.StartTask_Key     freertos.o
    0x08002b5c   0x08002b5c   0x00000078   Code   RO          540    i.StartTask_LCD     freertos.o
    0x08002bd4   0x08002bd4   0x00000034   Code   RO          541    i.StartTask_LED     freertos.o
    0x08002c08   0x08002c08   0x000000a8   Code   RO          542    i.StartTask_RC522   freertos.o
    0x08002cb0   0x08002cb0   0x0000000e   Code   RO          797    i.SysTick_Handler   stm32f1xx_it.o
    0x08002cbe   0x08002cbe   0x00000068   Code   RO          420    i.SystemClock_Config  main.o
    0x08002d26   0x08002d26   0x00000002   PAD
    0x08002d28   0x08002d28   0x00000048   Code   RO         2911    i.SystemInit        system_stm32f1xx.o
    0x08002d70   0x08002d70   0x00000170   Code   RO         1747    i.UART_SetConfig    stm32f1xx_hal_uart.o
    0x08002ee0   0x08002ee0   0x00000002   Code   RO          798    i.UsageFault_Handler  stm32f1xx_it.o
    0x08002ee2   0x08002ee2   0x00000002   PAD
    0x08002ee4   0x08002ee4   0x0000004c   Code   RO           30    i.WriteRawRC        rc522.o
    0x08002f30   0x08002f30   0x00000002   Code   RO          421    i._Error_Handler    main.o
    0x08002f32   0x08002f32   0x00000002   PAD
    0x08002f34   0x08002f34   0x00000028   Code   RO         4192    i.__0sprintf$1      mc_w.l(printf1.o)
    0x08002f5c   0x08002f5c   0x0000000e   Code   RO         4480    i.__scatterload_copy  mc_w.l(handlers.o)
    0x08002f6a   0x08002f6a   0x00000002   Code   RO         4481    i.__scatterload_null  mc_w.l(handlers.o)
    0x08002f6c   0x08002f6c   0x0000000e   Code   RO         4482    i.__scatterload_zeroinit  mc_w.l(handlers.o)
    0x08002f7a   0x08002f7a   0x00000002   PAD
    0x08002f7c   0x08002f7c   0x00000154   Code   RO         4197    i._printf_core      mc_w.l(printf1.o)
    0x080030d0   0x080030d0   0x0000000a   Code   RO         4199    i._sputc            mc_w.l(printf1.o)
    0x080030da   0x080030da   0x00000002   PAD
    0x080030dc   0x080030dc   0x00000050   Code   RO         4406    i.free              mc_w.l(malloc.o)
    0x0800312c   0x0800312c   0x0000000c   Code   RO         3755    i.inHandlerMode     cmsis_os.o
    0x08003138   0x08003138   0x00000140   Code   RO          543    i.keypress          freertos.o
    0x08003278   0x08003278   0x00000048   Code   RO          422    i.main              main.o
    0x080032c0   0x080032c0   0x0000000c   Code   RO         3757    i.makeFreeRtosPriority  cmsis_os.o
    0x080032cc   0x080032cc   0x0000006c   Code   RO         4407    i.malloc            mc_w.l(malloc.o)
    0x08003338   0x08003338   0x00000026   Code   RO          544    i.my_strcmp         freertos.o
    0x0800335e   0x0800335e   0x00000002   PAD
    0x08003360   0x08003360   0x00000054   Code   RO          317    i.oled_show_Str     oled.o
    0x080033b4   0x080033b4   0x0000000e   Code   RO         3759    i.osDelay           cmsis_os.o
    0x080033c2   0x080033c2   0x0000000a   Code   RO         3762    i.osKernelStart     cmsis_os.o
    0x080033cc   0x080033cc   0x0000005c   Code   RO         3766    i.osMailCreate      cmsis_os.o
    0x08003428   0x08003428   0x00000094   Code   RO         3768    i.osMailGet         cmsis_os.o
    0x080034bc   0x080034bc   0x0000005c   Code   RO         3769    i.osMailPut         cmsis_os.o
    0x08003518   0x08003518   0x0000005e   Code   RO         3783    i.osPoolCreate      cmsis_os.o
    0x08003576   0x08003576   0x00000026   Code   RO         3788    i.osSemaphoreCreate  cmsis_os.o
    0x0800359c   0x0800359c   0x00000050   Code   RO         3791    i.osSemaphoreRelease  cmsis_os.o
    0x080035ec   0x080035ec   0x00000068   Code   RO         3792    i.osSemaphoreWait   cmsis_os.o
    0x08003654   0x08003654   0x00000014   Code   RO         3795    i.osSystickHandler  cmsis_os.o
    0x08003668   0x08003668   0x0000002e   Code   RO         3796    i.osThreadCreate    cmsis_os.o
    0x08003696   0x08003696   0x00000002   PAD
    0x08003698   0x08003698   0x00000034   Code   RO         3800    i.osThreadResume    cmsis_os.o
    0x080036cc   0x080036cc   0x0000000a   Code   RO         3803    i.osThreadSuspend   cmsis_os.o
    0x080036d6   0x080036d6   0x00000002   PAD
    0x080036d8   0x080036d8   0x00000024   Code   RO         3807    i.osTimerCreate     cmsis_os.o
    0x080036fc   0x080036fc   0x00000070   Code   RO         3364    i.prvAddCurrentTaskToDelayedList  tasks.o
    0x0800376c   0x0800376c   0x000000d0   Code   RO         3365    i.prvAddNewTaskToReadyList  tasks.o
    0x0800383c   0x0800383c   0x00000050   Code   RO         3650    i.prvCheckForValidListAndQueue  timers.o
    0x0800388c   0x0800388c   0x00000050   Code   RO         3366    i.prvCheckTasksWaitingTermination  tasks.o
    0x080038dc   0x080038dc   0x00000026   Code   RO         3218    i.prvCopyDataFromQueue  queue.o
    0x08003902   0x08003902   0x0000006c   Code   RO         3219    i.prvCopyDataToQueue  queue.o
    0x0800396e   0x0800396e   0x00000014   Code   RO         3367    i.prvDeleteTCB      tasks.o
    0x08003982   0x08003982   0x00000002   PAD
    0x08003984   0x08003984   0x00000048   Code   RO         2945    i.prvHeapInit       heap_4.o
    0x080039cc   0x080039cc   0x00000028   Code   RO         3368    i.prvIdleTask       tasks.o
    0x080039f4   0x080039f4   0x0000008e   Code   RO         3369    i.prvInitialiseNewTask  tasks.o
    0x08003a82   0x08003a82   0x00000002   PAD
    0x08003a84   0x08003a84   0x0000004c   Code   RO         2946    i.prvInsertBlockIntoFreeList  heap_4.o
    0x08003ad0   0x08003ad0   0x00000038   Code   RO         3651    i.prvInsertTimerInActiveList  timers.o
    0x08003b08   0x08003b08   0x0000001c   Code   RO         3220    i.prvIsQueueEmpty   queue.o
    0x08003b24   0x08003b24   0x000000b8   Code   RO         3652    i.prvProcessReceivedCommands  timers.o
    0x08003bdc   0x08003bdc   0x000000b4   Code   RO         3653    i.prvProcessTimerOrBlockTask  timers.o
    0x08003c90   0x08003c90   0x00000020   Code   RO         3370    i.prvResetNextTaskUnblockTime  tasks.o
    0x08003cb0   0x08003cb0   0x00000028   Code   RO         3654    i.prvSampleTimeNow  timers.o
    0x08003cd8   0x08003cd8   0x0000006c   Code   RO         3655    i.prvSwitchTimerLists  timers.o
    0x08003d44   0x08003d44   0x00000028   Code   RO         3016    i.prvTaskExitError  port.o
    0x08003d6c   0x08003d6c   0x00000034   Code   RO         3371    i.prvTaskIsTaskSuspended  tasks.o
    0x08003da0   0x08003da0   0x00000024   Code   RO         3656    i.prvTimerTask      timers.o
    0x08003dc4   0x08003dc4   0x0000006a   Code   RO         3221    i.prvUnlockQueue    queue.o
    0x08003e2e   0x08003e2e   0x00000002   PAD
    0x08003e30   0x08003e30   0x000000d8   Code   RO         2947    i.pvPortMalloc      heap_4.o
    0x08003f08   0x08003f08   0x00000018   Code   RO         3372    i.pvTaskIncrementMutexHeldCount  tasks.o
    0x08003f20   0x08003f20   0x00000024   Code   RO         3017    i.pxPortInitialiseStack  port.o
    0x08003f44   0x08003f44   0x00000028   Code   RO          240    i.read_message      rfid_api.o
    0x08003f6c   0x08003f6c   0x00000024   Code   RO         3181    i.uxListRemove      list.o
    0x08003f90   0x08003f90   0x00000016   Code   RO         3182    i.vListInitialise   list.o
    0x08003fa6   0x08003fa6   0x00000006   Code   RO         3183    i.vListInitialiseItem  list.o
    0x08003fac   0x08003fac   0x00000030   Code   RO         3184    i.vListInsert       list.o
    0x08003fdc   0x08003fdc   0x00000018   Code   RO         3185    i.vListInsertEnd    list.o
    0x08003ff4   0x08003ff4   0x00000040   Code   RO         3019    i.vPortEnterCritical  port.o
    0x08004034   0x08004034   0x00000028   Code   RO         3020    i.vPortExitCritical  port.o
    0x0800405c   0x0800405c   0x0000005c   Code   RO         2948    i.vPortFree         heap_4.o
    0x080040b8   0x080040b8   0x00000020   Code   RO         3021    i.vPortSetupTimerInterrupt  port.o
    0x080040d8   0x080040d8   0x00000054   Code   RO         3022    i.vPortValidateInterruptPriority  port.o
    0x0800412c   0x0800412c   0x00000028   Code   RO         3225    i.vQueueAddToRegistry  queue.o
    0x08004154   0x08004154   0x00000044   Code   RO         3228    i.vQueueWaitForMessageRestricted  queue.o
    0x08004198   0x08004198   0x0000004c   Code   RO         3378    i.vTaskDelay        tasks.o
    0x080041e4   0x080041e4   0x0000000c   Code   RO         3381    i.vTaskMissedYield  tasks.o
    0x080041f0   0x080041f0   0x00000030   Code   RO         3383    i.vTaskPlaceOnEventList  tasks.o
    0x08004220   0x08004220   0x00000038   Code   RO         3384    i.vTaskPlaceOnEventListRestricted  tasks.o
    0x08004258   0x08004258   0x00000084   Code   RO         3386    i.vTaskPriorityInherit  tasks.o
    0x080042dc   0x080042dc   0x0000007c   Code   RO         3388    i.vTaskResume       tasks.o
    0x08004358   0x08004358   0x00000024   Code   RO         3389    i.vTaskSetTimeOutState  tasks.o
    0x0800437c   0x0800437c   0x00000070   Code   RO         3390    i.vTaskStartScheduler  tasks.o
    0x080043ec   0x080043ec   0x000000b0   Code   RO         3391    i.vTaskSuspend      tasks.o
    0x0800449c   0x0800449c   0x00000010   Code   RO         3392    i.vTaskSuspendAll   tasks.o
    0x080044ac   0x080044ac   0x0000005c   Code   RO         3393    i.vTaskSwitchContext  tasks.o
    0x08004508   0x08004508   0x00000074   Code   RO         3023    i.xPortStartScheduler  port.o
    0x0800457c   0x0800457c   0x0000002c   Code   RO         3024    i.xPortSysTickHandler  port.o
    0x080045a8   0x080045a8   0x00000048   Code   RO         3230    i.xQueueGenericCreate  queue.o
    0x080045f0   0x080045f0   0x0000016c   Code   RO         3231    i.xQueueGenericReceive  queue.o
    0x0800475c   0x0800475c   0x00000088   Code   RO         3232    i.xQueueGenericReset  queue.o
    0x080047e4   0x080047e4   0x00000160   Code   RO         3233    i.xQueueGenericSend  queue.o
    0x08004944   0x08004944   0x000000bc   Code   RO         3234    i.xQueueGenericSendFromISR  queue.o
    0x08004a00   0x08004a00   0x0000009c   Code   RO         3235    i.xQueueGiveFromISR  queue.o
    0x08004a9c   0x08004a9c   0x0000009a   Code   RO         3239    i.xQueueReceiveFromISR  queue.o
    0x08004b36   0x08004b36   0x00000002   PAD
    0x08004b38   0x08004b38   0x0000006c   Code   RO         3394    i.xTaskCheckForTimeOut  tasks.o
    0x08004ba4   0x08004ba4   0x00000056   Code   RO         3395    i.xTaskCreate       tasks.o
    0x08004bfa   0x08004bfa   0x00000002   PAD
    0x08004bfc   0x08004bfc   0x0000001c   Code   RO         3399    i.xTaskGetSchedulerState  tasks.o
    0x08004c18   0x08004c18   0x0000000c   Code   RO         3400    i.xTaskGetTickCount  tasks.o
    0x08004c24   0x08004c24   0x000000c8   Code   RO         3402    i.xTaskIncrementTick  tasks.o
    0x08004cec   0x08004cec   0x00000098   Code   RO         3405    i.xTaskPriorityDisinherit  tasks.o
    0x08004d84   0x08004d84   0x00000074   Code   RO         3406    i.xTaskRemoveFromEventList  tasks.o
    0x08004df8   0x08004df8   0x000000c4   Code   RO         3408    i.xTaskResumeAll    tasks.o
    0x08004ebc   0x08004ebc   0x00000088   Code   RO         3409    i.xTaskResumeFromISR  tasks.o
    0x08004f44   0x08004f44   0x0000004e   Code   RO         3659    i.xTimerCreate      timers.o
    0x08004f92   0x08004f92   0x00000002   PAD
    0x08004f94   0x08004f94   0x00000048   Code   RO         3660    i.xTimerCreateTimerTask  timers.o
    0x08004fdc   0x08004fdc   0x00000060   Code   RO         3661    i.xTimerGenericCommand  timers.o
    0x0800503c   0x0800503c   0x00000bde   Data   RO          318    .constdata          oled.o
    0x08005c1a   0x08005c1a   0x00000002   PAD
    0x08005c1c   0x08005c1c   0x000000a0   Data   RO          545    .constdata          freertos.o
    0x08005cbc   0x08005cbc   0x00000010   Data   RO         2912    .constdata          system_stm32f1xx.o
    0x08005ccc   0x08005ccc   0x00000008   Data   RO         2913    .constdata          system_stm32f1xx.o
    0x08005cd4   0x08005cd4   0x00000040   Data   RO          546    .conststring        freertos.o
    0x08005d14   0x08005d14   0x00000020   Data   RO         4478    Region$$Table       anon$$obj.o


    Execution Region RW_IRAM1 (Exec base: 0x20000000, Load base: 0x08005d34, Size: 0x00004478, Max: 0x00005000, ABSOLUTE)

    Exec Addr    Load Addr    Size         Type   Attr      Idx    E Section Name        Object

    0x20000000   0x08005d34   0x00000002   Data   RW           31    .data               rc522.o
    0x20000002   0x08005d36   0x00000002   PAD
    0x20000004   0x08005d38   0x0000001e   Data   RW          245    .data               rfid_api.o
    0x20000022   0x08005d56   0x00000002   PAD
    0x20000024   0x08005d58   0x00000077   Data   RW          547    .data               freertos.o
    0x2000009b   0x08005dcf   0x00000001   PAD
    0x2000009c   0x08005dd0   0x0000000c   Data   RW         2045    .data               stm32f1xx_hal.o
    0x200000a8   0x08005ddc   0x00000004   Data   RW         2914    .data               system_stm32f1xx.o
    0x200000ac   0x08005de0   0x00000018   Data   RW         2953    .data               heap_4.o
    0x200000c4   0x08005df8   0x0000000c   Data   RW         3025    .data               port.o
    0x200000d0   0x08005e04   0x0000003c   Data   RW         3411    .data               tasks.o
    0x2000010c   0x08005e40   0x00000014   Data   RW         3667    .data               timers.o
    0x20000120   0x08005e54   0x00000004   Data   RW         4455    .data               mc_w.l(mvars.o)
    0x20000124   0x08005e58   0x00000004   Data   RW         4456    .data               mc_w.l(mvars.o)
    0x20000128        -       0x00000020   Zero   RW          241    .bss                rfid_api.o
    0x20000148        -       0x000000a8   Zero   RW          664    .bss                i2c.o
    0x200001f0        -       0x00000058   Zero   RW          711    .bss                spi.o
    0x20000248        -       0x00000040   Zero   RW          753    .bss                usart.o
    0x20000288        -       0x00003a98   Zero   RW         2952    .bss                heap_4.o
    0x20003d20        -       0x00000040   Zero   RW         3240    .bss                queue.o
    0x20003d60        -       0x000000f0   Zero   RW         3410    .bss                tasks.o
    0x20003e50        -       0x00000028   Zero   RW         3666    .bss                timers.o
    0x20003e78        -       0x00000400   Zero   RW            2    HEAP                startup_stm32f103xb.o
    0x20004278        -       0x00000200   Zero   RW            1    STACK               startup_stm32f103xb.o


==============================================================================

Image component sizes


      Code (inc. data)   RO Data    RW Data    ZI Data      Debug   Object Name

       860         32          0          0          0      22972   cmsis_os.o
         0          0          0          0          0       8104   event_groups.o
      2660        608        224        119          0      14296   freertos.o
       260         18          0          0          0        979   gpio.o
       456         22          0         24      15000      14267   heap_4.o
       412        102          0          0        168       2750   i2c.o
       136          0          0          0          0       3418   list.o
       178         10          0          0          0      19293   main.o
       838         40       3038          0          0       7398   oled.o
       606         72          0         12          0      11077   port.o
      1810         20          0          0         64      16652   queue.o
      1552         38          0          2          0     430230   rc522.o
       612         66          0         30         32       4434   rfid_api.o
       184         38          0          0         88       1613   spi.o
        36          8        236          0       1536        808   startup_stm32f103xb.o
       164         28          0         12          0       3869   stm32f1xx_hal.o
       196         14          0          0          0      25732   stm32f1xx_hal_cortex.o
       682         60          0          0          0       3862   stm32f1xx_hal_gpio.o
      1274         32          0          0          0       9740   stm32f1xx_hal_i2c.o
       144         10          0          0          0        918   stm32f1xx_hal_msp.o
      1296        104          0          0          0       5668   stm32f1xx_hal_rcc.o
       654          0          0          0          0       3630   stm32f1xx_hal_spi.o
       130          0          0          0          0       1071   stm32f1xx_hal_spi_ex.o
       466          4          0          0          0       1916   stm32f1xx_hal_uart.o
        26          0          0          0          0       3023   stm32f1xx_it.o
        72         16         24          4          0       1175   system_stm32f1xx.o
      2624        220          0         60        240      26813   tasks.o
       930         78          0         20         40      10746   timers.o
       164         36          0          0         64       1638   usart.o

    ----------------------------------------------------------------------
     19472       1676       3556        288      17232     658092   Object Totals
         0          0         32          0          0          0   (incl. Generated)
        50          0          2          5          0          0   (incl. Padding)

    ----------------------------------------------------------------------

      Code (inc. data)   RO Data    RW Data    ZI Data      Debug   Library Member Name

         0          0          0          0          0          0   entry.o
         0          0          0          0          0          0   entry10a.o
         0          0          0          0          0          0   entry11a.o
         8          4          0          0          0          0   entry2.o
         4          0          0          0          0          0   entry5.o
         0          0          0          0          0          0   entry7b.o
         0          0          0          0          0          0   entry8b.o
         8          4          0          0          0          0   entry9a.o
        30          0          0          0          0          0   handlers.o
        36          8          0          0          0         68   init.o
       188         20          0          0          0        160   malloc.o
        36          0          0          0          0         68   memcpya.o
        36          0          0          0          0        108   memseta.o
         0          0          0          8          0          0   mvars.o
       390         10          0          0          0        252   printf1.o
        28          0          0          0          0         76   strcmp.o
        18          0          0          0          0         68   strcpy.o
        44          0          0          0          0         80   uidiv.o

    ----------------------------------------------------------------------
       832         46          0          8          0        880   Library Totals
         6          0          0          0          0          0   (incl. Padding)

    ----------------------------------------------------------------------

      Code (inc. data)   RO Data    RW Data    ZI Data      Debug   Library Name

       826         46          0          8          0        880   mc_w.l

    ----------------------------------------------------------------------
       832         46          0          8          0        880   Library Totals

    ----------------------------------------------------------------------

==============================================================================


      Code (inc. data)   RO Data    RW Data    ZI Data      Debug   

     20304       1722       3556        296      17232     649348   Grand Totals
     20304       1722       3556        296      17232     649348   ELF Image Totals
     20304       1722       3556        296          0          0   ROM Totals

==============================================================================

    Total RO  Size (Code + RO Data)                23860 (  23.30kB)
    Total RW  Size (RW Data + ZI Data)             17528 (  17.12kB)
    Total ROM Size (Code + RO Data + RW Data)      24156 (  23.59kB)

==============================================================================

